Archive member included to satisfy reference by file (symbol)

.\CortexM3\ARM_GCC_541\Debug\Lab6_v3.a(PWM_1.o)
                              .\CortexM3\ARM_GCC_541\Debug\main.o (PWM_1_Start)
.\CortexM3\ARM_GCC_541\Debug\Lab6_v3.a(QuadDec_1.o)
                              .\CortexM3\ARM_GCC_541\Debug\main.o (QuadDec_1_GetCounter)
.\CortexM3\ARM_GCC_541\Debug\Lab6_v3.a(isr_1.o)
                              .\CortexM3\ARM_GCC_541\Debug\main.o (isr_1_StartEx)
.\CortexM3\ARM_GCC_541\Debug\Lab6_v3.a(Counter_1.o)
                              .\CortexM3\ARM_GCC_541\Debug\main.o (Counter_1_Start)
.\CortexM3\ARM_GCC_541\Debug\Lab6_v3.a(isr_2.o)
                              .\CortexM3\ARM_GCC_541\Debug\main.o (isr_2_StartEx)
.\CortexM3\ARM_GCC_541\Debug\Lab6_v3.a(VDAC8_1.o)
                              .\CortexM3\ARM_GCC_541\Debug\main.o (VDAC8_1_SetValue)
.\CortexM3\ARM_GCC_541\Debug\Lab6_v3.a(LCD_Char_1.o)
                              .\CortexM3\ARM_GCC_541\Debug\main.o (LCD_Char_1_PrintString)
.\CortexM3\ARM_GCC_541\Debug\Lab6_v3.a(QuadDec_1_Cnt16.o)
                              .\CortexM3\ARM_GCC_541\Debug\Lab6_v3.a(QuadDec_1.o) (QuadDec_1_Cnt16_Stop)
.\CortexM3\ARM_GCC_541\Debug\Lab6_v3.a(CyLib.o)
                              .\CortexM3\ARM_GCC_541\Debug\Cm3Start.o (CyHalt)
.\CortexM3\ARM_GCC_541\Debug\Lab6_v3.a(cyPm.o)
                              .\CortexM3\ARM_GCC_541\Debug\Lab6_v3.a(CyLib.o) (CyPmReadStatus)
.\CortexM3\ARM_GCC_541\Debug\Lab6_v3.a(ADC_SAR_1.o)
                              .\CortexM3\ARM_GCC_541\Debug\main.o (ADC_SAR_1_Start)
.\CortexM3\ARM_GCC_541\Debug\Lab6_v3.a(ADC_SAR_1_INT.o)
                              .\CortexM3\ARM_GCC_541\Debug\Lab6_v3.a(ADC_SAR_1.o) (ADC_SAR_1_ISR)
.\CortexM3\ARM_GCC_541\Debug\Lab6_v3.a(PGA_1.o)
                              .\CortexM3\ARM_GCC_541\Debug\main.o (PGA_1_Start)
.\CortexM3\ARM_GCC_541\Debug\Lab6_v3.a(ADC_SAR_2.o)
                              .\CortexM3\ARM_GCC_541\Debug\main.o (ADC_SAR_2_Start)
.\CortexM3\ARM_GCC_541\Debug\Lab6_v3.a(ADC_SAR_2_INT.o)
                              .\CortexM3\ARM_GCC_541\Debug\Lab6_v3.a(ADC_SAR_2.o) (ADC_SAR_2_ISR)
.\CortexM3\ARM_GCC_541\Debug\Lab6_v3.a(ADC_SAR_1_theACLK.o)
                              .\CortexM3\ARM_GCC_541\Debug\Lab6_v3.a(ADC_SAR_1.o) (ADC_SAR_1_theACLK_SetModeRegister)
.\CortexM3\ARM_GCC_541\Debug\Lab6_v3.a(ADC_SAR_2_theACLK.o)
                              .\CortexM3\ARM_GCC_541\Debug\Lab6_v3.a(ADC_SAR_2.o) (ADC_SAR_2_theACLK_SetModeRegister)
.\CortexM3\ARM_GCC_541\Debug\Lab6_v3.a(VDAC8_2.o)
                              .\CortexM3\ARM_GCC_541\Debug\main.o (VDAC8_2_SetValue)
.\CortexM3\ARM_GCC_541\Debug\Lab6_v3.a(Comp_1.o)
                              .\CortexM3\ARM_GCC_541\Debug\main.o (Comp_1_Start)
.\CortexM3\ARM_GCC_541\Debug\Lab6_v3.a(isr_4.o)
                              .\CortexM3\ARM_GCC_541\Debug\main.o (isr_4_StartEx)
.\CortexM3\ARM_GCC_541\Debug\Lab6_v3.a(CyBootAsmGnu.o)
                              .\CortexM3\ARM_GCC_541\Debug\cyfitter_cfg.o (CyDelayCycles)
.\CortexM3\ARM_GCC_541\Debug\Lab6_v3.a(CyFlash.o)
                              .\CortexM3\ARM_GCC_541\Debug\Lab6_v3.a(cyPm.o) (CyFlash_SetWaitCycles)
.\CortexM3\ARM_GCC_541\Debug\Lab6_v3.a(CySpc.o)
                              .\CortexM3\ARM_GCC_541\Debug\Lab6_v3.a(CyFlash.o) (CySpcStart)
c:/program files (x86)/cypress/psoc creator/4.1/psoc creator/import/gnu/arm/5.4.1/bin/../lib/gcc/arm-none-eabi/5.4.1/armv7-m\libgcc.a(_arm_addsubdf3.o)
                              .\CortexM3\ARM_GCC_541\Debug\main.o (__aeabi_dsub)
c:/program files (x86)/cypress/psoc creator/4.1/psoc creator/import/gnu/arm/5.4.1/bin/../lib/gcc/arm-none-eabi/5.4.1/armv7-m\libgcc.a(_arm_muldivdf3.o)
                              .\CortexM3\ARM_GCC_541\Debug\main.o (__aeabi_dmul)
c:/program files (x86)/cypress/psoc creator/4.1/psoc creator/import/gnu/arm/5.4.1/bin/../lib/gcc/arm-none-eabi/5.4.1/armv7-m\libgcc.a(_arm_fixunsdfsi.o)
                              .\CortexM3\ARM_GCC_541\Debug\main.o (__aeabi_d2uiz)
c:/program files (x86)/cypress/psoc creator/4.1/psoc creator/import/gnu/arm/5.4.1/bin/../lib/gcc/arm-none-eabi/5.4.1/armv7-m\libgcc.a(_arm_truncdfsf2.o)
                              .\CortexM3\ARM_GCC_541\Debug\main.o (__aeabi_d2f)
c:/program files (x86)/cypress/psoc creator/4.1/psoc creator/import/gnu/arm/5.4.1/bin/../lib/gcc/arm-none-eabi/5.4.1/armv7-m\libgcc.a(_arm_addsubsf3.o)
                              .\CortexM3\ARM_GCC_541\Debug\Lab6_v3.a(ADC_SAR_1.o) (__aeabi_i2f)
c:/program files (x86)/cypress/psoc creator/4.1/psoc creator/import/gnu/arm/5.4.1/bin/../lib/gcc/arm-none-eabi/5.4.1/armv7-m\libgcc.a(_arm_muldivsf3.o)
                              .\CortexM3\ARM_GCC_541\Debug\Lab6_v3.a(ADC_SAR_1.o) (__aeabi_fmul)
c:/program files (x86)/cypress/psoc creator/4.1/psoc creator/import/gnu/arm/5.4.1/bin/../lib/gcc/arm-none-eabi/5.4.1/armv7-m\libgcc.a(_arm_fixunssfsi.o)
[...]
Memory Configuration

Name             Origin             Length             Attributes
rom              0x00000000         0x00040000         xr
ram              0x1fff8000         0x00010000         xrw
*default*        0x00000000         0xffffffff

Linker script and memory map

LOAD c:/program files (x86)/cypress/psoc creator/4.1/psoc creator/import/gnu/arm/5.4.1/bin/../lib/gcc/arm-none-eabi/5.4.1/armv7-m/crti.o
LOAD c:/program files (x86)/cypress/psoc creator/4.1/psoc creator/import/gnu/arm/5.4.1/bin/../lib/gcc/arm-none-eabi/5.4.1/armv7-m/crtbegin.o
LOAD c:/program files (x86)/cypress/psoc creator/4.1/psoc creator/import/gnu/arm/5.4.1/bin/../lib/gcc/arm-none-eabi/5.4.1/../../../../arm-none-eabi/lib/armv7-m/crt0.o
START GROUP
LOAD .\CortexM3\ARM_GCC_541\Debug\main.o
LOAD .\CortexM3\ARM_GCC_541\Debug\cyfitter_cfg.o
LOAD .\CortexM3\ARM_GCC_541\Debug\cymetadata.o
LOAD .\CortexM3\ARM_GCC_541\Debug\Cm3Start.o
LOAD .\CortexM3\ARM_GCC_541\Debug\Lab6_v3.a
LOAD C:\Program Files (x86)\Cypress\PSoC Creator\4.1\PSoC Creator\psoc\content\cycomponentlibrary\CyComponentLibrary.cylib\CortexM3\ARM_GCC_541\Debug\CyComponentLibrary.a
END GROUP
START GROUP
LOAD c:/program files (x86)/cypress/psoc creator/4.1/psoc creator/import/gnu/arm/5.4.1/bin/../lib/gcc/arm-none-eabi/5.4.1/armv7-m\libgcc.a
LOAD c:/program files (x86)/cypress/psoc creator/4.1/psoc creator/import/gnu/arm/5.4.1/bin/../lib/gcc/arm-none-eabi/5.4.1/../../../../arm-none-eabi/lib/armv7-m\libg_nano.a
LOAD c:/program files (x86)/cypress/psoc creator/4.1/psoc creator/import/gnu/arm/5.4.1/bin/../lib/gcc/arm-none-eabi/5.4.1/../../../../arm-none-eabi/lib/armv7-m\libc_nano.a
END GROUP
START GROUP
LOAD c:/program files (x86)/cypress/psoc creator/4.1/psoc creator/import/gnu/arm/5.4.1/bin/../lib/gcc/arm-none-eabi/5.4.1/armv7-m\libgcc.a
LOAD c:/program files (x86)/cypress/psoc creator/4.1/psoc creator/import/gnu/arm/5.4.1/bin/../lib/gcc/arm-none-eabi/5.4.1/../../../../arm-none-eabi/lib/armv7-m\libc_nano.a
END GROUP
LOAD c:/program files (x86)/cypress/psoc creator/4.1/psoc creator/import/gnu/arm/5.4.1/bin/../lib/gcc/arm-none-eabi/5.4.1/armv7-m/crtend.o
LOAD c:/program files (x86)/cypress/psoc creator/4.1/psoc creator/import/gnu/arm/5.4.1/bin/../lib/gcc/arm-none-eabi/5.4.1/armv7-m/crtn.o
START GROUP
LOAD c:/program files (x86)/cypress/psoc creator/4.1/psoc creator/import/gnu/arm/5.4.1/bin/../lib/gcc/arm-none-eabi/5.4.1/armv7-m\libgcc.a
LOAD c:/program files (x86)/cypress/psoc creator/4.1/psoc creator/import/gnu/arm/5.4.1/bin/../lib/gcc/arm-none-eabi/5.4.1/../../../../arm-none-eabi/lib/armv7-m\libc.a
LOAD c:/program files (x86)/cypress/psoc creator/4.1/psoc creator/import/gnu/arm/5.4.1/bin/../lib/gcc/arm-none-eabi/5.4.1/../../../../arm-none-eabi/lib/armv7-m\libnosys.a
END GROUP
                0x00000000                CY_APPL_ORIGIN = 0x0
                0x00000100                CY_FLASH_ROW_SIZE = 0x100
                0x00000020                CY_ECC_ROW_SIZE = 0x20
                0x00000000                CY_EE_IN_BTLDR = 0x0
                0x00000000                CY_APPL_LOADABLE = 0x0
                0x00000800                CY_EE_SIZE = 0x800
                0x00000001                CY_APPL_NUM = 0x1
                0x00000001                CY_APPL_MAX = 0x1
                0x00000040                CY_METADATA_SIZE = 0x40
                0x00000000                CY_APPL_LOADABLE = 0x0
                0x00000000                CY_CHECKSUM_EXCLUDE_SIZE = ALIGN (0x0, CY_FLASH_ROW_SIZE)
                [!provide]                PROVIDE (__cy_heap_start, _end)
                0x00000001                PROVIDE (__cy_region_num, ((__cy_regions_end - __cy_regions) / 0x10))
                0x20008000                PROVIDE (__cy_stack, (ORIGIN (ram) + LENGTH (ram)))
                [!provide]                PROVIDE (__cy_heap_end, (__cy_stack - 0x800))

.cybootloader   0x00000000        0x0
 *(.cybootloader)
                0x00000000                appl1_start = CY_APPL_ORIGIN?CY_APPL_ORIGIN:ALIGN (CY_FLASH_ROW_SIZE)
                0x0001ff00                appl2_start = (appl1_start + ALIGN ((((LENGTH (rom) - appl1_start) - (0x2 * CY_FLASH_ROW_SIZE)) / 0x2), CY_FLASH_ROW_SIZE))
                0x00000000                appl_start = (CY_APPL_NUM == 0x1)?appl1_start:appl2_start
                0x00000000                ecc_offset = ((appl_start / CY_FLASH_ROW_SIZE) * CY_ECC_ROW_SIZE)
                0x00000000                ee_offset = (CY_APPL_LOADABLE && ! (CY_EE_IN_BTLDR))?((CY_EE_SIZE / CY_APPL_MAX) * (CY_APPL_NUM - 0x1)):0x0
                0x00000800                ee_size = (CY_APPL_LOADABLE && ! (CY_EE_IN_BTLDR))?(CY_EE_SIZE / CY_APPL_MAX):CY_EE_SIZE
                [!provide]                PROVIDE (CY_ECC_OFFSET, ecc_offset)

.text           0x00000000     0x220a
 CREATE_OBJECT_SYMBOLS
                0x00000000                PROVIDE (__cy_interrupt_vector, RomVectors)
 *(.romvectors)
 .romvectors    0x00000000       0x10 .\CortexM3\ARM_GCC_541\Debug\Cm3Start.o
                0x00000000                RomVectors
                0x00000001                ASSERT ((. != __cy_interrupt_vector), No interrupt vector)
                0x00000001                ASSERT (CY_APPL_ORIGIN?(SIZEOF (.cybootloader) <= CY_APPL_ORIGIN):0x1, Wrong image location)
                0x00000010                PROVIDE (__cy_reset, Reset)
 *(.text.Reset)
 .text.Reset    0x00000010       0x18 .\CortexM3\ARM_GCC_541\Debug\Cm3Start.o
                0x00000010                Reset
                0x00000001                ASSERT ((. != __cy_reset), No reset code)
 *(.dma_init)
                0x00000001                ASSERT ((((appl_start + .) <= 0x10000) || 0x1), DMA Init must be within the first 64k of flash)
 *(.text .text.* .gnu.linkonce.t.*)
 .text          0x00000028       0x5c c:/program files (x86)/cypress/psoc creator/4.1/psoc creator/import/gnu/arm/5.4.1/bin/../lib/gcc/arm-none-eabi/5.4.1/armv7-m/crtbegin.o
 *fill*         0x00000084        0x4 
 .text.CMP      0x00000088       0xb4 .\CortexM3\ARM_GCC_541\Debug\main.o
                0x00000088                CMP
 .text.Count    0x0000013c       0x10 .\CortexM3\ARM_GCC_541\Debug\main.o
                0x0000013c                Count
 *fill*         0x0000014c        0x4 
 .text.Encoder  0x00000150       0x8c .\CortexM3\ARM_GCC_541\Debug\main.o
                0x00000150                Encoder
 *fill*         0x000001dc        0x4 
 .text.main     0x000001e0      0x164 .\CortexM3\ARM_GCC_541\Debug\main.o
                0x000001e0                main
 .text.CyClockStartupError
                0x00000344        0x4 .\CortexM3\ARM_GCC_541\Debug\cyfitter_cfg.o
 .text.cfg_write_bytes32
                0x00000348       0x34 .\CortexM3\ARM_GCC_541\Debug\cyfitter_cfg.o
 .text.CYMEMZERO
                0x0000037c        0xc .\CortexM3\ARM_GCC_541\Debug\cyfitter_cfg.o
 .text.AnalogSetDefault
                0x00000388       0xc0 .\CortexM3\ARM_GCC_541\Debug\cyfitter_cfg.o
 .text.CYCONFIGCPY
                0x00000448        0x8 .\CortexM3\ARM_GCC_541\Debug\cyfitter_cfg.o
 .text.ClockSetup
                0x00000450      0x128 .\CortexM3\ARM_GCC_541\Debug\cyfitter_cfg.o
 .text.cyfitter_cfg
                0x00000578      0x144 .\CortexM3\ARM_GCC_541\Debug\cyfitter_cfg.o
                0x00000578                cyfitter_cfg
 .text.IntDefaultHandler
                0x000006bc       0x10 .\CortexM3\ARM_GCC_541\Debug\Cm3Start.o
                0x000006bc                IntDefaultHandler
 .text.Start_c  0x000006cc       0x4c .\CortexM3\ARM_GCC_541\Debug\Cm3Start.o
                0x000006cc                Start_c
 .text.initialize_psoc
                0x00000718       0x68 .\CortexM3\ARM_GCC_541\Debug\Cm3Start.o
                0x00000718                initialize_psoc
 .text.PWM_1_Enable
                0x00000780       0x10 .\CortexM3\ARM_GCC_541\Debug\Lab6_v3.a(PWM_1.o)
                0x00000780                PWM_1_Enable
 .text.PWM_1_WriteCounter
                0x00000790        0xc .\CortexM3\ARM_GCC_541\Debug\Lab6_v3.a(PWM_1.o)
                0x00000790                PWM_1_WriteCounter
 .text.PWM_1_WritePeriod
                0x0000079c        0xc .\CortexM3\ARM_GCC_541\Debug\Lab6_v3.a(PWM_1.o)
                0x0000079c                PWM_1_WritePeriod
 .text.PWM_1_WriteCompare
                0x000007a8        0xc .\CortexM3\ARM_GCC_541\Debug\Lab6_v3.a(PWM_1.o)
                0x000007a8                PWM_1_WriteCompare
 .text.PWM_1_SetInterruptMode
                0x000007b4        0xc .\CortexM3\ARM_GCC_541\Debug\Lab6_v3.a(PWM_1.o)
                0x000007b4                PWM_1_SetInterruptMode
 .text.PWM_1_ReadStatusRegister
                0x000007c0        0xc .\CortexM3\ARM_GCC_541\Debug\Lab6_v3.a(PWM_1.o)
                0x000007c0                PWM_1_ReadStatusRegister
 .text.PWM_1_ReadCapture
                0x000007cc        0xc .\CortexM3\ARM_GCC_541\Debug\Lab6_v3.a(PWM_1.o)
                0x000007cc                PWM_1_ReadCapture
 .text.PWM_1_ClearFIFO
                0x000007d8       0x14 .\CortexM3\ARM_GCC_541\Debug\Lab6_v3.a(PWM_1.o)
                0x000007d8                PWM_1_ClearFIFO
 .text.PWM_1_Init
                0x000007ec       0x50 .\CortexM3\ARM_GCC_541\Debug\Lab6_v3.a(PWM_1.o)
                0x000007ec                PWM_1_Init
 .text.PWM_1_Start
                0x0000083c       0x1c .\CortexM3\ARM_GCC_541\Debug\Lab6_v3.a(PWM_1.o)
                0x0000083c                PWM_1_Start
 .text.QuadDec_1_GetCounter
                0x00000858       0x10 .\CortexM3\ARM_GCC_541\Debug\Lab6_v3.a(QuadDec_1.o)
                0x00000858                QuadDec_1_GetCounter
 .text.QuadDec_1_GetEvents
                0x00000868       0x10 .\CortexM3\ARM_GCC_541\Debug\Lab6_v3.a(QuadDec_1.o)
                0x00000868                QuadDec_1_GetEvents
 .text.QuadDec_1_SetInterruptMask
                0x00000878        0xc .\CortexM3\ARM_GCC_541\Debug\Lab6_v3.a(QuadDec_1.o)
                0x00000878                QuadDec_1_SetInterruptMask
 .text.QuadDec_1_Enable
                0x00000884       0x24 .\CortexM3\ARM_GCC_541\Debug\Lab6_v3.a(QuadDec_1.o)
                0x00000884                QuadDec_1_Enable
 .text.QuadDec_1_Start
                0x000008a8       0x24 .\CortexM3\ARM_GCC_541\Debug\Lab6_v3.a(QuadDec_1.o)
                0x000008a8                QuadDec_1_Start
 .text.isr_1_SetVector
                0x000008cc        0xc .\CortexM3\ARM_GCC_541\Debug\Lab6_v3.a(isr_1.o)
                0x000008cc                isr_1_SetVector
 .text.isr_1_SetPriority
                0x000008d8       0x10 .\CortexM3\ARM_GCC_541\Debug\Lab6_v3.a(isr_1.o)
                0x000008d8                isr_1_SetPriority
 .text.isr_1_Enable
                0x000008e8        0xc .\CortexM3\ARM_GCC_541\Debug\Lab6_v3.a(isr_1.o)
                0x000008e8                isr_1_Enable
 .text.isr_1_Disable
                0x000008f4        0xc .\CortexM3\ARM_GCC_541\Debug\Lab6_v3.a(isr_1.o)
                0x000008f4                isr_1_Disable
 .text.isr_1_StartEx
                0x00000900       0x1c .\CortexM3\ARM_GCC_541\Debug\Lab6_v3.a(isr_1.o)
                0x00000900                isr_1_StartEx
 .text.Counter_1_Enable
                0x0000091c       0x10 .\CortexM3\ARM_GCC_541\Debug\Lab6_v3.a(Counter_1.o)
                0x0000091c                Counter_1_Enable
 .text.Counter_1_SetInterruptMode
                0x0000092c        0xc .\CortexM3\ARM_GCC_541\Debug\Lab6_v3.a(Counter_1.o)
                0x0000092c                Counter_1_SetInterruptMode
 .text.Counter_1_ReadStatusRegister
                0x00000938        0xc .\CortexM3\ARM_GCC_541\Debug\Lab6_v3.a(Counter_1.o)
                0x00000938                Counter_1_ReadStatusRegister
 .text.Counter_1_WriteCounter
                0x00000944        0xc .\CortexM3\ARM_GCC_541\Debug\Lab6_v3.a(Counter_1.o)
                0x00000944                Counter_1_WriteCounter
 .text.Counter_1_ReadCapture
                0x00000950        0xc .\CortexM3\ARM_GCC_541\Debug\Lab6_v3.a(Counter_1.o)
                0x00000950                Counter_1_ReadCapture
 .text.Counter_1_WritePeriod
                0x0000095c        0xc .\CortexM3\ARM_GCC_541\Debug\Lab6_v3.a(Counter_1.o)
                0x0000095c                Counter_1_WritePeriod
 .text.Counter_1_WriteCompare
                0x00000968        0xc .\CortexM3\ARM_GCC_541\Debug\Lab6_v3.a(Counter_1.o)
                0x00000968                Counter_1_WriteCompare
 .text.Counter_1_ClearFIFO
                0x00000974       0x14 .\CortexM3\ARM_GCC_541\Debug\Lab6_v3.a(Counter_1.o)
                0x00000974                Counter_1_ClearFIFO
 .text.Counter_1_Init
                0x00000988       0x54 .\CortexM3\ARM_GCC_541\Debug\Lab6_v3.a(Counter_1.o)
                0x00000988                Counter_1_Init
 .text.Counter_1_Start
                0x000009dc       0x1c .\CortexM3\ARM_GCC_541\Debug\Lab6_v3.a(Counter_1.o)
                0x000009dc                Counter_1_Start
 .text.isr_2_SetVector
                0x000009f8        0xc .\CortexM3\ARM_GCC_541\Debug\Lab6_v3.a(isr_2.o)
                0x000009f8                isr_2_SetVector
 .text.isr_2_SetPriority
                0x00000a04       0x10 .\CortexM3\ARM_GCC_541\Debug\Lab6_v3.a(isr_2.o)
                0x00000a04                isr_2_SetPriority
 .text.isr_2_Enable
                0x00000a14        0xc .\CortexM3\ARM_GCC_541\Debug\Lab6_v3.a(isr_2.o)
                0x00000a14                isr_2_Enable
 .text.isr_2_Disable
                0x00000a20        0xc .\CortexM3\ARM_GCC_541\Debug\Lab6_v3.a(isr_2.o)
                0x00000a20                isr_2_Disable
 .text.isr_2_StartEx
                0x00000a2c       0x1c .\CortexM3\ARM_GCC_541\Debug\Lab6_v3.a(isr_2.o)
                0x00000a2c                isr_2_StartEx
 .text.VDAC8_1_Enable
                0x00000a48       0x1c .\CortexM3\ARM_GCC_541\Debug\Lab6_v3.a(VDAC8_1.o)
                0x00000a48                VDAC8_1_Enable
 .text.VDAC8_1_SetSpeed
                0x00000a64       0x1c .\CortexM3\ARM_GCC_541\Debug\Lab6_v3.a(VDAC8_1.o)
                0x00000a64                VDAC8_1_SetSpeed
 .text.VDAC8_1_SetValue
                0x00000a80        0xc .\CortexM3\ARM_GCC_541\Debug\Lab6_v3.a(VDAC8_1.o)
                0x00000a80                VDAC8_1_SetValue
 .text.VDAC8_1_DacTrim
                0x00000a8c       0x24 .\CortexM3\ARM_GCC_541\Debug\Lab6_v3.a(VDAC8_1.o)
                0x00000a8c                VDAC8_1_DacTrim
 .text.VDAC8_1_SetRange
                0x00000ab0       0x20 .\CortexM3\ARM_GCC_541\Debug\Lab6_v3.a(VDAC8_1.o)
                0x00000ab0                VDAC8_1_SetRange
 .text.VDAC8_1_Init
                0x00000ad0       0x20 .\CortexM3\ARM_GCC_541\Debug\Lab6_v3.a(VDAC8_1.o)
                0x00000ad0                VDAC8_1_Init
 .text.VDAC8_1_Start
                0x00000af0       0x24 .\CortexM3\ARM_GCC_541\Debug\Lab6_v3.a(VDAC8_1.o)
                0x00000af0                VDAC8_1_Start
 .text.LCD_Char_1_WrCntrlNib
                0x00000b14       0x34 .\CortexM3\ARM_GCC_541\Debug\Lab6_v3.a(LCD_Char_1.o)
 .text.LCD_Char_1_WrDatNib
                0x00000b48       0x44 .\CortexM3\ARM_GCC_541\Debug\Lab6_v3.a(LCD_Char_1.o)
 .text.LCD_Char_1_IsReady
                0x00000b8c       0xe4 .\CortexM3\ARM_GCC_541\Debug\Lab6_v3.a(LCD_Char_1.o)
                0x00000b8c                LCD_Char_1_IsReady
 .text.LCD_Char_1_WriteData
                0x00000c70       0x18 .\CortexM3\ARM_GCC_541\Debug\Lab6_v3.a(LCD_Char_1.o)
                0x00000c70                LCD_Char_1_WriteData
 .text.LCD_Char_1_PrintString
                0x00000c88       0x1c .\CortexM3\ARM_GCC_541\Debug\Lab6_v3.a(LCD_Char_1.o)
                0x00000c88                LCD_Char_1_PrintString
 .text.LCD_Char_1_WriteControl
                0x00000ca4       0x18 .\CortexM3\ARM_GCC_541\Debug\Lab6_v3.a(LCD_Char_1.o)
                0x00000ca4                LCD_Char_1_WriteControl
 .text.LCD_Char_1_Init
                0x00000cbc       0x6c .\CortexM3\ARM_GCC_541\Debug\Lab6_v3.a(LCD_Char_1.o)
                0x00000cbc                LCD_Char_1_Init
 .text.LCD_Char_1_Enable
                0x00000d28       0x14 .\CortexM3\ARM_GCC_541\Debug\Lab6_v3.a(LCD_Char_1.o)
                0x00000d28                LCD_Char_1_Enable
 .text.LCD_Char_1_Start
                0x00000d3c       0x1c .\CortexM3\ARM_GCC_541\Debug\Lab6_v3.a(LCD_Char_1.o)
                0x00000d3c                LCD_Char_1_Start
 .text.LCD_Char_1_Position
                0x00000d58       0x3c .\CortexM3\ARM_GCC_541\Debug\Lab6_v3.a(LCD_Char_1.o)
                0x00000d58                LCD_Char_1_Position
 .text.LCD_Char_1_PrintU32Number
                0x00000d94       0x64 .\CortexM3\ARM_GCC_541\Debug\Lab6_v3.a(LCD_Char_1.o)
                0x00000d94                LCD_Char_1_PrintU32Number
 .text.QuadDec_1_Cnt16_Enable
                0x00000df8       0x10 .\CortexM3\ARM_GCC_541\Debug\Lab6_v3.a(QuadDec_1_Cnt16.o)
                0x00000df8                QuadDec_1_Cnt16_Enable
 .text.QuadDec_1_Cnt16_SetInterruptMode
                0x00000e08        0xc .\CortexM3\ARM_GCC_541\Debug\Lab6_v3.a(QuadDec_1_Cnt16.o)
                0x00000e08                QuadDec_1_Cnt16_SetInterruptMode
 .text.QuadDec_1_Cnt16_ReadStatusRegister
                0x00000e14        0xc .\CortexM3\ARM_GCC_541\Debug\Lab6_v3.a(QuadDec_1_Cnt16.o)
                0x00000e14                QuadDec_1_Cnt16_ReadStatusRegister
 .text.QuadDec_1_Cnt16_WriteCounter
                0x00000e20        0xc .\CortexM3\ARM_GCC_541\Debug\Lab6_v3.a(QuadDec_1_Cnt16.o)
                0x00000e20                QuadDec_1_Cnt16_WriteCounter
 .text.QuadDec_1_Cnt16_ReadCounter
                0x00000e2c       0x14 .\CortexM3\ARM_GCC_541\Debug\Lab6_v3.a(QuadDec_1_Cnt16.o)
                0x00000e2c                QuadDec_1_Cnt16_ReadCounter
 .text.QuadDec_1_Cnt16_ReadCapture
                0x00000e40        0xc .\CortexM3\ARM_GCC_541\Debug\Lab6_v3.a(QuadDec_1_Cnt16.o)
                0x00000e40                QuadDec_1_Cnt16_ReadCapture
 .text.QuadDec_1_Cnt16_WritePeriod
                0x00000e4c        0xc .\CortexM3\ARM_GCC_541\Debug\Lab6_v3.a(QuadDec_1_Cnt16.o)
                0x00000e4c                QuadDec_1_Cnt16_WritePeriod
 .text.QuadDec_1_Cnt16_WriteCompare
                0x00000e58        0xc .\CortexM3\ARM_GCC_541\Debug\Lab6_v3.a(QuadDec_1_Cnt16.o)
                0x00000e58                QuadDec_1_Cnt16_WriteCompare
 .text.QuadDec_1_Cnt16_ClearFIFO
                0x00000e64       0x14 .\CortexM3\ARM_GCC_541\Debug\Lab6_v3.a(QuadDec_1_Cnt16.o)
                0x00000e64                QuadDec_1_Cnt16_ClearFIFO
 .text.QuadDec_1_Cnt16_Init
                0x00000e78       0x58 .\CortexM3\ARM_GCC_541\Debug\Lab6_v3.a(QuadDec_1_Cnt16.o)
                0x00000e78                QuadDec_1_Cnt16_Init
 .text.QuadDec_1_Cnt16_Start
                0x00000ed0       0x1c .\CortexM3\ARM_GCC_541\Debug\Lab6_v3.a(QuadDec_1_Cnt16.o)
                0x00000ed0                QuadDec_1_Cnt16_Start
 .text.CyHalt   0x00000eec        0x4 .\CortexM3\ARM_GCC_541\Debug\Lab6_v3.a(CyLib.o)
                0x00000eec                CyHalt
 .text.CyDelay  0x00000ef0       0x2c .\CortexM3\ARM_GCC_541\Debug\Lab6_v3.a(CyLib.o)
                0x00000ef0                CyDelay
 .text.CyDelayUs
                0x00000f1c       0x14 .\CortexM3\ARM_GCC_541\Debug\Lab6_v3.a(CyLib.o)
                0x00000f1c                CyDelayUs
 .text.CyIntSetVector
                0x00000f30       0x28 .\CortexM3\ARM_GCC_541\Debug\Lab6_v3.a(CyLib.o)
                0x00000f30                CyIntSetVector
 .text.CyIntSetPriority
                0x00000f58       0x30 .\CortexM3\ARM_GCC_541\Debug\Lab6_v3.a(CyLib.o)
                0x00000f58                CyIntSetPriority
 .text.ADC_SAR_1_CalcGain
                0x00000f88       0x64 .\CortexM3\ARM_GCC_541\Debug\Lab6_v3.a(ADC_SAR_1.o)
 .text.ADC_SAR_1_Enable
                0x00000fec       0x94 .\CortexM3\ARM_GCC_541\Debug\Lab6_v3.a(ADC_SAR_1.o)
                0x00000fec                ADC_SAR_1_Enable
 .text.ADC_SAR_1_SetResolution
                0x00001080       0x38 .\CortexM3\ARM_GCC_541\Debug\Lab6_v3.a(ADC_SAR_1.o)
                0x00001080                ADC_SAR_1_SetResolution
 .text.ADC_SAR_1_Init
                0x000010b8       0x3c .\CortexM3\ARM_GCC_541\Debug\Lab6_v3.a(ADC_SAR_1.o)
                0x000010b8                ADC_SAR_1_Init
 .text.ADC_SAR_1_Start
                0x000010f4       0x1c .\CortexM3\ARM_GCC_541\Debug\Lab6_v3.a(ADC_SAR_1.o)
                0x000010f4                ADC_SAR_1_Start
 .text.ADC_SAR_1_StartConvert
                0x00001110       0x10 .\CortexM3\ARM_GCC_541\Debug\Lab6_v3.a(ADC_SAR_1.o)
                0x00001110                ADC_SAR_1_StartConvert
 .text.ADC_SAR_1_ISR
                0x00001120        0x4 .\CortexM3\ARM_GCC_541\Debug\Lab6_v3.a(ADC_SAR_1_INT.o)
                0x00001120                ADC_SAR_1_ISR
 .text.PGA_1_Enable
                0x00001124       0x28 .\CortexM3\ARM_GCC_541\Debug\Lab6_v3.a(PGA_1.o)
                0x00001124                PGA_1_Enable
 .text.PGA_1_SetPower
                0x0000114c       0x18 .\CortexM3\ARM_GCC_541\Debug\Lab6_v3.a(PGA_1.o)
                0x0000114c                PGA_1_SetPower
 .text.PGA_1_SetGain
                0x00001164       0x78 .\CortexM3\ARM_GCC_541\Debug\Lab6_v3.a(PGA_1.o)
                0x00001164                PGA_1_SetGain
 .text.PGA_1_Init
                0x000011dc       0x34 .\CortexM3\ARM_GCC_541\Debug\Lab6_v3.a(PGA_1.o)
                0x000011dc                PGA_1_Init
 .text.PGA_1_Start
                0x00001210       0x1c .\CortexM3\ARM_GCC_541\Debug\Lab6_v3.a(PGA_1.o)
                0x00001210                PGA_1_Start
 .text.ADC_SAR_2_CalcGain
                0x0000122c       0x64 .\CortexM3\ARM_GCC_541\Debug\Lab6_v3.a(ADC_SAR_2.o)
 .text.ADC_SAR_2_Enable
                0x00001290       0x94 .\CortexM3\ARM_GCC_541\Debug\Lab6_v3.a(ADC_SAR_2.o)
                0x00001290                ADC_SAR_2_Enable
 .text.ADC_SAR_2_SetResolution
                0x00001324       0x38 .\CortexM3\ARM_GCC_541\Debug\Lab6_v3.a(ADC_SAR_2.o)
                0x00001324                ADC_SAR_2_SetResolution
 .text.ADC_SAR_2_Init
                0x0000135c       0x3c .\CortexM3\ARM_GCC_541\Debug\Lab6_v3.a(ADC_SAR_2.o)
                0x0000135c                ADC_SAR_2_Init
 .text.ADC_SAR_2_Start
                0x00001398       0x1c .\CortexM3\ARM_GCC_541\Debug\Lab6_v3.a(ADC_SAR_2.o)
                0x00001398                ADC_SAR_2_Start
 .text.ADC_SAR_2_StartConvert
                0x000013b4       0x10 .\CortexM3\ARM_GCC_541\Debug\Lab6_v3.a(ADC_SAR_2.o)
                0x000013b4                ADC_SAR_2_StartConvert
 .text.ADC_SAR_2_IsEndConversion
                0x000013c4       0x24 .\CortexM3\ARM_GCC_541\Debug\Lab6_v3.a(ADC_SAR_2.o)
                0x000013c4                ADC_SAR_2_IsEndConversion
 .text.ADC_SAR_2_GetResult8
                0x000013e8       0x18 .\CortexM3\ARM_GCC_541\Debug\Lab6_v3.a(ADC_SAR_2.o)
                0x000013e8                ADC_SAR_2_GetResult8
 .text.ADC_SAR_2_ISR
                0x00001400        0x4 .\CortexM3\ARM_GCC_541\Debug\Lab6_v3.a(ADC_SAR_2_INT.o)
                0x00001400                ADC_SAR_2_ISR
 .text.ADC_SAR_1_theACLK_SetModeRegister
                0x00001404       0x14 .\CortexM3\ARM_GCC_541\Debug\Lab6_v3.a(ADC_SAR_1_theACLK.o)
                0x00001404                ADC_SAR_1_theACLK_SetModeRegister
 .text.ADC_SAR_2_theACLK_SetModeRegister
                0x00001418       0x14 .\CortexM3\ARM_GCC_541\Debug\Lab6_v3.a(ADC_SAR_2_theACLK.o)
                0x00001418                ADC_SAR_2_theACLK_SetModeRegister
 .text.VDAC8_2_Enable
                0x0000142c       0x1c .\CortexM3\ARM_GCC_541\Debug\Lab6_v3.a(VDAC8_2.o)
                0x0000142c                VDAC8_2_Enable
 .text.VDAC8_2_SetSpeed
                0x00001448       0x1c .\CortexM3\ARM_GCC_541\Debug\Lab6_v3.a(VDAC8_2.o)
                0x00001448                VDAC8_2_SetSpeed
 .text.VDAC8_2_SetValue
                0x00001464        0xc .\CortexM3\ARM_GCC_541\Debug\Lab6_v3.a(VDAC8_2.o)
                0x00001464                VDAC8_2_SetValue
 .text.VDAC8_2_DacTrim
                0x00001470       0x24 .\CortexM3\ARM_GCC_541\Debug\Lab6_v3.a(VDAC8_2.o)
                0x00001470                VDAC8_2_DacTrim
 .text.VDAC8_2_SetRange
                0x00001494       0x20 .\CortexM3\ARM_GCC_541\Debug\Lab6_v3.a(VDAC8_2.o)
                0x00001494                VDAC8_2_SetRange
 .text.VDAC8_2_Init
                0x000014b4       0x20 .\CortexM3\ARM_GCC_541\Debug\Lab6_v3.a(VDAC8_2.o)
                0x000014b4                VDAC8_2_Init
 .text.VDAC8_2_Start
                0x000014d4       0x24 .\CortexM3\ARM_GCC_541\Debug\Lab6_v3.a(VDAC8_2.o)
                0x000014d4                VDAC8_2_Start
 .text.Comp_1_Enable
                0x000014f8       0x1c .\CortexM3\ARM_GCC_541\Debug\Lab6_v3.a(Comp_1.o)
                0x000014f8                Comp_1_Enable
 .text.Comp_1_SetSpeed
                0x00001514       0x58 .\CortexM3\ARM_GCC_541\Debug\Lab6_v3.a(Comp_1.o)
                0x00001514                Comp_1_SetSpeed
 .text.Comp_1_Init
                0x0000156c       0x3c .\CortexM3\ARM_GCC_541\Debug\Lab6_v3.a(Comp_1.o)
                0x0000156c                Comp_1_Init
 .text.Comp_1_Start
                0x000015a8       0x1c .\CortexM3\ARM_GCC_541\Debug\Lab6_v3.a(Comp_1.o)
                0x000015a8                Comp_1_Start
 .text.isr_4_SetVector
                0x000015c4        0xc .\CortexM3\ARM_GCC_541\Debug\Lab6_v3.a(isr_4.o)
                0x000015c4                isr_4_SetVector
 .text.isr_4_SetPriority
                0x000015d0       0x10 .\CortexM3\ARM_GCC_541\Debug\Lab6_v3.a(isr_4.o)
                0x000015d0                isr_4_SetPriority
 .text.isr_4_Enable
                0x000015e0        0xc .\CortexM3\ARM_GCC_541\Debug\Lab6_v3.a(isr_4.o)
                0x000015e0                isr_4_Enable
 .text.isr_4_Disable
                0x000015ec        0xc .\CortexM3\ARM_GCC_541\Debug\Lab6_v3.a(isr_4.o)
                0x000015ec                isr_4_Disable
 .text.isr_4_StartEx
                0x000015f8       0x1c .\CortexM3\ARM_GCC_541\Debug\Lab6_v3.a(isr_4.o)
                0x000015f8                isr_4_StartEx
 *fill*         0x00001614        0x4 
 .text          0x00001618       0x20 .\CortexM3\ARM_GCC_541\Debug\Lab6_v3.a(CyBootAsmGnu.o)
                0x00001618                CyDelayCycles
                0x00001628                CyEnterCriticalSection
                0x00001630                CyExitCriticalSection
 .text          0x00001638      0x370 c:/program files (x86)/cypress/psoc creator/4.1/psoc creator/import/gnu/arm/5.4.1/bin/../lib/gcc/arm-none-eabi/5.4.1/armv7-m\libgcc.a(_arm_addsubdf3.o)
                0x00001638                __aeabi_drsub
                0x00001640                __aeabi_dsub
                0x00001640                __subdf3
                0x00001644                __aeabi_dadd
                0x00001644                __adddf3
                0x000018bc                __floatunsidf
                0x000018bc                __aeabi_ui2d
                0x000018dc                __floatsidf
                0x000018dc                __aeabi_i2d
                0x00001900                __aeabi_f2d
                0x00001900                __extendsfdf2
                0x0000193c                __floatundidf
                0x0000193c                __aeabi_ul2d
                0x0000194c                __floatdidf
                0x0000194c                __aeabi_l2d
 .text          0x000019a8      0x424 c:/program files (x86)/cypress/psoc creator/4.1/psoc creator/import/gnu/arm/5.4.1/bin/../lib/gcc/arm-none-eabi/5.4.1/armv7-m\libgcc.a(_arm_muldivdf3.o)
                0x000019a8                __aeabi_dmul
                0x000019a8                __muldf3
                0x00001bfc                __divdf3
                0x00001bfc                __aeabi_ddiv
 .text          0x00001dcc       0x40 c:/program files (x86)/cypress/psoc creator/4.1/psoc creator/import/gnu/arm/5.4.1/bin/../lib/gcc/arm-none-eabi/5.4.1/armv7-m\libgcc.a(_arm_fixunsdfsi.o)
                0x00001dcc                __aeabi_d2uiz
                0x00001dcc                __fixunsdfsi
 .text          0x00001e0c       0xa0 c:/program files (x86)/cypress/psoc creator/4.1/psoc creator/import/gnu/arm/5.4.1/bin/../lib/gcc/arm-none-eabi/5.4.1/armv7-m\libgcc.a(_arm_truncdfsf2.o)
                0x00001e0c                __truncdfsf2
                0x00001e0c                __aeabi_d2f
 .text          0x00001eac      0x2a0 c:/program files (x86)/cypress/psoc creator/4.1/psoc creator/import/gnu/arm/5.4.1/bin/../lib/gcc/arm-none-eabi/5.4.1/armv7-m\libgcc.a(_arm_muldivsf3.o)
                0x00001eac                __mulsf3
                0x00001eac                __aeabi_fmul
                0x00002014                __aeabi_fdiv
                0x00002014                __divsf3
 .text          0x0000214c       0x40 c:/program files (x86)/cypress/psoc creator/4.1/psoc creator/import/gnu/arm/5.4.1/bin/../lib/gcc/arm-none-eabi/5.4.1/armv7-m\libgcc.a(_arm_fixunssfsi.o)
                0x0000214c                __fixunssfsi
                0x0000214c                __aeabi_f2uiz
 .text.__errno  0x0000218c        0xc c:/program files (x86)/cypress/psoc creator/4.1/psoc creator/import/gnu/arm/5.4.1/bin/../lib/gcc/arm-none-eabi/5.4.1/../../../../arm-none-eabi/lib/armv7-m\libg_nano.a(lib_a-errno.o)
                0x0000218c                __errno
 .text.__libc_init_array
                0x00002198       0x4c c:/program files (x86)/cypress/psoc creator/4.1/psoc creator/import/gnu/arm/5.4.1/bin/../lib/gcc/arm-none-eabi/5.4.1/../../../../arm-none-eabi/lib/armv7-m\libg_nano.a(lib_a-init.o)
                0x00002198                __libc_init_array
 .text.memcpy   0x000021e4       0x16 c:/program files (x86)/cypress/psoc creator/4.1/psoc creator/import/gnu/arm/5.4.1/bin/../lib/gcc/arm-none-eabi/5.4.1/../../../../arm-none-eabi/lib/armv7-m\libg_nano.a(lib_a-memcpy-stub.o)
                0x000021e4                memcpy
 .text.memset   0x000021fa       0x10 c:/program files (x86)/cypress/psoc creator/4.1/psoc creator/import/gnu/arm/5.4.1/bin/../lib/gcc/arm-none-eabi/5.4.1/../../../../arm-none-eabi/lib/armv7-m\libg_nano.a(lib_a-memset.o)
                0x000021fa                memset
 *(.plt)
 *(.gnu.warning)
 *(.glue_7t)
 .glue_7t       0x0000220a        0x0 linker stubs
 *(.glue_7)
 .glue_7        0x0000220a        0x0 linker stubs
 *(.vfp11_veneer)
 .vfp11_veneer  0x0000220a        0x0 linker stubs
 *(.bootloader)
 *(.ARM.extab* .gnu.linkonce.armextab.*)
 *(.gcc_except_table)

.v4_bx          0x0000220c        0x0
 .v4_bx         0x0000220c        0x0 linker stubs

.iplt           0x0000220c        0x0
 .iplt          0x0000220c        0x0 c:/program files (x86)/cypress/psoc creator/4.1/psoc creator/import/gnu/arm/5.4.1/bin/../lib/gcc/arm-none-eabi/5.4.1/armv7-m/crtbegin.o

.eh_frame_hdr
 *(.eh_frame_hdr)

.eh_frame       0x0000220c        0x4
 *(.eh_frame)
 .eh_frame      0x0000220c        0x0 c:/program files (x86)/cypress/psoc creator/4.1/psoc creator/import/gnu/arm/5.4.1/bin/../lib/gcc/arm-none-eabi/5.4.1/armv7-m/crtbegin.o
 .eh_frame      0x0000220c        0x4 c:/program files (x86)/cypress/psoc creator/4.1/psoc creator/import/gnu/arm/5.4.1/bin/../lib/gcc/arm-none-eabi/5.4.1/armv7-m/crtend.o
                [!provide]                PROVIDE (__exidx_start, .)

.ARM.exidx
 *(.ARM.exidx* .gnu.linkonce.armexidx.*)
                0x00002210                __exidx_end = .

.rodata         0x00002210       0xa0
 *(.rodata .rodata.* .gnu.linkonce.r.*)
 .rodata.str1.4
                0x00002210       0x24 .\CortexM3\ARM_GCC_541\Debug\main.o
                                 0x21 (size before relaxing)
 .rodata        0x00002234       0x2a .\CortexM3\ARM_GCC_541\Debug\cyfitter_cfg.o
 *fill*         0x0000225e        0x2 
 .rodata        0x00002260       0x15 .\CortexM3\ARM_GCC_541\Debug\Lab6_v3.a(PGA_1.o)
 .rodata.str1.1
                0x00002275        0x2 c:/program files (x86)/cypress/psoc creator/4.1/psoc creator/import/gnu/arm/5.4.1/bin/../lib/gcc/arm-none-eabi/5.4.1/../../../../arm-none-eabi/lib/armv7-m\libg_nano.a(lib_a-impure.o)
                0x00002278                . = ALIGN (0x4)
 *fill*         0x00002277        0x1 
 *(.init)
 .init          0x00002278        0x4 c:/program files (x86)/cypress/psoc creator/4.1/psoc creator/import/gnu/arm/5.4.1/bin/../lib/gcc/arm-none-eabi/5.4.1/armv7-m/crti.o
                0x00002278                _init
 .init          0x0000227c        0x8 c:/program files (x86)/cypress/psoc creator/4.1/psoc creator/import/gnu/arm/5.4.1/bin/../lib/gcc/arm-none-eabi/5.4.1/armv7-m/crtn.o
                0x00002284                . = ALIGN (0x4)
                0x00002284                __preinit_array_start = .
 *(.preinit_array)
                0x00002284                __preinit_array_end = .
                0x00002284                . = ALIGN (0x4)
                0x00002284                __init_array_start = .
 *(SORT(.init_array.*))
 *(.init_array)
 .init_array    0x00002284        0x4 c:/program files (x86)/cypress/psoc creator/4.1/psoc creator/import/gnu/arm/5.4.1/bin/../lib/gcc/arm-none-eabi/5.4.1/armv7-m/crtbegin.o
 .init_array    0x00002288        0x4 .\CortexM3\ARM_GCC_541\Debug\Cm3Start.o
                0x0000228c                __init_array_end = .
                0x0000228c                . = ALIGN (0x4)
 *(.fini)
 .fini          0x0000228c        0x4 c:/program files (x86)/cypress/psoc creator/4.1/psoc creator/import/gnu/arm/5.4.1/bin/../lib/gcc/arm-none-eabi/5.4.1/armv7-m/crti.o
                0x0000228c                _fini
 .fini          0x00002290        0x8 c:/program files (x86)/cypress/psoc creator/4.1/psoc creator/import/gnu/arm/5.4.1/bin/../lib/gcc/arm-none-eabi/5.4.1/armv7-m/crtn.o
                0x00002298                . = ALIGN (0x4)
                0x00002298                __fini_array_start = .
 *(.fini_array)
 .fini_array    0x00002298        0x4 c:/program files (x86)/cypress/psoc creator/4.1/psoc creator/import/gnu/arm/5.4.1/bin/../lib/gcc/arm-none-eabi/5.4.1/armv7-m/crtbegin.o
 *(SORT(.fini_array.*))
                0x0000229c                __fini_array_end = .
                0x0000229c                . = ALIGN (0x4)
 *crtbegin.o(.ctors)
 *(EXCLUDE_FILE(*crtend.o) .ctors)
 *(SORT(.ctors.*))
 *crtend.o(.ctors)
                0x0000229c                . = ALIGN (0x4)
 *crtbegin.o(.dtors)
 *(EXCLUDE_FILE(*crtend.o) .dtors)
 *(SORT(.dtors.*))
 *crtend.o(.dtors)
                0x0000229c                . = ALIGN (0x4)
                0x0000229c                __cy_regions = .
                0x0000229c        0x4 LONG 0x22b0 __cy_region_init_ram
                0x000022a0        0x4 LONG 0x1fff80c8 __cy_region_start_data
                0x000022a4        0x4 LONG 0x80 __cy_region_init_size_ram
                0x000022a8        0x4 LONG 0xc8 __cy_region_zero_size_ram
                0x000022ac                __cy_regions_end = .
                0x000022b0                . = ALIGN (0x8)
 *fill*         0x000022ac        0x4 
                0x000022b0                _etext = .

.cy_checksum_exclude
                0x000022b0        0x0
 *(.cy_checksum_exclude)

.ramvectors     0x1fff8000       0xc0
                0x1fff8000                __cy_region_start_ram = .
 *(.ramvectors)
 .ramvectors    0x1fff8000       0xc0 .\CortexM3\ARM_GCC_541\Debug\Cm3Start.o
                0x1fff8000                CyRamVectors

.noinit         0x1fff80c0        0x1
 *(.noinit)
 .noinit        0x1fff80c0        0x1 .\CortexM3\ARM_GCC_541\Debug\Lab6_v3.a(CyLib.o)
                0x1fff80c0                CyResetStatus

.data           0x1fff80c8       0x80 load address 0x000022b0
                0x1fff80c8                __cy_region_start_data = .
 *(.jcr)
 .jcr           0x1fff80c8        0x0 c:/program files (x86)/cypress/psoc creator/4.1/psoc creator/import/gnu/arm/5.4.1/bin/../lib/gcc/arm-none-eabi/5.4.1/armv7-m/crtbegin.o
 .jcr           0x1fff80c8        0x4 c:/program files (x86)/cypress/psoc creator/4.1/psoc creator/import/gnu/arm/5.4.1/bin/../lib/gcc/arm-none-eabi/5.4.1/armv7-m/crtend.o
 *(.got.plt)
 *(.got)
 *(.shdata)
 *(.data .data.* .gnu.linkonce.d.*)
 .data          0x1fff80cc        0x6 .\CortexM3\ARM_GCC_541\Debug\main.o
                0x1fff80cc                prev_RPM
                0x1fff80ce                RPM_ref
                0x1fff80d0                Output_Volt
 *fill*         0x1fff80d2        0x2 
 .data          0x1fff80d4       0x10 .\CortexM3\ARM_GCC_541\Debug\Lab6_v3.a(CyLib.o)
                0x1fff80d4                cydelay_32k_ms
                0x1fff80d8                cydelay_freq_khz
                0x1fff80dc                cydelay_freq_mhz
                0x1fff80e0                cydelay_freq_hz
 .data.impure_data
                0x1fff80e4       0x60 c:/program files (x86)/cypress/psoc creator/4.1/psoc creator/import/gnu/arm/5.4.1/bin/../lib/gcc/arm-none-eabi/5.4.1/../../../../arm-none-eabi/lib/armv7-m\libg_nano.a(lib_a-impure.o)
 .data._impure_ptr
                0x1fff8144        0x4 c:/program files (x86)/cypress/psoc creator/4.1/psoc creator/import/gnu/arm/5.4.1/bin/../lib/gcc/arm-none-eabi/5.4.1/../../../../arm-none-eabi/lib/armv7-m\libg_nano.a(lib_a-impure.o)
                0x1fff8144                _impure_ptr
                0x1fff8148                . = ALIGN (0x8)
 *(.ram)
                0x1fff8148                _edata = .

.igot.plt       0x1fff8148        0x0 load address 0x00002330
 .igot.plt      0x1fff8148        0x0 c:/program files (x86)/cypress/psoc creator/4.1/psoc creator/import/gnu/arm/5.4.1/bin/../lib/gcc/arm-none-eabi/5.4.1/armv7-m/crtbegin.o

.bss            0x1fff8148       0xc8 load address 0x00002330
                0x1fff8148                PROVIDE (__bss_start__, .)
 *(.shbss)
 *(.bss .bss.* .gnu.linkonce.b.*)
 .bss           0x1fff8148       0x1c c:/program files (x86)/cypress/psoc creator/4.1/psoc creator/import/gnu/arm/5.4.1/bin/../lib/gcc/arm-none-eabi/5.4.1/armv7-m/crtbegin.o
 .bss           0x1fff8164       0x86 .\CortexM3\ARM_GCC_541\Debug\main.o
                0x1fff8164                peak_cnt
                0x1fff8166                speed_cnt
                0x1fff8168                current_RPM
                0x1fff816a                error
                0x1fff816c                change_cnt
                0x1fff816e                prev_count
                0x1fff8170                curr_count
                0x1fff8172                diff
                0x1fff8174                degrees
                0x1fff8178                RPM_f
                0x1fff817c                RPM_i
                0x1fff817e                current_sample
                0x1fff817f                max_value
                0x1fff8180                Output_Delta
                0x1fff8184                l
                0x1fff8188                k
                0x1fff818c                sum
                0x1fff8190                newAvg
                0x1fff8194                pos
                0x1fff8198                DWN_FLAG
                0x1fff8199                UP_FLAG
                0x1fff819a                high_avg
                0x1fff819b                low_avg
                0x1fff819c                high_sum
                0x1fff81a0                low_sum
                0x1fff81a4                sample_array2
                0x1fff81b8                sample_array1
                0x1fff81cc                current_Avg
                0x1fff81d0                Avg_array
                0x1fff81e9                flag
 .bss           0x1fff81ea        0x1 .\CortexM3\ARM_GCC_541\Debug\Lab6_v3.a(PWM_1.o)
                0x1fff81ea                PWM_1_initVar
 .bss           0x1fff81eb        0x1 .\CortexM3\ARM_GCC_541\Debug\Lab6_v3.a(QuadDec_1.o)
                0x1fff81eb                QuadDec_1_initVar
 .bss           0x1fff81ec        0x1 .\CortexM3\ARM_GCC_541\Debug\Lab6_v3.a(Counter_1.o)
                0x1fff81ec                Counter_1_initVar
 .bss           0x1fff81ed        0x1 .\CortexM3\ARM_GCC_541\Debug\Lab6_v3.a(VDAC8_1.o)
                0x1fff81ed                VDAC8_1_initVar
 .bss           0x1fff81ee        0x2 .\CortexM3\ARM_GCC_541\Debug\Lab6_v3.a(LCD_Char_1.o)
                0x1fff81ee                LCD_Char_1_enableState
                0x1fff81ef                LCD_Char_1_initVar
 .bss           0x1fff81f0        0x1 .\CortexM3\ARM_GCC_541\Debug\Lab6_v3.a(QuadDec_1_Cnt16.o)
                0x1fff81f0                QuadDec_1_Cnt16_initVar
 .bss           0x1fff81f1        0x1 .\CortexM3\ARM_GCC_541\Debug\Lab6_v3.a(ADC_SAR_1.o)
                0x1fff81f1                ADC_SAR_1_initVar
 .bss           0x1fff81f2        0x1 .\CortexM3\ARM_GCC_541\Debug\Lab6_v3.a(PGA_1.o)
                0x1fff81f2                PGA_1_initVar
 .bss           0x1fff81f3        0x1 .\CortexM3\ARM_GCC_541\Debug\Lab6_v3.a(ADC_SAR_2.o)
                0x1fff81f3                ADC_SAR_2_initVar
 .bss           0x1fff81f4        0x1 .\CortexM3\ARM_GCC_541\Debug\Lab6_v3.a(VDAC8_2.o)
                0x1fff81f4                VDAC8_2_initVar
 .bss           0x1fff81f5        0x1 .\CortexM3\ARM_GCC_541\Debug\Lab6_v3.a(Comp_1.o)
                0x1fff81f5                Comp_1_initVar
 *(COMMON)
 *fill*         0x1fff81f6        0x2 
 COMMON         0x1fff81f8        0xa .\CortexM3\ARM_GCC_541\Debug\Lab6_v3.a(ADC_SAR_1.o)
                0x1fff81f8                ADC_SAR_1_countsPerVolt
                0x1fff81fa                ADC_SAR_1_shift
                0x1fff81fc                ADC_SAR_1_countsPer10Volt
                0x1fff8200                ADC_SAR_1_offset
 *fill*         0x1fff8202        0x2 
 COMMON         0x1fff8204        0xa .\CortexM3\ARM_GCC_541\Debug\Lab6_v3.a(ADC_SAR_2.o)
                0x1fff8204                ADC_SAR_2_countsPer10Volt
                0x1fff8208                ADC_SAR_2_shift
                0x1fff820a                ADC_SAR_2_offset
                0x1fff820c                ADC_SAR_2_countsPerVolt
                0x1fff8210                . = ALIGN (0x8)
 *fill*         0x1fff820e        0x2 
 *(.ram.b)
                0x1fff8210                _end = .
                0x1fff8210                __end = .
                0x1fff8210                PROVIDE (end, .)
                0x1fff8210                PROVIDE (__bss_end__, .)
                0x000022b0                __cy_region_init_ram = LOADADDR (.data)
                0x00000080                __cy_region_init_size_ram = (_edata - ADDR (.data))
                0x000000c8                __cy_region_zero_size_ram = (_end - _edata)

.heap           0x1fff8210       0x80 load address 0x00002330
                0x1fff8210                . = _end
                0x1fff8290                . = (. + 0x80)
 *fill*         0x1fff8210       0x80 
                0x1fff8290                __cy_heap_limit = .

.stack          0x20007800      0x800
                0x20007800                __cy_stack_limit = .
                0x20008000                . = (. + 0x800)
 *fill*         0x20007800      0x800 
                0x00000001                ASSERT ((__cy_stack_limit >= __cy_heap_limit), region RAM overflowed with stack)
                0x00000000                cy_checksum_exclude_size = (CY_APPL_LOADABLE == 0x1)?SIZEOF (.cy_checksum_exclude):0x0
                0x00000001                ASSERT ((cy_checksum_exclude_size <= CY_CHECKSUM_EXCLUDE_SIZE), CY_BOOT: Section .cy_checksum_exclude size exceedes specified limit.)

.cyloadermeta
 *(.cyloadermeta)

.cyloadablemeta
 *(.cyloadablemeta)

.cyconfigecc    0x80000000      0x618
 *(.cyconfigecc)
 .cyconfigecc   0x80000000      0x618 .\CortexM3\ARM_GCC_541\Debug\cymetadata.o
                0x80000000                cy_meta_configecc

.cycustnvl      0x90000000        0x4
 *(.cycustnvl)
 .cycustnvl     0x90000000        0x4 .\CortexM3\ARM_GCC_541\Debug\cymetadata.o
                0x90000000                cy_meta_custnvl

.cywolatch      0x90100000        0x4
 *(.cywolatch)
 .cywolatch     0x90100000        0x4 .\CortexM3\ARM_GCC_541\Debug\cymetadata.o
                0x90100000                cy_meta_wonvl

.cyeeprom       0x90200000        0x0
 *(.cyeeprom)
                0x00000001                ASSERT ((. <= ((0x90200000 + ee_offset) + ee_size)), .cyeeprom data will not fit in EEPROM)

.cyflashprotect
                0x90400000      0x100
 *(.cyflashprotect)
 .cyflashprotect
                0x90400000      0x100 .\CortexM3\ARM_GCC_541\Debug\cymetadata.o
                0x90400000                cy_meta_flashprotect

.cymeta         0x90500000        0xc
 *(.cymeta)
 .cymeta        0x90500000        0xc .\CortexM3\ARM_GCC_541\Debug\cymetadata.o
                0x90500000                cy_metadata

.rel.dyn        0x00002330        0x0 load address 0x9050000c
 .rel.iplt      0x00002330        0x0 c:/program files (x86)/cypress/psoc creator/4.1/psoc creator/import/gnu/arm/5.4.1/bin/../lib/gcc/arm-none-eabi/5.4.1/armv7-m/crtbegin.o

.stab
 *(.stab)

.stabstr
 *(.stabstr)

.debug
 *(.debug)

.line
 *(.line)

.debug_srcinfo
 *(.debug_srcinfo)

.debug_sfnames
 *(.debug_sfnames)

.debug_aranges  0x00000000      0xd60
 *(.debug_aranges)
 .debug_aranges
                0x00000000       0x40 .\CortexM3\ARM_GCC_541\Debug\main.o
 .debug_aranges
                0x00000040       0x58 .\CortexM3\ARM_GCC_541\Debug\cyfitter_cfg.o
 .debug_aranges
                0x00000098       0x18 .\CortexM3\ARM_GCC_541\Debug\cymetadata.o
 .debug_aranges
                0x000000b0       0x48 .\CortexM3\ARM_GCC_541\Debug\Cm3Start.o
 .debug_aranges
                0x000000f8       0x98 .\CortexM3\ARM_GCC_541\Debug\Lab6_v3.a(PWM_1.o)
 .debug_aranges
                0x00000190       0x60 .\CortexM3\ARM_GCC_541\Debug\Lab6_v3.a(QuadDec_1.o)
 .debug_aranges
                0x000001f0       0x80 .\CortexM3\ARM_GCC_541\Debug\Lab6_v3.a(isr_1.o)
 .debug_aranges
                0x00000270       0x98 .\CortexM3\ARM_GCC_541\Debug\Lab6_v3.a(Counter_1.o)
 .debug_aranges
                0x00000308       0x80 .\CortexM3\ARM_GCC_541\Debug\Lab6_v3.a(isr_2.o)
 .debug_aranges
                0x00000388       0x58 .\CortexM3\ARM_GCC_541\Debug\Lab6_v3.a(VDAC8_1.o)
 .debug_aranges
                0x000003e0       0x98 .\CortexM3\ARM_GCC_541\Debug\Lab6_v3.a(LCD_Char_1.o)
 .debug_aranges
                0x00000478       0x98 .\CortexM3\ARM_GCC_541\Debug\Lab6_v3.a(QuadDec_1_Cnt16.o)
 .debug_aranges
                0x00000510      0x2a0 .\CortexM3\ARM_GCC_541\Debug\Lab6_v3.a(CyLib.o)
 .debug_aranges
                0x000007b0       0x98 .\CortexM3\ARM_GCC_541\Debug\Lab6_v3.a(cyPm.o)
 .debug_aranges
                0x00000848       0xa8 .\CortexM3\ARM_GCC_541\Debug\Lab6_v3.a(ADC_SAR_1.o)
 .debug_aranges
                0x000008f0       0x20 .\CortexM3\ARM_GCC_541\Debug\Lab6_v3.a(ADC_SAR_1_INT.o)
 .debug_aranges
                0x00000910       0x48 .\CortexM3\ARM_GCC_541\Debug\Lab6_v3.a(PGA_1.o)
 .debug_aranges
                0x00000958       0xa8 .\CortexM3\ARM_GCC_541\Debug\Lab6_v3.a(ADC_SAR_2.o)
 .debug_aranges
                0x00000a00       0x20 .\CortexM3\ARM_GCC_541\Debug\Lab6_v3.a(ADC_SAR_2_INT.o)
 .debug_aranges
                0x00000a20       0x70 .\CortexM3\ARM_GCC_541\Debug\Lab6_v3.a(ADC_SAR_1_theACLK.o)
 .debug_aranges
                0x00000a90       0x70 .\CortexM3\ARM_GCC_541\Debug\Lab6_v3.a(ADC_SAR_2_theACLK.o)
 .debug_aranges
                0x00000b00       0x58 .\CortexM3\ARM_GCC_541\Debug\Lab6_v3.a(VDAC8_2.o)
 .debug_aranges
                0x00000b58       0x70 .\CortexM3\ARM_GCC_541\Debug\Lab6_v3.a(Comp_1.o)
 .debug_aranges
                0x00000bc8       0x80 .\CortexM3\ARM_GCC_541\Debug\Lab6_v3.a(isr_4.o)
 .debug_aranges
                0x00000c48       0x20 .\CortexM3\ARM_GCC_541\Debug\Lab6_v3.a(CyBootAsmGnu.o)
 .debug_aranges
                0x00000c68       0x80 .\CortexM3\ARM_GCC_541\Debug\Lab6_v3.a(CyFlash.o)
 .debug_aranges
                0x00000ce8       0x78 .\CortexM3\ARM_GCC_541\Debug\Lab6_v3.a(CySpc.o)

.debug_pubnames
 *(.debug_pubnames)

.debug_info     0x00000000     0x70cc
 *(.debug_info .gnu.linkonce.wi.*)
 .debug_info    0x00000000      0x737 .\CortexM3\ARM_GCC_541\Debug\main.o
 .debug_info    0x00000737      0x5bc .\CortexM3\ARM_GCC_541\Debug\cyfitter_cfg.o
 .debug_info    0x00000cf3      0x137 .\CortexM3\ARM_GCC_541\Debug\cymetadata.o
 .debug_info    0x00000e2a      0x3bb .\CortexM3\ARM_GCC_541\Debug\Cm3Start.o
 .debug_info    0x000011e5      0x334 .\CortexM3\ARM_GCC_541\Debug\Lab6_v3.a(PWM_1.o)
 .debug_info    0x00001519      0x2d4 .\CortexM3\ARM_GCC_541\Debug\Lab6_v3.a(QuadDec_1.o)
 .debug_info    0x000017ed      0x2d2 .\CortexM3\ARM_GCC_541\Debug\Lab6_v3.a(isr_1.o)
 .debug_info    0x00001abf      0x344 .\CortexM3\ARM_GCC_541\Debug\Lab6_v3.a(Counter_1.o)
 .debug_info    0x00001e03      0x2d2 .\CortexM3\ARM_GCC_541\Debug\Lab6_v3.a(isr_2.o)
 .debug_info    0x000020d5      0x1de .\CortexM3\ARM_GCC_541\Debug\Lab6_v3.a(VDAC8_1.o)
 .debug_info    0x000022b3      0x715 .\CortexM3\ARM_GCC_541\Debug\Lab6_v3.a(LCD_Char_1.o)
 .debug_info    0x000029c8      0x348 .\CortexM3\ARM_GCC_541\Debug\Lab6_v3.a(QuadDec_1_Cnt16.o)
 .debug_info    0x00002d10     0x1374 .\CortexM3\ARM_GCC_541\Debug\Lab6_v3.a(CyLib.o)
 .debug_info    0x00004084      0xa2a .\CortexM3\ARM_GCC_541\Debug\Lab6_v3.a(cyPm.o)
 .debug_info    0x00004aae      0x5c0 .\CortexM3\ARM_GCC_541\Debug\Lab6_v3.a(ADC_SAR_1.o)
 .debug_info    0x0000506e       0x92 .\CortexM3\ARM_GCC_541\Debug\Lab6_v3.a(ADC_SAR_1_INT.o)
 .debug_info    0x00005100      0x1d3 .\CortexM3\ARM_GCC_541\Debug\Lab6_v3.a(PGA_1.o)
 .debug_info    0x000052d3      0x5c0 .\CortexM3\ARM_GCC_541\Debug\Lab6_v3.a(ADC_SAR_2.o)
 .debug_info    0x00005893       0x92 .\CortexM3\ARM_GCC_541\Debug\Lab6_v3.a(ADC_SAR_2_INT.o)
 .debug_info    0x00005925      0x283 .\CortexM3\ARM_GCC_541\Debug\Lab6_v3.a(ADC_SAR_1_theACLK.o)
 .debug_info    0x00005ba8      0x283 .\CortexM3\ARM_GCC_541\Debug\Lab6_v3.a(ADC_SAR_2_theACLK.o)
 .debug_info    0x00005e2b      0x1de .\CortexM3\ARM_GCC_541\Debug\Lab6_v3.a(VDAC8_2.o)
 .debug_info    0x00006009      0x2c8 .\CortexM3\ARM_GCC_541\Debug\Lab6_v3.a(Comp_1.o)
 .debug_info    0x000062d1      0x2d2 .\CortexM3\ARM_GCC_541\Debug\Lab6_v3.a(isr_4.o)
 .debug_info    0x000065a3       0x88 .\CortexM3\ARM_GCC_541\Debug\Lab6_v3.a(CyBootAsmGnu.o)
 .debug_info    0x0000662b      0x5b8 .\CortexM3\ARM_GCC_541\Debug\Lab6_v3.a(CyFlash.o)
 .debug_info    0x00006be3      0x4e9 .\CortexM3\ARM_GCC_541\Debug\Lab6_v3.a(CySpc.o)

.debug_abbrev   0x00000000     0x21fe
 *(.debug_abbrev)
 .debug_abbrev  0x00000000      0x160 .\CortexM3\ARM_GCC_541\Debug\main.o
 .debug_abbrev  0x00000160      0x1fe .\CortexM3\ARM_GCC_541\Debug\cyfitter_cfg.o
 .debug_abbrev  0x0000035e       0x77 .\CortexM3\ARM_GCC_541\Debug\cymetadata.o
 .debug_abbrev  0x000003d5      0x1e8 .\CortexM3\ARM_GCC_541\Debug\Cm3Start.o
 .debug_abbrev  0x000005bd      0x133 .\CortexM3\ARM_GCC_541\Debug\Lab6_v3.a(PWM_1.o)
 .debug_abbrev  0x000006f0      0x151 .\CortexM3\ARM_GCC_541\Debug\Lab6_v3.a(QuadDec_1.o)
 .debug_abbrev  0x00000841      0x173 .\CortexM3\ARM_GCC_541\Debug\Lab6_v3.a(isr_1.o)
 .debug_abbrev  0x000009b4      0x117 .\CortexM3\ARM_GCC_541\Debug\Lab6_v3.a(Counter_1.o)
 .debug_abbrev  0x00000acb      0x173 .\CortexM3\ARM_GCC_541\Debug\Lab6_v3.a(isr_2.o)
 .debug_abbrev  0x00000c3e       0xf7 .\CortexM3\ARM_GCC_541\Debug\Lab6_v3.a(VDAC8_1.o)
 .debug_abbrev  0x00000d35      0x157 .\CortexM3\ARM_GCC_541\Debug\Lab6_v3.a(LCD_Char_1.o)
 .debug_abbrev  0x00000e8c      0x117 .\CortexM3\ARM_GCC_541\Debug\Lab6_v3.a(QuadDec_1_Cnt16.o)
 .debug_abbrev  0x00000fa3      0x254 .\CortexM3\ARM_GCC_541\Debug\Lab6_v3.a(CyLib.o)
 .debug_abbrev  0x000011f7      0x1ab .\CortexM3\ARM_GCC_541\Debug\Lab6_v3.a(cyPm.o)
 .debug_abbrev  0x000013a2      0x1ac .\CortexM3\ARM_GCC_541\Debug\Lab6_v3.a(ADC_SAR_1.o)
 .debug_abbrev  0x0000154e       0x42 .\CortexM3\ARM_GCC_541\Debug\Lab6_v3.a(ADC_SAR_1_INT.o)
 .debug_abbrev  0x00001590       0xf6 .\CortexM3\ARM_GCC_541\Debug\Lab6_v3.a(PGA_1.o)
 .debug_abbrev  0x00001686      0x1ac .\CortexM3\ARM_GCC_541\Debug\Lab6_v3.a(ADC_SAR_2.o)
 .debug_abbrev  0x00001832       0x42 .\CortexM3\ARM_GCC_541\Debug\Lab6_v3.a(ADC_SAR_2_INT.o)
 .debug_abbrev  0x00001874      0x139 .\CortexM3\ARM_GCC_541\Debug\Lab6_v3.a(ADC_SAR_1_theACLK.o)
 .debug_abbrev  0x000019ad      0x139 .\CortexM3\ARM_GCC_541\Debug\Lab6_v3.a(ADC_SAR_2_theACLK.o)
 .debug_abbrev  0x00001ae6       0xf7 .\CortexM3\ARM_GCC_541\Debug\Lab6_v3.a(VDAC8_2.o)
 .debug_abbrev  0x00001bdd      0x16e .\CortexM3\ARM_GCC_541\Debug\Lab6_v3.a(Comp_1.o)
 .debug_abbrev  0x00001d4b      0x173 .\CortexM3\ARM_GCC_541\Debug\Lab6_v3.a(isr_4.o)
 .debug_abbrev  0x00001ebe       0x14 .\CortexM3\ARM_GCC_541\Debug\Lab6_v3.a(CyBootAsmGnu.o)
 .debug_abbrev  0x00001ed2      0x198 .\CortexM3\ARM_GCC_541\Debug\Lab6_v3.a(CyFlash.o)
 .debug_abbrev  0x0000206a      0x194 .\CortexM3\ARM_GCC_541\Debug\Lab6_v3.a(CySpc.o)

.debug_line     0x00000000     0x2f3c
 *(.debug_line)
 .debug_line    0x00000000      0x2a4 .\CortexM3\ARM_GCC_541\Debug\main.o
 .debug_line    0x000002a4      0x206 .\CortexM3\ARM_GCC_541\Debug\cyfitter_cfg.o
 .debug_line    0x000004aa      0x141 .\CortexM3\ARM_GCC_541\Debug\cymetadata.o
 .debug_line    0x000005eb      0x234 .\CortexM3\ARM_GCC_541\Debug\Cm3Start.o
 .debug_line    0x0000081f      0x185 .\CortexM3\ARM_GCC_541\Debug\Lab6_v3.a(PWM_1.o)
 .debug_line    0x000009a4      0x11e .\CortexM3\ARM_GCC_541\Debug\Lab6_v3.a(QuadDec_1.o)
 .debug_line    0x00000ac2      0x132 .\CortexM3\ARM_GCC_541\Debug\Lab6_v3.a(isr_1.o)
 .debug_line    0x00000bf4      0x189 .\CortexM3\ARM_GCC_541\Debug\Lab6_v3.a(Counter_1.o)
 .debug_line    0x00000d7d      0x132 .\CortexM3\ARM_GCC_541\Debug\Lab6_v3.a(isr_2.o)
 .debug_line    0x00000eaf       0xe4 .\CortexM3\ARM_GCC_541\Debug\Lab6_v3.a(VDAC8_1.o)
 .debug_line    0x00000f93      0x1e3 .\CortexM3\ARM_GCC_541\Debug\Lab6_v3.a(LCD_Char_1.o)
 .debug_line    0x00001176      0x18f .\CortexM3\ARM_GCC_541\Debug\Lab6_v3.a(QuadDec_1_Cnt16.o)
 .debug_line    0x00001305      0x816 .\CortexM3\ARM_GCC_541\Debug\Lab6_v3.a(CyLib.o)
 .debug_line    0x00001b1b      0x367 .\CortexM3\ARM_GCC_541\Debug\Lab6_v3.a(cyPm.o)
 .debug_line    0x00001e82      0x21e .\CortexM3\ARM_GCC_541\Debug\Lab6_v3.a(ADC_SAR_1.o)
 .debug_line    0x000020a0       0x56 .\CortexM3\ARM_GCC_541\Debug\Lab6_v3.a(ADC_SAR_1_INT.o)
 .debug_line    0x000020f6       0xcc .\CortexM3\ARM_GCC_541\Debug\Lab6_v3.a(PGA_1.o)
 .debug_line    0x000021c2      0x21e .\CortexM3\ARM_GCC_541\Debug\Lab6_v3.a(ADC_SAR_2.o)
 .debug_line    0x000023e0       0x56 .\CortexM3\ARM_GCC_541\Debug\Lab6_v3.a(ADC_SAR_2_INT.o)
 .debug_line    0x00002436      0x180 .\CortexM3\ARM_GCC_541\Debug\Lab6_v3.a(ADC_SAR_1_theACLK.o)
 .debug_line    0x000025b6      0x180 .\CortexM3\ARM_GCC_541\Debug\Lab6_v3.a(ADC_SAR_2_theACLK.o)
 .debug_line    0x00002736       0xe4 .\CortexM3\ARM_GCC_541\Debug\Lab6_v3.a(VDAC8_2.o)
 .debug_line    0x0000281a      0x165 .\CortexM3\ARM_GCC_541\Debug\Lab6_v3.a(Comp_1.o)
 .debug_line    0x0000297f      0x132 .\CortexM3\ARM_GCC_541\Debug\Lab6_v3.a(isr_4.o)
 .debug_line    0x00002ab1       0x66 .\CortexM3\ARM_GCC_541\Debug\Lab6_v3.a(CyBootAsmGnu.o)
 .debug_line    0x00002b17      0x1e9 .\CortexM3\ARM_GCC_541\Debug\Lab6_v3.a(CyFlash.o)
 .debug_line    0x00002d00      0x23c .\CortexM3\ARM_GCC_541\Debug\Lab6_v3.a(CySpc.o)

.debug_frame    0x00000000     0x2160
 *(.debug_frame)
 .debug_frame   0x00000000       0x94 .\CortexM3\ARM_GCC_541\Debug\main.o
 .debug_frame   0x00000094       0xfc .\CortexM3\ARM_GCC_541\Debug\cyfitter_cfg.o
 .debug_frame   0x00000190       0xb8 .\CortexM3\ARM_GCC_541\Debug\Cm3Start.o
 .debug_frame   0x00000248      0x134 .\CortexM3\ARM_GCC_541\Debug\Lab6_v3.a(PWM_1.o)
 .debug_frame   0x0000037c       0xdc .\CortexM3\ARM_GCC_541\Debug\Lab6_v3.a(QuadDec_1.o)
 .debug_frame   0x00000458      0x104 .\CortexM3\ARM_GCC_541\Debug\Lab6_v3.a(isr_1.o)
 .debug_frame   0x0000055c      0x134 .\CortexM3\ARM_GCC_541\Debug\Lab6_v3.a(Counter_1.o)
 .debug_frame   0x00000690      0x104 .\CortexM3\ARM_GCC_541\Debug\Lab6_v3.a(isr_2.o)
 .debug_frame   0x00000794       0xb4 .\CortexM3\ARM_GCC_541\Debug\Lab6_v3.a(VDAC8_1.o)
 .debug_frame   0x00000848      0x1e8 .\CortexM3\ARM_GCC_541\Debug\Lab6_v3.a(LCD_Char_1.o)
 .debug_frame   0x00000a30      0x134 .\CortexM3\ARM_GCC_541\Debug\Lab6_v3.a(QuadDec_1_Cnt16.o)
 .debug_frame   0x00000b64      0x738 .\CortexM3\ARM_GCC_541\Debug\Lab6_v3.a(CyLib.o)
 .debug_frame   0x0000129c      0x1f8 .\CortexM3\ARM_GCC_541\Debug\Lab6_v3.a(cyPm.o)
 .debug_frame   0x00001494      0x1b0 .\CortexM3\ARM_GCC_541\Debug\Lab6_v3.a(ADC_SAR_1.o)
 .debug_frame   0x00001644       0x20 .\CortexM3\ARM_GCC_541\Debug\Lab6_v3.a(ADC_SAR_1_INT.o)
 .debug_frame   0x00001664       0x9c .\CortexM3\ARM_GCC_541\Debug\Lab6_v3.a(PGA_1.o)
 .debug_frame   0x00001700      0x1b4 .\CortexM3\ARM_GCC_541\Debug\Lab6_v3.a(ADC_SAR_2.o)
 .debug_frame   0x000018b4       0x20 .\CortexM3\ARM_GCC_541\Debug\Lab6_v3.a(ADC_SAR_2_INT.o)
 .debug_frame   0x000018d4       0xe0 .\CortexM3\ARM_GCC_541\Debug\Lab6_v3.a(ADC_SAR_1_theACLK.o)
 .debug_frame   0x000019b4       0xe0 .\CortexM3\ARM_GCC_541\Debug\Lab6_v3.a(ADC_SAR_2_theACLK.o)
 .debug_frame   0x00001a94       0xb4 .\CortexM3\ARM_GCC_541\Debug\Lab6_v3.a(VDAC8_2.o)
 .debug_frame   0x00001b48      0x108 .\CortexM3\ARM_GCC_541\Debug\Lab6_v3.a(Comp_1.o)
 .debug_frame   0x00001c50      0x104 .\CortexM3\ARM_GCC_541\Debug\Lab6_v3.a(isr_4.o)
 .debug_frame   0x00001d54      0x174 .\CortexM3\ARM_GCC_541\Debug\Lab6_v3.a(CyFlash.o)
 .debug_frame   0x00001ec8      0x160 .\CortexM3\ARM_GCC_541\Debug\Lab6_v3.a(CySpc.o)
 .debug_frame   0x00002028       0x44 c:/program files (x86)/cypress/psoc creator/4.1/psoc creator/import/gnu/arm/5.4.1/bin/../lib/gcc/arm-none-eabi/5.4.1/armv7-m\libgcc.a(_aeabi_ldivmod.o)
 .debug_frame   0x0000206c       0x38 c:/program files (x86)/cypress/psoc creator/4.1/psoc creator/import/gnu/arm/5.4.1/bin/../lib/gcc/arm-none-eabi/5.4.1/armv7-m\libgcc.a(_udivmoddi4.o)
 .debug_frame   0x000020a4       0x20 c:/program files (x86)/cypress/psoc creator/4.1/psoc creator/import/gnu/arm/5.4.1/bin/../lib/gcc/arm-none-eabi/5.4.1/../../../../arm-none-eabi/lib/armv7-m\libg_nano.a(lib_a-errno.o)
 .debug_frame   0x000020c4       0x28 c:/program files (x86)/cypress/psoc creator/4.1/psoc creator/import/gnu/arm/5.4.1/bin/../lib/gcc/arm-none-eabi/5.4.1/../../../../arm-none-eabi/lib/armv7-m\libg_nano.a(lib_a-exit.o)
 .debug_frame   0x000020ec       0x2c c:/program files (x86)/cypress/psoc creator/4.1/psoc creator/import/gnu/arm/5.4.1/bin/../lib/gcc/arm-none-eabi/5.4.1/../../../../arm-none-eabi/lib/armv7-m\libg_nano.a(lib_a-init.o)
 .debug_frame   0x00002118       0x28 c:/program files (x86)/cypress/psoc creator/4.1/psoc creator/import/gnu/arm/5.4.1/bin/../lib/gcc/arm-none-eabi/5.4.1/../../../../arm-none-eabi/lib/armv7-m\libg_nano.a(lib_a-memcpy-stub.o)
 .debug_frame   0x00002140       0x20 c:/program files (x86)/cypress/psoc creator/4.1/psoc creator/import/gnu/arm/5.4.1/bin/../lib/gcc/arm-none-eabi/5.4.1/../../../../arm-none-eabi/lib/armv7-m\libg_nano.a(lib_a-memset.o)

.debug_str      0x00000000     0x2a53
 *(.debug_str)
 .debug_str     0x00000000      0x46a .\CortexM3\ARM_GCC_541\Debug\main.o
                                0x4db (size before relaxing)
 .debug_str     0x0000046a      0x16c .\CortexM3\ARM_GCC_541\Debug\cyfitter_cfg.o
                                0x311 (size before relaxing)
 .debug_str     0x000005d6       0x75 .\CortexM3\ARM_GCC_541\Debug\cymetadata.o
                                0x1dc (size before relaxing)
 .debug_str     0x0000064b      0x144 .\CortexM3\ARM_GCC_541\Debug\Cm3Start.o
                                0x302 (size before relaxing)
 .debug_str     0x0000078f      0x1bf .\CortexM3\ARM_GCC_541\Debug\Lab6_v3.a(PWM_1.o)
                                0x349 (size before relaxing)
 .debug_str     0x0000094e      0x144 .\CortexM3\ARM_GCC_541\Debug\Lab6_v3.a(QuadDec_1.o)
                                0x333 (size before relaxing)
 .debug_str     0x00000a92       0xf0 .\CortexM3\ARM_GCC_541\Debug\Lab6_v3.a(isr_1.o)
                                0x29e (size before relaxing)
 .debug_str     0x00000b82      0x1b0 .\CortexM3\ARM_GCC_541\Debug\Lab6_v3.a(Counter_1.o)
                                0x39c (size before relaxing)
 .debug_str     0x00000d32       0xd8 .\CortexM3\ARM_GCC_541\Debug\Lab6_v3.a(isr_2.o)
                                0x29e (size before relaxing)
 .debug_str     0x00000e0a       0x9d .\CortexM3\ARM_GCC_541\Debug\Lab6_v3.a(VDAC8_1.o)
                                0x22b (size before relaxing)
 .debug_str     0x00000ea7      0x1af .\CortexM3\ARM_GCC_541\Debug\Lab6_v3.a(LCD_Char_1.o)
                                0x3af (size before relaxing)
 .debug_str     0x00001056      0x1bf .\CortexM3\ARM_GCC_541\Debug\Lab6_v3.a(QuadDec_1_Cnt16.o)
                                0x40e (size before relaxing)
 .debug_str     0x00001215      0x7d5 .\CortexM3\ARM_GCC_541\Debug\Lab6_v3.a(CyLib.o)
                                0xa3f (size before relaxing)
 .debug_str     0x000019ea      0x365 .\CortexM3\ARM_GCC_541\Debug\Lab6_v3.a(cyPm.o)
                                0x72b (size before relaxing)
 .debug_str     0x00001d4f      0x24a .\CortexM3\ARM_GCC_541\Debug\Lab6_v3.a(ADC_SAR_1.o)
                                0x4b5 (size before relaxing)
 .debug_str     0x00001f99       0x35 .\CortexM3\ARM_GCC_541\Debug\Lab6_v3.a(ADC_SAR_1_INT.o)
                                0x193 (size before relaxing)
 .debug_str     0x00001fce       0x97 .\CortexM3\ARM_GCC_541\Debug\Lab6_v3.a(PGA_1.o)
                                0x227 (size before relaxing)
 .debug_str     0x00002065      0x1ce .\CortexM3\ARM_GCC_541\Debug\Lab6_v3.a(ADC_SAR_2.o)
                                0x4b5 (size before relaxing)
 .debug_str     0x00002233       0x35 .\CortexM3\ARM_GCC_541\Debug\Lab6_v3.a(ADC_SAR_2_INT.o)
                                0x193 (size before relaxing)
 .debug_str     0x00002268      0x1b8 .\CortexM3\ARM_GCC_541\Debug\Lab6_v3.a(ADC_SAR_1_theACLK.o)
                                0x35e (size before relaxing)
 .debug_str     0x00002420      0x16d .\CortexM3\ARM_GCC_541\Debug\Lab6_v3.a(ADC_SAR_2_theACLK.o)
                                0x35e (size before relaxing)
 .debug_str     0x0000258d       0x8c .\CortexM3\ARM_GCC_541\Debug\Lab6_v3.a(VDAC8_2.o)
                                0x22b (size before relaxing)
 .debug_str     0x00002619      0x11a .\CortexM3\ARM_GCC_541\Debug\Lab6_v3.a(Comp_1.o)
                                0x2d0 (size before relaxing)
 .debug_str     0x00002733       0xd8 .\CortexM3\ARM_GCC_541\Debug\Lab6_v3.a(isr_4.o)
                                0x29e (size before relaxing)
 .debug_str     0x0000280b      0x19c .\CortexM3\ARM_GCC_541\Debug\Lab6_v3.a(CyFlash.o)
                                0x399 (size before relaxing)
 .debug_str     0x000029a7       0xac .\CortexM3\ARM_GCC_541\Debug\Lab6_v3.a(CySpc.o)
                                0x322 (size before relaxing)

.debug_loc      0x00000000     0x2863
 *(.debug_loc)
 .debug_loc     0x00000000       0x61 .\CortexM3\ARM_GCC_541\Debug\main.o
 .debug_loc     0x00000061      0x1fd .\CortexM3\ARM_GCC_541\Debug\cyfitter_cfg.o
 .debug_loc     0x0000025e      0x144 .\CortexM3\ARM_GCC_541\Debug\Cm3Start.o
 .debug_loc     0x000003a2       0x26 .\CortexM3\ARM_GCC_541\Debug\Lab6_v3.a(PWM_1.o)
 .debug_loc     0x000003c8       0x78 .\CortexM3\ARM_GCC_541\Debug\Lab6_v3.a(QuadDec_1.o)
 .debug_loc     0x00000440       0x56 .\CortexM3\ARM_GCC_541\Debug\Lab6_v3.a(isr_1.o)
 .debug_loc     0x00000496       0x31 .\CortexM3\ARM_GCC_541\Debug\Lab6_v3.a(Counter_1.o)
 .debug_loc     0x000004c7       0x56 .\CortexM3\ARM_GCC_541\Debug\Lab6_v3.a(isr_2.o)
 .debug_loc     0x0000051d       0x79 .\CortexM3\ARM_GCC_541\Debug\Lab6_v3.a(VDAC8_1.o)
 .debug_loc     0x00000596      0x3c6 .\CortexM3\ARM_GCC_541\Debug\Lab6_v3.a(LCD_Char_1.o)
 .debug_loc     0x0000095c       0x3d .\CortexM3\ARM_GCC_541\Debug\Lab6_v3.a(QuadDec_1_Cnt16.o)
 .debug_loc     0x00000999      0xa11 .\CortexM3\ARM_GCC_541\Debug\Lab6_v3.a(CyLib.o)
 .debug_loc     0x000013aa      0x1e4 .\CortexM3\ARM_GCC_541\Debug\Lab6_v3.a(cyPm.o)
 .debug_loc     0x0000158e      0x295 .\CortexM3\ARM_GCC_541\Debug\Lab6_v3.a(ADC_SAR_1.o)
 .debug_loc     0x00001823       0x60 .\CortexM3\ARM_GCC_541\Debug\Lab6_v3.a(PGA_1.o)
 .debug_loc     0x00001883      0x295 .\CortexM3\ARM_GCC_541\Debug\Lab6_v3.a(ADC_SAR_2.o)
 .debug_loc     0x00001b18      0x128 .\CortexM3\ARM_GCC_541\Debug\Lab6_v3.a(ADC_SAR_1_theACLK.o)
 .debug_loc     0x00001c40      0x128 .\CortexM3\ARM_GCC_541\Debug\Lab6_v3.a(ADC_SAR_2_theACLK.o)
 .debug_loc     0x00001d68       0x79 .\CortexM3\ARM_GCC_541\Debug\Lab6_v3.a(VDAC8_2.o)
 .debug_loc     0x00001de1       0xed .\CortexM3\ARM_GCC_541\Debug\Lab6_v3.a(Comp_1.o)
 .debug_loc     0x00001ece       0x56 .\CortexM3\ARM_GCC_541\Debug\Lab6_v3.a(isr_4.o)
 .debug_loc     0x00001f24      0x2f2 .\CortexM3\ARM_GCC_541\Debug\Lab6_v3.a(CyFlash.o)
 .debug_loc     0x00002216      0x64d .\CortexM3\ARM_GCC_541\Debug\Lab6_v3.a(CySpc.o)

.debug_macinfo
 *(.debug_macinfo)

.debug_ranges   0x00000000      0xb98
 *(.debug_ranges)
 .debug_ranges  0x00000000       0x30 .\CortexM3\ARM_GCC_541\Debug\main.o
 .debug_ranges  0x00000030       0x48 .\CortexM3\ARM_GCC_541\Debug\cyfitter_cfg.o
 .debug_ranges  0x00000078       0x38 .\CortexM3\ARM_GCC_541\Debug\Cm3Start.o
 .debug_ranges  0x000000b0       0x88 .\CortexM3\ARM_GCC_541\Debug\Lab6_v3.a(PWM_1.o)
 .debug_ranges  0x00000138       0x50 .\CortexM3\ARM_GCC_541\Debug\Lab6_v3.a(QuadDec_1.o)
 .debug_ranges  0x00000188       0x70 .\CortexM3\ARM_GCC_541\Debug\Lab6_v3.a(isr_1.o)
 .debug_ranges  0x000001f8       0x88 .\CortexM3\ARM_GCC_541\Debug\Lab6_v3.a(Counter_1.o)
 .debug_ranges  0x00000280       0x70 .\CortexM3\ARM_GCC_541\Debug\Lab6_v3.a(isr_2.o)
 .debug_ranges  0x000002f0       0x48 .\CortexM3\ARM_GCC_541\Debug\Lab6_v3.a(VDAC8_1.o)
 .debug_ranges  0x00000338       0x88 .\CortexM3\ARM_GCC_541\Debug\Lab6_v3.a(LCD_Char_1.o)
 .debug_ranges  0x000003c0       0x88 .\CortexM3\ARM_GCC_541\Debug\Lab6_v3.a(QuadDec_1_Cnt16.o)
 .debug_ranges  0x00000448      0x290 .\CortexM3\ARM_GCC_541\Debug\Lab6_v3.a(CyLib.o)
 .debug_ranges  0x000006d8       0x88 .\CortexM3\ARM_GCC_541\Debug\Lab6_v3.a(cyPm.o)
 .debug_ranges  0x00000760       0x98 .\CortexM3\ARM_GCC_541\Debug\Lab6_v3.a(ADC_SAR_1.o)
 .debug_ranges  0x000007f8       0x10 .\CortexM3\ARM_GCC_541\Debug\Lab6_v3.a(ADC_SAR_1_INT.o)
 .debug_ranges  0x00000808       0x38 .\CortexM3\ARM_GCC_541\Debug\Lab6_v3.a(PGA_1.o)
 .debug_ranges  0x00000840       0x98 .\CortexM3\ARM_GCC_541\Debug\Lab6_v3.a(ADC_SAR_2.o)
 .debug_ranges  0x000008d8       0x10 .\CortexM3\ARM_GCC_541\Debug\Lab6_v3.a(ADC_SAR_2_INT.o)
 .debug_ranges  0x000008e8       0x60 .\CortexM3\ARM_GCC_541\Debug\Lab6_v3.a(ADC_SAR_1_theACLK.o)
 .debug_ranges  0x00000948       0x60 .\CortexM3\ARM_GCC_541\Debug\Lab6_v3.a(ADC_SAR_2_theACLK.o)
 .debug_ranges  0x000009a8       0x48 .\CortexM3\ARM_GCC_541\Debug\Lab6_v3.a(VDAC8_2.o)
 .debug_ranges  0x000009f0       0x60 .\CortexM3\ARM_GCC_541\Debug\Lab6_v3.a(Comp_1.o)
 .debug_ranges  0x00000a50       0x70 .\CortexM3\ARM_GCC_541\Debug\Lab6_v3.a(isr_4.o)
 .debug_ranges  0x00000ac0       0x70 .\CortexM3\ARM_GCC_541\Debug\Lab6_v3.a(CyFlash.o)
 .debug_ranges  0x00000b30       0x68 .\CortexM3\ARM_GCC_541\Debug\Lab6_v3.a(CySpc.o)

.comment        0x00000000       0x6e
 .comment       0x00000000       0x6e .\CortexM3\ARM_GCC_541\Debug\main.o
                                 0x6f (size before relaxing)
 .comment       0x0000006e       0x6f .\CortexM3\ARM_GCC_541\Debug\cyfitter_cfg.o
 .comment       0x0000006e       0x6f .\CortexM3\ARM_GCC_541\Debug\cymetadata.o
 .comment       0x0000006e       0x6f .\CortexM3\ARM_GCC_541\Debug\Cm3Start.o
 .comment       0x0000006e       0x6f .\CortexM3\ARM_GCC_541\Debug\Lab6_v3.a(PWM_1.o)
 .comment       0x0000006e       0x6f .\CortexM3\ARM_GCC_541\Debug\Lab6_v3.a(QuadDec_1.o)
 .comment       0x0000006e       0x6f .\CortexM3\ARM_GCC_541\Debug\Lab6_v3.a(isr_1.o)
 .comment       0x0000006e       0x6f .\CortexM3\ARM_GCC_541\Debug\Lab6_v3.a(Counter_1.o)
 .comment       0x0000006e       0x6f .\CortexM3\ARM_GCC_541\Debug\Lab6_v3.a(isr_2.o)
 .comment       0x0000006e       0x6f .\CortexM3\ARM_GCC_541\Debug\Lab6_v3.a(VDAC8_1.o)
 .comment       0x0000006e       0x6f .\CortexM3\ARM_GCC_541\Debug\Lab6_v3.a(LCD_Char_1.o)
 .comment       0x0000006e       0x6f .\CortexM3\ARM_GCC_541\Debug\Lab6_v3.a(QuadDec_1_Cnt16.o)
 .comment       0x0000006e       0x6f .\CortexM3\ARM_GCC_541\Debug\Lab6_v3.a(CyLib.o)
 .comment       0x0000006e       0x6f .\CortexM3\ARM_GCC_541\Debug\Lab6_v3.a(cyPm.o)
 .comment       0x0000006e       0x6f .\CortexM3\ARM_GCC_541\Debug\Lab6_v3.a(ADC_SAR_1.o)
 .comment       0x0000006e       0x6f .\CortexM3\ARM_GCC_541\Debug\Lab6_v3.a(ADC_SAR_1_INT.o)
 .comment       0x0000006e       0x6f .\CortexM3\ARM_GCC_541\Debug\Lab6_v3.a(PGA_1.o)
 .comment       0x0000006e       0x6f .\CortexM3\ARM_GCC_541\Debug\Lab6_v3.a(ADC_SAR_2.o)
 .comment       0x0000006e       0x6f .\CortexM3\ARM_GCC_541\Debug\Lab6_v3.a(ADC_SAR_2_INT.o)
 .comment       0x0000006e       0x6f .\CortexM3\ARM_GCC_541\Debug\Lab6_v3.a(ADC_SAR_1_theACLK.o)
 .comment       0x0000006e       0x6f .\CortexM3\ARM_GCC_541\Debug\Lab6_v3.a(ADC_SAR_2_theACLK.o)
 .comment       0x0000006e       0x6f .\CortexM3\ARM_GCC_541\Debug\Lab6_v3.a(VDAC8_2.o)
 .comment       0x0000006e       0x6f .\CortexM3\ARM_GCC_541\Debug\Lab6_v3.a(Comp_1.o)
 .comment       0x0000006e       0x6f .\CortexM3\ARM_GCC_541\Debug\Lab6_v3.a(isr_4.o)
 .comment       0x0000006e       0x6f .\CortexM3\ARM_GCC_541\Debug\Lab6_v3.a(CyFlash.o)
 .comment       0x0000006e       0x6f .\CortexM3\ARM_GCC_541\Debug\Lab6_v3.a(CySpc.o)

.debug_weaknames
 *(.debug_weaknames)

.debug_funcnames
 *(.debug_funcnames)

.debug_typenames
 *(.debug_typenames)

.debug_varnames
 *(.debug_varnames)

.note.gnu.arm.ident
 *(.note.gnu.arm.ident)

.ARM.attributes
                0x00000000       0x29
 *(.ARM.attributes)
 .ARM.attributes
                0x00000000       0x1d c:/program files (x86)/cypress/psoc creator/4.1/psoc creator/import/gnu/arm/5.4.1/bin/../lib/gcc/arm-none-eabi/5.4.1/armv7-m/crti.o
 .ARM.attributes
                0x0000001d       0x2d c:/program files (x86)/cypress/psoc creator/4.1/psoc creator/import/gnu/arm/5.4.1/bin/../lib/gcc/arm-none-eabi/5.4.1/armv7-m/crtbegin.o
 .ARM.attributes
                0x0000004a       0x1b c:/program files (x86)/cypress/psoc creator/4.1/psoc creator/import/gnu/arm/5.4.1/bin/../lib/gcc/arm-none-eabi/5.4.1/../../../../arm-none-eabi/lib/armv7-m/crt0.o
 .ARM.attributes
                0x00000065       0x33 .\CortexM3\ARM_GCC_541\Debug\main.o
 .ARM.attributes
                0x00000098       0x33 .\CortexM3\ARM_GCC_541\Debug\cyfitter_cfg.o
 .ARM.attributes
                0x000000cb       0x33 .\CortexM3\ARM_GCC_541\Debug\cymetadata.o
 .ARM.attributes
                0x000000fe       0x33 .\CortexM3\ARM_GCC_541\Debug\Cm3Start.o
 .ARM.attributes
                0x00000131       0x33 .\CortexM3\ARM_GCC_541\Debug\Lab6_v3.a(PWM_1.o)
 .ARM.attributes
                0x00000164       0x33 .\CortexM3\ARM_GCC_541\Debug\Lab6_v3.a(QuadDec_1.o)
 .ARM.attributes
                0x00000197       0x33 .\CortexM3\ARM_GCC_541\Debug\Lab6_v3.a(isr_1.o)
 .ARM.attributes
                0x000001ca       0x33 .\CortexM3\ARM_GCC_541\Debug\Lab6_v3.a(Counter_1.o)
 .ARM.attributes
                0x000001fd       0x33 .\CortexM3\ARM_GCC_541\Debug\Lab6_v3.a(isr_2.o)
 .ARM.attributes
                0x00000230       0x33 .\CortexM3\ARM_GCC_541\Debug\Lab6_v3.a(VDAC8_1.o)
 .ARM.attributes
                0x00000263       0x33 .\CortexM3\ARM_GCC_541\Debug\Lab6_v3.a(LCD_Char_1.o)
 .ARM.attributes
                0x00000296       0x33 .\CortexM3\ARM_GCC_541\Debug\Lab6_v3.a(QuadDec_1_Cnt16.o)
 .ARM.attributes
                0x000002c9       0x33 .\CortexM3\ARM_GCC_541\Debug\Lab6_v3.a(CyLib.o)
 .ARM.attributes
                0x000002fc       0x33 .\CortexM3\ARM_GCC_541\Debug\Lab6_v3.a(cyPm.o)
 .ARM.attributes
                0x0000032f       0x33 .\CortexM3\ARM_GCC_541\Debug\Lab6_v3.a(ADC_SAR_1.o)
 .ARM.attributes
                0x00000362       0x33 .\CortexM3\ARM_GCC_541\Debug\Lab6_v3.a(ADC_SAR_1_INT.o)
 .ARM.attributes
                0x00000395       0x33 .\CortexM3\ARM_GCC_541\Debug\Lab6_v3.a(PGA_1.o)
 .ARM.attributes
                0x000003c8       0x33 .\CortexM3\ARM_GCC_541\Debug\Lab6_v3.a(ADC_SAR_2.o)
 .ARM.attributes
                0x000003fb       0x33 .\CortexM3\ARM_GCC_541\Debug\Lab6_v3.a(ADC_SAR_2_INT.o)
 .ARM.attributes
                0x0000042e       0x33 .\CortexM3\ARM_GCC_541\Debug\Lab6_v3.a(ADC_SAR_1_theACLK.o)
 .ARM.attributes
                0x00000461       0x33 .\CortexM3\ARM_GCC_541\Debug\Lab6_v3.a(ADC_SAR_2_theACLK.o)
 .ARM.attributes
                0x00000494       0x33 .\CortexM3\ARM_GCC_541\Debug\Lab6_v3.a(VDAC8_2.o)
 .ARM.attributes
                0x000004c7       0x33 .\CortexM3\ARM_GCC_541\Debug\Lab6_v3.a(Comp_1.o)
 .ARM.attributes
                0x000004fa       0x33 .\CortexM3\ARM_GCC_541\Debug\Lab6_v3.a(isr_4.o)
 .ARM.attributes
                0x0000052d       0x21 .\CortexM3\ARM_GCC_541\Debug\Lab6_v3.a(CyBootAsmGnu.o)
 .ARM.attributes
                0x0000054e       0x33 .\CortexM3\ARM_GCC_541\Debug\Lab6_v3.a(CyFlash.o)
 .ARM.attributes
                0x00000581       0x33 .\CortexM3\ARM_GCC_541\Debug\Lab6_v3.a(CySpc.o)
 .ARM.attributes
                0x000005b4       0x1d c:/program files (x86)/cypress/psoc creator/4.1/psoc creator/import/gnu/arm/5.4.1/bin/../lib/gcc/arm-none-eabi/5.4.1/armv7-m\libgcc.a(_arm_addsubdf3.o)
 .ARM.attributes
                0x000005d1       0x1d c:/program files (x86)/cypress/psoc creator/4.1/psoc creator/import/gnu/arm/5.4.1/bin/../lib/gcc/arm-none-eabi/5.4.1/armv7-m\libgcc.a(_arm_muldivdf3.o)
 .ARM.attributes
                0x000005ee       0x1d c:/program files (x86)/cypress/psoc creator/4.1/psoc creator/import/gnu/arm/5.4.1/bin/../lib/gcc/arm-none-eabi/5.4.1/armv7-m\libgcc.a(_arm_fixunsdfsi.o)
 .ARM.attributes
                0x0000060b       0x1d c:/program files (x86)/cypress/psoc creator/4.1/psoc creator/import/gnu/arm/5.4.1/bin/../lib/gcc/arm-none-eabi/5.4.1/armv7-m\libgcc.a(_arm_truncdfsf2.o)
 .ARM.attributes
                0x00000628       0x1d c:/program files (x86)/cypress/psoc creator/4.1/psoc creator/import/gnu/arm/5.4.1/bin/../lib/gcc/arm-none-eabi/5.4.1/armv7-m\libgcc.a(_arm_addsubsf3.o)
 .ARM.attributes
                0x00000645       0x1d c:/program files (x86)/cypress/psoc creator/4.1/psoc creator/import/gnu/arm/5.4.1/bin/../lib/gcc/arm-none-eabi/5.4.1/armv7-m\libgcc.a(_arm_muldivsf3.o)
 .ARM.attributes
                0x00000662       0x1d c:/program files (x86)/cypress/psoc creator/4.1/psoc creator/import/gnu/arm/5.4.1/bin/../lib/gcc/arm-none-eabi/5.4.1/armv7-m\libgcc.a(_arm_fixunssfsi.o)
 .ARM.attributes
                0x0000067f       0x1d c:/program files (x86)/cypress/psoc creator/4.1/psoc creator/import/gnu/arm/5.4.1/bin/../lib/gcc/arm-none-eabi/5.4.1/armv7-m\libgcc.a(_aeabi_ldivmod.o)
 .ARM.attributes
                0x0000069c       0x2d c:/program files (x86)/cypress/psoc creator/4.1/psoc creator/import/gnu/arm/5.4.1/bin/../lib/gcc/arm-none-eabi/5.4.1/armv7-m\libgcc.a(_udivmoddi4.o)
 .ARM.attributes
                0x000006c9       0x1d c:/program files (x86)/cypress/psoc creator/4.1/psoc creator/import/gnu/arm/5.4.1/bin/../lib/gcc/arm-none-eabi/5.4.1/armv7-m\libgcc.a(_dvmd_tls.o)
 .ARM.attributes
                0x000006e6       0x2d c:/program files (x86)/cypress/psoc creator/4.1/psoc creator/import/gnu/arm/5.4.1/bin/../lib/gcc/arm-none-eabi/5.4.1/../../../../arm-none-eabi/lib/armv7-m\libg_nano.a(lib_a-errno.o)
 .ARM.attributes
                0x00000713       0x2d c:/program files (x86)/cypress/psoc creator/4.1/psoc creator/import/gnu/arm/5.4.1/bin/../lib/gcc/arm-none-eabi/5.4.1/../../../../arm-none-eabi/lib/armv7-m\libg_nano.a(lib_a-exit.o)
 .ARM.attributes
                0x00000740       0x2d c:/program files (x86)/cypress/psoc creator/4.1/psoc creator/import/gnu/arm/5.4.1/bin/../lib/gcc/arm-none-eabi/5.4.1/../../../../arm-none-eabi/lib/armv7-m\libg_nano.a(lib_a-impure.o)
 .ARM.attributes
                0x0000076d       0x2d c:/program files (x86)/cypress/psoc creator/4.1/psoc creator/import/gnu/arm/5.4.1/bin/../lib/gcc/arm-none-eabi/5.4.1/../../../../arm-none-eabi/lib/armv7-m\libg_nano.a(lib_a-init.o)
 .ARM.attributes
                0x0000079a       0x2d c:/program files (x86)/cypress/psoc creator/4.1/psoc creator/import/gnu/arm/5.4.1/bin/../lib/gcc/arm-none-eabi/5.4.1/../../../../arm-none-eabi/lib/armv7-m\libg_nano.a(lib_a-memcpy-stub.o)
 .ARM.attributes
                0x000007c7       0x2d c:/program files (x86)/cypress/psoc creator/4.1/psoc creator/import/gnu/arm/5.4.1/bin/../lib/gcc/arm-none-eabi/5.4.1/../../../../arm-none-eabi/lib/armv7-m\libg_nano.a(lib_a-memset.o)
 .ARM.attributes
                0x000007f4       0x2d c:/program files (x86)/cypress/psoc creator/4.1/psoc creator/import/gnu/arm/5.4.1/bin/../lib/gcc/arm-none-eabi/5.4.1/armv7-m/crtend.o
 .ARM.attributes
                0x00000821       0x1d c:/program files (x86)/cypress/psoc creator/4.1/psoc creator/import/gnu/arm/5.4.1/bin/../lib/gcc/arm-none-eabi/5.4.1/armv7-m/crtn.o

/DISCARD/
 *(.note.GNU-stack)
OUTPUT(C:\Users\monis\Documents\Academics\SA\Lab 6\Lab6_v3.cydsn\CortexM3\ARM_GCC_541\Debug\Lab6_v3.elf elf32-littlearm)
