Archive member included to satisfy reference by file (symbol)

.\CortexM3\ARM_GCC_541\Debug\Project.a(ADC_SAR_1.o)
                              .\CortexM3\ARM_GCC_541\Debug\main.o (ADC_SAR_1_Start)
.\CortexM3\ARM_GCC_541\Debug\Project.a(ADC_SAR_1_INT.o)
                              .\CortexM3\ARM_GCC_541\Debug\Project.a(ADC_SAR_1.o) (ADC_SAR_1_ISR)
.\CortexM3\ARM_GCC_541\Debug\Project.a(ADC_SAR_2.o)
                              .\CortexM3\ARM_GCC_541\Debug\main.o (ADC_SAR_2_Start)
.\CortexM3\ARM_GCC_541\Debug\Project.a(ADC_SAR_2_INT.o)
                              .\CortexM3\ARM_GCC_541\Debug\Project.a(ADC_SAR_2.o) (ADC_SAR_2_ISR)
.\CortexM3\ARM_GCC_541\Debug\Project.a(LCD_Char_1.o)
                              .\CortexM3\ARM_GCC_541\Debug\main.o (LCD_Char_1_PrintString)
.\CortexM3\ARM_GCC_541\Debug\Project.a(ADC_SAR_1_theACLK.o)
                              .\CortexM3\ARM_GCC_541\Debug\Project.a(ADC_SAR_1.o) (ADC_SAR_1_theACLK_SetModeRegister)
.\CortexM3\ARM_GCC_541\Debug\Project.a(ADC_SAR_2_theACLK.o)
                              .\CortexM3\ARM_GCC_541\Debug\Project.a(ADC_SAR_2.o) (ADC_SAR_2_theACLK_SetModeRegister)
.\CortexM3\ARM_GCC_541\Debug\Project.a(CyLib.o)
                              .\CortexM3\ARM_GCC_541\Debug\Cm3Start.o (CyHalt)
.\CortexM3\ARM_GCC_541\Debug\Project.a(cyPm.o)
                              .\CortexM3\ARM_GCC_541\Debug\Project.a(CyLib.o) (CyPmReadStatus)
.\CortexM3\ARM_GCC_541\Debug\Project.a(p3_1.o)
                              .\CortexM3\ARM_GCC_541\Debug\main.o (p3_1_Write)
.\CortexM3\ARM_GCC_541\Debug\Project.a(p3_0.o)
                              .\CortexM3\ARM_GCC_541\Debug\main.o (p3_0_Write)
.\CortexM3\ARM_GCC_541\Debug\Project.a(p3_5_Orange.o)
                              .\CortexM3\ARM_GCC_541\Debug\main.o (p3_5_Orange_Write)
.\CortexM3\ARM_GCC_541\Debug\Project.a(p3_4_Yellow.o)
                              .\CortexM3\ARM_GCC_541\Debug\main.o (p3_4_Yellow_Write)
.\CortexM3\ARM_GCC_541\Debug\Project.a(p3_6_Pink.o)
                              .\CortexM3\ARM_GCC_541\Debug\main.o (p3_6_Pink_Write)
.\CortexM3\ARM_GCC_541\Debug\Project.a(p3_3_Blue.o)
                              .\CortexM3\ARM_GCC_541\Debug\main.o (p3_3_Blue_Write)
.\CortexM3\ARM_GCC_541\Debug\Project.a(p0_6_LDR_Top.o)
                              .\CortexM3\ARM_GCC_541\Debug\main.o (p0_6_LDR_Top_Read)
.\CortexM3\ARM_GCC_541\Debug\Project.a(p0_7_LDR_Bottom.o)
                              .\CortexM3\ARM_GCC_541\Debug\main.o (p0_7_LDR_Bottom_Read)
.\CortexM3\ARM_GCC_541\Debug\Project.a(CyBootAsmGnu.o)
                              .\CortexM3\ARM_GCC_541\Debug\cyfitter_cfg.o (CyDelayCycles)
.\CortexM3\ARM_GCC_541\Debug\Project.a(CyFlash.o)
                              .\CortexM3\ARM_GCC_541\Debug\Project.a(cyPm.o) (CyFlash_SetWaitCycles)
.\CortexM3\ARM_GCC_541\Debug\Project.a(CySpc.o)
                              .\CortexM3\ARM_GCC_541\Debug\Project.a(CyFlash.o) (CySpcStart)
c:/program files (x86)/cypress/psoc creator/4.1/psoc creator/import/gnu/arm/5.4.1/bin/../lib/gcc/arm-none-eabi/5.4.1/armv7-m\libgcc.a(_arm_addsubsf3.o)
                              .\CortexM3\ARM_GCC_541\Debug\Project.a(ADC_SAR_1.o) (__aeabi_i2f)
c:/program files (x86)/cypress/psoc creator/4.1/psoc creator/import/gnu/arm/5.4.1/bin/../lib/gcc/arm-none-eabi/5.4.1/armv7-m\libgcc.a(_arm_muldivsf3.o)
                              .\CortexM3\ARM_GCC_541\Debug\Project.a(ADC_SAR_1.o) (__aeabi_fmul)
c:/program files (x86)/cypress/psoc creator/4.1/psoc creator/import/gnu/arm/5.4.1/bin/../lib/gcc/arm-none-eabi/5.4.1/armv7-m\libgcc.a(_aeabi_ldivmod.o)
                              .\CortexM3\ARM_GCC_541\Debug\Project.a(ADC_SAR_1.o) (__aeabi_ldivmod)
c:/program files (x86)/cypress/psoc creator/4.1/psoc creator/import/gnu/arm/5.4.1/bin/../lib/gcc/arm-none-eabi/5.4.1/armv7-m\libgcc.a(_udivmoddi4.o)
                              c:/program files (x86)/cypress/psoc creator/4.1/psoc creator/import/gnu/arm/5.4.1/bin/../lib/gcc/arm-none-eabi/5.4.1/armv7-m\libgcc.a(_aeabi_ldivmod.o) (__udivmoddi4)
c:/program files (x86)/cypress/psoc creator/4.1/psoc creator/import/gnu/arm/5.4.1/bin/../lib/gcc/arm-none-eabi/5.4.1/armv7-m\libgcc.a(_dvmd_tls.o)
                              c:/program files (x86)/cypress/psoc creator/4.1/psoc creator/import/gnu/arm/5.4.1/bin/../lib/gcc/arm-none-eabi/5.4.1/armv7-m\libgcc.a(_aeabi_ldivmod.o) (__aeabi_ldiv0)
c:/program files (x86)/cypress/psoc creator/4.1/psoc creator/import/gnu/arm/5.4.1/bin/../lib/gcc/arm-none-eabi/5.4.1/../../../../arm-none-eabi/lib/armv7-m\libg_nano.a(lib_a-errno.o)
                              .\CortexM3\ARM_GCC_541\Debug\Cm3Start.o (__errno)
c:/program files (x86)/cypress/psoc creator/4.1/psoc creator/import/gnu/arm/5.4.1/bin/../lib/gcc/arm-none-eabi/5.4.1/../../../../arm-none-eabi/lib/armv7-m\libg_nano.a(lib_a-exit.o)
[...]
Memory Configuration

Name             Origin             Length             Attributes
rom              0x00000000         0x00040000         xr
ram              0x1fff8000         0x00010000         xrw
*default*        0x00000000         0xffffffff

Linker script and memory map

LOAD c:/program files (x86)/cypress/psoc creator/4.1/psoc creator/import/gnu/arm/5.4.1/bin/../lib/gcc/arm-none-eabi/5.4.1/armv7-m/crti.o
LOAD c:/program files (x86)/cypress/psoc creator/4.1/psoc creator/import/gnu/arm/5.4.1/bin/../lib/gcc/arm-none-eabi/5.4.1/armv7-m/crtbegin.o
LOAD c:/program files (x86)/cypress/psoc creator/4.1/psoc creator/import/gnu/arm/5.4.1/bin/../lib/gcc/arm-none-eabi/5.4.1/../../../../arm-none-eabi/lib/armv7-m/crt0.o
START GROUP
LOAD .\CortexM3\ARM_GCC_541\Debug\main.o
LOAD .\CortexM3\ARM_GCC_541\Debug\cyfitter_cfg.o
LOAD .\CortexM3\ARM_GCC_541\Debug\cymetadata.o
LOAD .\CortexM3\ARM_GCC_541\Debug\Cm3Start.o
LOAD .\CortexM3\ARM_GCC_541\Debug\Project.a
LOAD C:\Program Files (x86)\Cypress\PSoC Creator\4.1\PSoC Creator\psoc\content\cycomponentlibrary\CyComponentLibrary.cylib\CortexM3\ARM_GCC_541\Debug\CyComponentLibrary.a
END GROUP
START GROUP
LOAD c:/program files (x86)/cypress/psoc creator/4.1/psoc creator/import/gnu/arm/5.4.1/bin/../lib/gcc/arm-none-eabi/5.4.1/armv7-m\libgcc.a
LOAD c:/program files (x86)/cypress/psoc creator/4.1/psoc creator/import/gnu/arm/5.4.1/bin/../lib/gcc/arm-none-eabi/5.4.1/../../../../arm-none-eabi/lib/armv7-m\libg_nano.a
LOAD c:/program files (x86)/cypress/psoc creator/4.1/psoc creator/import/gnu/arm/5.4.1/bin/../lib/gcc/arm-none-eabi/5.4.1/../../../../arm-none-eabi/lib/armv7-m\libc_nano.a
END GROUP
START GROUP
LOAD c:/program files (x86)/cypress/psoc creator/4.1/psoc creator/import/gnu/arm/5.4.1/bin/../lib/gcc/arm-none-eabi/5.4.1/armv7-m\libgcc.a
LOAD c:/program files (x86)/cypress/psoc creator/4.1/psoc creator/import/gnu/arm/5.4.1/bin/../lib/gcc/arm-none-eabi/5.4.1/../../../../arm-none-eabi/lib/armv7-m\libc_nano.a
END GROUP
LOAD c:/program files (x86)/cypress/psoc creator/4.1/psoc creator/import/gnu/arm/5.4.1/bin/../lib/gcc/arm-none-eabi/5.4.1/armv7-m/crtend.o
LOAD c:/program files (x86)/cypress/psoc creator/4.1/psoc creator/import/gnu/arm/5.4.1/bin/../lib/gcc/arm-none-eabi/5.4.1/armv7-m/crtn.o
START GROUP
LOAD c:/program files (x86)/cypress/psoc creator/4.1/psoc creator/import/gnu/arm/5.4.1/bin/../lib/gcc/arm-none-eabi/5.4.1/armv7-m\libgcc.a
LOAD c:/program files (x86)/cypress/psoc creator/4.1/psoc creator/import/gnu/arm/5.4.1/bin/../lib/gcc/arm-none-eabi/5.4.1/../../../../arm-none-eabi/lib/armv7-m\libc.a
LOAD c:/program files (x86)/cypress/psoc creator/4.1/psoc creator/import/gnu/arm/5.4.1/bin/../lib/gcc/arm-none-eabi/5.4.1/../../../../arm-none-eabi/lib/armv7-m\libnosys.a
END GROUP
                0x00000000                CY_APPL_ORIGIN = 0x0
                0x00000100                CY_FLASH_ROW_SIZE = 0x100
                0x00000020                CY_ECC_ROW_SIZE = 0x20
                0x00000000                CY_EE_IN_BTLDR = 0x0
                0x00000000                CY_APPL_LOADABLE = 0x0
                0x00000800                CY_EE_SIZE = 0x800
                0x00000001                CY_APPL_NUM = 0x1
                0x00000001                CY_APPL_MAX = 0x1
                0x00000040                CY_METADATA_SIZE = 0x40
                0x00000000                CY_APPL_LOADABLE = 0x0
                0x00000000                CY_CHECKSUM_EXCLUDE_SIZE = ALIGN (0x0, CY_FLASH_ROW_SIZE)
                [!provide]                PROVIDE (__cy_heap_start, _end)
                0x00000001                PROVIDE (__cy_region_num, ((__cy_regions_end - __cy_regions) / 0x10))
                0x20008000                PROVIDE (__cy_stack, (ORIGIN (ram) + LENGTH (ram)))
                [!provide]                PROVIDE (__cy_heap_end, (__cy_stack - 0x800))

.cybootloader   0x00000000        0x0
 *(.cybootloader)
                0x00000000                appl1_start = CY_APPL_ORIGIN?CY_APPL_ORIGIN:ALIGN (CY_FLASH_ROW_SIZE)
                0x0001ff00                appl2_start = (appl1_start + ALIGN ((((LENGTH (rom) - appl1_start) - (0x2 * CY_FLASH_ROW_SIZE)) / 0x2), CY_FLASH_ROW_SIZE))
                0x00000000                appl_start = (CY_APPL_NUM == 0x1)?appl1_start:appl2_start
                0x00000000                ecc_offset = ((appl_start / CY_FLASH_ROW_SIZE) * CY_ECC_ROW_SIZE)
                0x00000000                ee_offset = (CY_APPL_LOADABLE && ! (CY_EE_IN_BTLDR))?((CY_EE_SIZE / CY_APPL_MAX) * (CY_APPL_NUM - 0x1)):0x0
                0x00000800                ee_size = (CY_APPL_LOADABLE && ! (CY_EE_IN_BTLDR))?(CY_EE_SIZE / CY_APPL_MAX):CY_EE_SIZE
                [!provide]                PROVIDE (CY_ECC_OFFSET, ecc_offset)

.text           0x00000000      0xf6e
 CREATE_OBJECT_SYMBOLS
                0x00000000                PROVIDE (__cy_interrupt_vector, RomVectors)
 *(.romvectors)
 .romvectors    0x00000000       0x10 .\CortexM3\ARM_GCC_541\Debug\Cm3Start.o
                0x00000000                RomVectors
                0x00000001                ASSERT ((. != __cy_interrupt_vector), No interrupt vector)
                0x00000001                ASSERT (CY_APPL_ORIGIN?(SIZEOF (.cybootloader) <= CY_APPL_ORIGIN):0x1, Wrong image location)
                0x00000010                PROVIDE (__cy_reset, Reset)
 *(.text.Reset)
 .text.Reset    0x00000010       0x18 .\CortexM3\ARM_GCC_541\Debug\Cm3Start.o
                0x00000010                Reset
                0x00000001                ASSERT ((. != __cy_reset), No reset code)
 *(.dma_init)
                0x00000001                ASSERT ((((appl_start + .) <= 0x10000) || 0x1), DMA Init must be within the first 64k of flash)
 *(.text .text.* .gnu.linkonce.t.*)
 .text          0x00000028       0x5c c:/program files (x86)/cypress/psoc creator/4.1/psoc creator/import/gnu/arm/5.4.1/bin/../lib/gcc/arm-none-eabi/5.4.1/armv7-m/crtbegin.o
 .text.control_receiver
                0x00000084      0x118 .\CortexM3\ARM_GCC_541\Debug\main.o
                0x00000084                control_receiver
 .text.slow_step
                0x0000019c       0x78 .\CortexM3\ARM_GCC_541\Debug\main.o
                0x0000019c                slow_step
 .text.step     0x00000214       0x78 .\CortexM3\ARM_GCC_541\Debug\main.o
                0x00000214                step
 .text.LCD      0x0000028c       0x90 .\CortexM3\ARM_GCC_541\Debug\main.o
                0x0000028c                LCD
 .text.align_axis
                0x0000031c       0x40 .\CortexM3\ARM_GCC_541\Debug\main.o
                0x0000031c                align_axis
 .text.main     0x0000035c       0x68 .\CortexM3\ARM_GCC_541\Debug\main.o
                0x0000035c                main
 .text.CyClockStartupError
                0x000003c4        0x4 .\CortexM3\ARM_GCC_541\Debug\cyfitter_cfg.o
 .text.cfg_write_bytes32
                0x000003c8       0x34 .\CortexM3\ARM_GCC_541\Debug\cyfitter_cfg.o
 .text.CYMEMZERO
                0x000003fc        0xc .\CortexM3\ARM_GCC_541\Debug\cyfitter_cfg.o
 .text.ClockSetup
                0x00000408       0xc4 .\CortexM3\ARM_GCC_541\Debug\cyfitter_cfg.o
 .text.AnalogSetDefault
                0x000004cc       0x98 .\CortexM3\ARM_GCC_541\Debug\cyfitter_cfg.o
 .text.CYCONFIGCPY
                0x00000564        0x8 .\CortexM3\ARM_GCC_541\Debug\cyfitter_cfg.o
 .text.cyfitter_cfg
                0x0000056c       0xe8 .\CortexM3\ARM_GCC_541\Debug\cyfitter_cfg.o
                0x0000056c                cyfitter_cfg
 .text.IntDefaultHandler
                0x00000654       0x10 .\CortexM3\ARM_GCC_541\Debug\Cm3Start.o
                0x00000654                IntDefaultHandler
 .text.Start_c  0x00000664       0x4c .\CortexM3\ARM_GCC_541\Debug\Cm3Start.o
                0x00000664                Start_c
 .text.initialize_psoc
                0x000006b0       0x68 .\CortexM3\ARM_GCC_541\Debug\Cm3Start.o
                0x000006b0                initialize_psoc
 .text.ADC_SAR_1_CalcGain
                0x00000718       0x5c .\CortexM3\ARM_GCC_541\Debug\Project.a(ADC_SAR_1.o)
 .text.ADC_SAR_1_Enable
                0x00000774       0x94 .\CortexM3\ARM_GCC_541\Debug\Project.a(ADC_SAR_1.o)
                0x00000774                ADC_SAR_1_Enable
 .text.ADC_SAR_1_SetResolution
                0x00000808       0x38 .\CortexM3\ARM_GCC_541\Debug\Project.a(ADC_SAR_1.o)
                0x00000808                ADC_SAR_1_SetResolution
 .text.ADC_SAR_1_Init
                0x00000840       0x3c .\CortexM3\ARM_GCC_541\Debug\Project.a(ADC_SAR_1.o)
                0x00000840                ADC_SAR_1_Init
 .text.ADC_SAR_1_Start
                0x0000087c       0x1c .\CortexM3\ARM_GCC_541\Debug\Project.a(ADC_SAR_1.o)
                0x0000087c                ADC_SAR_1_Start
 .text.ADC_SAR_1_StartConvert
                0x00000898       0x10 .\CortexM3\ARM_GCC_541\Debug\Project.a(ADC_SAR_1.o)
                0x00000898                ADC_SAR_1_StartConvert
 .text.ADC_SAR_1_GetResult16
                0x000008a8       0x18 .\CortexM3\ARM_GCC_541\Debug\Project.a(ADC_SAR_1.o)
                0x000008a8                ADC_SAR_1_GetResult16
 .text.ADC_SAR_1_ISR
                0x000008c0        0x4 .\CortexM3\ARM_GCC_541\Debug\Project.a(ADC_SAR_1_INT.o)
                0x000008c0                ADC_SAR_1_ISR
 .text.ADC_SAR_2_CalcGain
                0x000008c4       0x64 .\CortexM3\ARM_GCC_541\Debug\Project.a(ADC_SAR_2.o)
 .text.ADC_SAR_2_Enable
                0x00000928       0x94 .\CortexM3\ARM_GCC_541\Debug\Project.a(ADC_SAR_2.o)
                0x00000928                ADC_SAR_2_Enable
 .text.ADC_SAR_2_SetResolution
                0x000009bc       0x38 .\CortexM3\ARM_GCC_541\Debug\Project.a(ADC_SAR_2.o)
                0x000009bc                ADC_SAR_2_SetResolution
 .text.ADC_SAR_2_Init
                0x000009f4       0x3c .\CortexM3\ARM_GCC_541\Debug\Project.a(ADC_SAR_2.o)
                0x000009f4                ADC_SAR_2_Init
 .text.ADC_SAR_2_Start
                0x00000a30       0x1c .\CortexM3\ARM_GCC_541\Debug\Project.a(ADC_SAR_2.o)
                0x00000a30                ADC_SAR_2_Start
 .text.ADC_SAR_2_StartConvert
                0x00000a4c       0x10 .\CortexM3\ARM_GCC_541\Debug\Project.a(ADC_SAR_2.o)
                0x00000a4c                ADC_SAR_2_StartConvert
 .text.ADC_SAR_2_GetResult8
                0x00000a5c       0x18 .\CortexM3\ARM_GCC_541\Debug\Project.a(ADC_SAR_2.o)
                0x00000a5c                ADC_SAR_2_GetResult8
 .text.ADC_SAR_2_ISR
                0x00000a74        0x4 .\CortexM3\ARM_GCC_541\Debug\Project.a(ADC_SAR_2_INT.o)
                0x00000a74                ADC_SAR_2_ISR
 .text.LCD_Char_1_WrCntrlNib
                0x00000a78       0x34 .\CortexM3\ARM_GCC_541\Debug\Project.a(LCD_Char_1.o)
 .text.LCD_Char_1_WrDatNib
                0x00000aac       0x44 .\CortexM3\ARM_GCC_541\Debug\Project.a(LCD_Char_1.o)
 .text.LCD_Char_1_IsReady
                0x00000af0       0xe4 .\CortexM3\ARM_GCC_541\Debug\Project.a(LCD_Char_1.o)
                0x00000af0                LCD_Char_1_IsReady
 .text.LCD_Char_1_WriteData
                0x00000bd4       0x18 .\CortexM3\ARM_GCC_541\Debug\Project.a(LCD_Char_1.o)
                0x00000bd4                LCD_Char_1_WriteData
 .text.LCD_Char_1_PrintString
                0x00000bec       0x1c .\CortexM3\ARM_GCC_541\Debug\Project.a(LCD_Char_1.o)
                0x00000bec                LCD_Char_1_PrintString
 .text.LCD_Char_1_WriteControl
                0x00000c08       0x18 .\CortexM3\ARM_GCC_541\Debug\Project.a(LCD_Char_1.o)
                0x00000c08                LCD_Char_1_WriteControl
 .text.LCD_Char_1_Init
                0x00000c20       0x6c .\CortexM3\ARM_GCC_541\Debug\Project.a(LCD_Char_1.o)
                0x00000c20                LCD_Char_1_Init
 .text.LCD_Char_1_Enable
                0x00000c8c       0x14 .\CortexM3\ARM_GCC_541\Debug\Project.a(LCD_Char_1.o)
                0x00000c8c                LCD_Char_1_Enable
 .text.LCD_Char_1_Start
                0x00000ca0       0x1c .\CortexM3\ARM_GCC_541\Debug\Project.a(LCD_Char_1.o)
                0x00000ca0                LCD_Char_1_Start
 .text.LCD_Char_1_Position
                0x00000cbc       0x3c .\CortexM3\ARM_GCC_541\Debug\Project.a(LCD_Char_1.o)
                0x00000cbc                LCD_Char_1_Position
 .text.LCD_Char_1_PrintU32Number
                0x00000cf8       0x64 .\CortexM3\ARM_GCC_541\Debug\Project.a(LCD_Char_1.o)
                0x00000cf8                LCD_Char_1_PrintU32Number
 .text.ADC_SAR_1_theACLK_SetModeRegister
                0x00000d5c       0x14 .\CortexM3\ARM_GCC_541\Debug\Project.a(ADC_SAR_1_theACLK.o)
                0x00000d5c                ADC_SAR_1_theACLK_SetModeRegister
 .text.ADC_SAR_2_theACLK_SetModeRegister
                0x00000d70       0x14 .\CortexM3\ARM_GCC_541\Debug\Project.a(ADC_SAR_2_theACLK.o)
                0x00000d70                ADC_SAR_2_theACLK_SetModeRegister
 .text.CyHalt   0x00000d84        0x4 .\CortexM3\ARM_GCC_541\Debug\Project.a(CyLib.o)
                0x00000d84                CyHalt
 .text.CyDelay  0x00000d88       0x2c .\CortexM3\ARM_GCC_541\Debug\Project.a(CyLib.o)
                0x00000d88                CyDelay
 .text.CyDelayUs
                0x00000db4       0x14 .\CortexM3\ARM_GCC_541\Debug\Project.a(CyLib.o)
                0x00000db4                CyDelayUs
 .text.CyIntSetVector
                0x00000dc8       0x28 .\CortexM3\ARM_GCC_541\Debug\Project.a(CyLib.o)
                0x00000dc8                CyIntSetVector
 .text.CyIntSetPriority
                0x00000df0       0x30 .\CortexM3\ARM_GCC_541\Debug\Project.a(CyLib.o)
                0x00000df0                CyIntSetPriority
 .text.p3_1_Write
                0x00000e20       0x18 .\CortexM3\ARM_GCC_541\Debug\Project.a(p3_1.o)
                0x00000e20                p3_1_Write
 .text.p3_0_Write
                0x00000e38       0x18 .\CortexM3\ARM_GCC_541\Debug\Project.a(p3_0.o)
                0x00000e38                p3_0_Write
 .text.p3_5_Orange_Write
                0x00000e50       0x18 .\CortexM3\ARM_GCC_541\Debug\Project.a(p3_5_Orange.o)
                0x00000e50                p3_5_Orange_Write
 .text.p3_4_Yellow_Write
                0x00000e68       0x18 .\CortexM3\ARM_GCC_541\Debug\Project.a(p3_4_Yellow.o)
                0x00000e68                p3_4_Yellow_Write
 .text.p3_6_Pink_Write
                0x00000e80       0x18 .\CortexM3\ARM_GCC_541\Debug\Project.a(p3_6_Pink.o)
                0x00000e80                p3_6_Pink_Write
 .text.p3_3_Blue_Write
                0x00000e98       0x18 .\CortexM3\ARM_GCC_541\Debug\Project.a(p3_3_Blue.o)
                0x00000e98                p3_3_Blue_Write
 .text.p0_6_LDR_Top_Read
                0x00000eb0       0x10 .\CortexM3\ARM_GCC_541\Debug\Project.a(p0_6_LDR_Top.o)
                0x00000eb0                p0_6_LDR_Top_Read
 .text.p0_7_LDR_Bottom_Read
                0x00000ec0        0xc .\CortexM3\ARM_GCC_541\Debug\Project.a(p0_7_LDR_Bottom.o)
                0x00000ec0                p0_7_LDR_Bottom_Read
 *fill*         0x00000ecc        0x4 
 .text          0x00000ed0       0x20 .\CortexM3\ARM_GCC_541\Debug\Project.a(CyBootAsmGnu.o)
                0x00000ed0                CyDelayCycles
                0x00000ee0                CyEnterCriticalSection
                0x00000ee8                CyExitCriticalSection
 .text.__errno  0x00000ef0        0xc c:/program files (x86)/cypress/psoc creator/4.1/psoc creator/import/gnu/arm/5.4.1/bin/../lib/gcc/arm-none-eabi/5.4.1/../../../../arm-none-eabi/lib/armv7-m\libg_nano.a(lib_a-errno.o)
                0x00000ef0                __errno
 .text.__libc_init_array
                0x00000efc       0x4c c:/program files (x86)/cypress/psoc creator/4.1/psoc creator/import/gnu/arm/5.4.1/bin/../lib/gcc/arm-none-eabi/5.4.1/../../../../arm-none-eabi/lib/armv7-m\libg_nano.a(lib_a-init.o)
                0x00000efc                __libc_init_array
 .text.memcpy   0x00000f48       0x16 c:/program files (x86)/cypress/psoc creator/4.1/psoc creator/import/gnu/arm/5.4.1/bin/../lib/gcc/arm-none-eabi/5.4.1/../../../../arm-none-eabi/lib/armv7-m\libg_nano.a(lib_a-memcpy-stub.o)
                0x00000f48                memcpy
 .text.memset   0x00000f5e       0x10 c:/program files (x86)/cypress/psoc creator/4.1/psoc creator/import/gnu/arm/5.4.1/bin/../lib/gcc/arm-none-eabi/5.4.1/../../../../arm-none-eabi/lib/armv7-m\libg_nano.a(lib_a-memset.o)
                0x00000f5e                memset
 *(.plt)
 *(.gnu.warning)
 *(.glue_7t)
 .glue_7t       0x00000f6e        0x0 linker stubs
 *(.glue_7)
 .glue_7        0x00000f6e        0x0 linker stubs
 *(.vfp11_veneer)
 .vfp11_veneer  0x00000f6e        0x0 linker stubs
 *(.bootloader)
 *(.ARM.extab* .gnu.linkonce.armextab.*)
 *(.gcc_except_table)

.v4_bx          0x00000f70        0x0
 .v4_bx         0x00000f70        0x0 linker stubs

.iplt           0x00000f70        0x0
 .iplt          0x00000f70        0x0 c:/program files (x86)/cypress/psoc creator/4.1/psoc creator/import/gnu/arm/5.4.1/bin/../lib/gcc/arm-none-eabi/5.4.1/armv7-m/crtbegin.o

.eh_frame_hdr
 *(.eh_frame_hdr)

.eh_frame       0x00000f70        0x4
 *(.eh_frame)
 .eh_frame      0x00000f70        0x0 c:/program files (x86)/cypress/psoc creator/4.1/psoc creator/import/gnu/arm/5.4.1/bin/../lib/gcc/arm-none-eabi/5.4.1/armv7-m/crtbegin.o
 .eh_frame      0x00000f70        0x4 c:/program files (x86)/cypress/psoc creator/4.1/psoc creator/import/gnu/arm/5.4.1/bin/../lib/gcc/arm-none-eabi/5.4.1/armv7-m/crtend.o
                [!provide]                PROVIDE (__exidx_start, .)

.ARM.exidx
 *(.ARM.exidx* .gnu.linkonce.armexidx.*)
                0x00000f74                __exidx_end = .

.rodata         0x00000f74       0xb4
 *(.rodata .rodata.* .gnu.linkonce.r.*)
 .rodata.str1.4
                0x00000f74       0x48 .\CortexM3\ARM_GCC_541\Debug\main.o
                                 0x46 (size before relaxing)
 .rodata        0x00000fbc       0x30 .\CortexM3\ARM_GCC_541\Debug\cyfitter_cfg.o
 .rodata.str1.1
                0x00000fec        0x2 c:/program files (x86)/cypress/psoc creator/4.1/psoc creator/import/gnu/arm/5.4.1/bin/../lib/gcc/arm-none-eabi/5.4.1/../../../../arm-none-eabi/lib/armv7-m\libg_nano.a(lib_a-impure.o)
                0x00000ff0                . = ALIGN (0x4)
 *fill*         0x00000fee        0x2 
 *(.init)
 .init          0x00000ff0        0x4 c:/program files (x86)/cypress/psoc creator/4.1/psoc creator/import/gnu/arm/5.4.1/bin/../lib/gcc/arm-none-eabi/5.4.1/armv7-m/crti.o
                0x00000ff0                _init
 .init          0x00000ff4        0x8 c:/program files (x86)/cypress/psoc creator/4.1/psoc creator/import/gnu/arm/5.4.1/bin/../lib/gcc/arm-none-eabi/5.4.1/armv7-m/crtn.o
                0x00000ffc                . = ALIGN (0x4)
                0x00000ffc                __preinit_array_start = .
 *(.preinit_array)
                0x00000ffc                __preinit_array_end = .
                0x00000ffc                . = ALIGN (0x4)
                0x00000ffc                __init_array_start = .
 *(SORT(.init_array.*))
 *(.init_array)
 .init_array    0x00000ffc        0x4 c:/program files (x86)/cypress/psoc creator/4.1/psoc creator/import/gnu/arm/5.4.1/bin/../lib/gcc/arm-none-eabi/5.4.1/armv7-m/crtbegin.o
 .init_array    0x00001000        0x4 .\CortexM3\ARM_GCC_541\Debug\Cm3Start.o
                0x00001004                __init_array_end = .
                0x00001004                . = ALIGN (0x4)
 *(.fini)
 .fini          0x00001004        0x4 c:/program files (x86)/cypress/psoc creator/4.1/psoc creator/import/gnu/arm/5.4.1/bin/../lib/gcc/arm-none-eabi/5.4.1/armv7-m/crti.o
                0x00001004                _fini
 .fini          0x00001008        0x8 c:/program files (x86)/cypress/psoc creator/4.1/psoc creator/import/gnu/arm/5.4.1/bin/../lib/gcc/arm-none-eabi/5.4.1/armv7-m/crtn.o
                0x00001010                . = ALIGN (0x4)
                0x00001010                __fini_array_start = .
 *(.fini_array)
 .fini_array    0x00001010        0x4 c:/program files (x86)/cypress/psoc creator/4.1/psoc creator/import/gnu/arm/5.4.1/bin/../lib/gcc/arm-none-eabi/5.4.1/armv7-m/crtbegin.o
 *(SORT(.fini_array.*))
                0x00001014                __fini_array_end = .
                0x00001014                . = ALIGN (0x4)
 *crtbegin.o(.ctors)
 *(EXCLUDE_FILE(*crtend.o) .ctors)
 *(SORT(.ctors.*))
 *crtend.o(.ctors)
                0x00001014                . = ALIGN (0x4)
 *crtbegin.o(.dtors)
 *(EXCLUDE_FILE(*crtend.o) .dtors)
 *(SORT(.dtors.*))
 *crtend.o(.dtors)
                0x00001014                . = ALIGN (0x4)
                0x00001014                __cy_regions = .
                0x00001014        0x4 LONG 0x1028 __cy_region_init_ram
                0x00001018        0x4 LONG 0x1fff80c8 __cy_region_start_data
                0x0000101c        0x4 LONG 0xa0 __cy_region_init_size_ram
                0x00001020        0x4 LONG 0x50 __cy_region_zero_size_ram
                0x00001024                __cy_regions_end = .
                0x00001028                . = ALIGN (0x8)
 *fill*         0x00001024        0x4 
                0x00001028                _etext = .

.cy_checksum_exclude
                0x00001028        0x0
 *(.cy_checksum_exclude)

.ramvectors     0x1fff8000       0xc0
                0x1fff8000                __cy_region_start_ram = .
 *(.ramvectors)
 .ramvectors    0x1fff8000       0xc0 .\CortexM3\ARM_GCC_541\Debug\Cm3Start.o
                0x1fff8000                CyRamVectors

.noinit         0x1fff80c0        0x1
 *(.noinit)
 .noinit        0x1fff80c0        0x1 .\CortexM3\ARM_GCC_541\Debug\Project.a(CyLib.o)
                0x1fff80c0                CyResetStatus

.data           0x1fff80c8       0xa0 load address 0x00001028
                0x1fff80c8                __cy_region_start_data = .
 *(.jcr)
 .jcr           0x1fff80c8        0x0 c:/program files (x86)/cypress/psoc creator/4.1/psoc creator/import/gnu/arm/5.4.1/bin/../lib/gcc/arm-none-eabi/5.4.1/armv7-m/crtbegin.o
 .jcr           0x1fff80c8        0x4 c:/program files (x86)/cypress/psoc creator/4.1/psoc creator/import/gnu/arm/5.4.1/bin/../lib/gcc/arm-none-eabi/5.4.1/armv7-m/crtend.o
 *(.got.plt)
 *(.got)
 *(.shdata)
 *(.data .data.* .gnu.linkonce.d.*)
 .data          0x1fff80cc       0x21 .\CortexM3\ARM_GCC_541\Debug\main.o
                0x1fff80cc                counter_clockwise_table
                0x1fff80ec                delay_flag
 *fill*         0x1fff80ed        0x3 
 .data          0x1fff80f0       0x10 .\CortexM3\ARM_GCC_541\Debug\Project.a(CyLib.o)
                0x1fff80f0                cydelay_32k_ms
                0x1fff80f4                cydelay_freq_khz
                0x1fff80f8                cydelay_freq_mhz
                0x1fff80fc                cydelay_freq_hz
 .data.impure_data
                0x1fff8100       0x60 c:/program files (x86)/cypress/psoc creator/4.1/psoc creator/import/gnu/arm/5.4.1/bin/../lib/gcc/arm-none-eabi/5.4.1/../../../../arm-none-eabi/lib/armv7-m\libg_nano.a(lib_a-impure.o)
 .data._impure_ptr
                0x1fff8160        0x4 c:/program files (x86)/cypress/psoc creator/4.1/psoc creator/import/gnu/arm/5.4.1/bin/../lib/gcc/arm-none-eabi/5.4.1/../../../../arm-none-eabi/lib/armv7-m\libg_nano.a(lib_a-impure.o)
                0x1fff8160                _impure_ptr
                0x1fff8168                . = ALIGN (0x8)
 *fill*         0x1fff8164        0x4 
 *(.ram)
                0x1fff8168                _edata = .

.igot.plt       0x1fff8168        0x0 load address 0x000010c8
 .igot.plt      0x1fff8168        0x0 c:/program files (x86)/cypress/psoc creator/4.1/psoc creator/import/gnu/arm/5.4.1/bin/../lib/gcc/arm-none-eabi/5.4.1/armv7-m/crtbegin.o

.bss            0x1fff8168       0x50 load address 0x000010c8
                0x1fff8168                PROVIDE (__bss_start__, .)
 *(.shbss)
 *(.bss .bss.* .gnu.linkonce.b.*)
 .bss           0x1fff8168       0x1c c:/program files (x86)/cypress/psoc creator/4.1/psoc creator/import/gnu/arm/5.4.1/bin/../lib/gcc/arm-none-eabi/5.4.1/armv7-m/crtbegin.o
 .bss           0x1fff8184       0x14 .\CortexM3\ARM_GCC_541\Debug\main.o
                0x1fff8184                potentiometer_value
                0x1fff8185                mode_of_receiver
                0x1fff8186                flag
                0x1fff8194                z_axis_acceleration
 .bss           0x1fff8198        0x1 .\CortexM3\ARM_GCC_541\Debug\Project.a(ADC_SAR_1.o)
                0x1fff8198                ADC_SAR_1_initVar
 .bss           0x1fff8199        0x1 .\CortexM3\ARM_GCC_541\Debug\Project.a(ADC_SAR_2.o)
                0x1fff8199                ADC_SAR_2_initVar
 .bss           0x1fff819a        0x2 .\CortexM3\ARM_GCC_541\Debug\Project.a(LCD_Char_1.o)
                0x1fff819a                LCD_Char_1_enableState
                0x1fff819b                LCD_Char_1_initVar
 *(COMMON)
 COMMON         0x1fff819c        0x2 .\CortexM3\ARM_GCC_541\Debug\main.o
                0x1fff819c                step_count
 *fill*         0x1fff819e        0x2 
 COMMON         0x1fff81a0        0xa .\CortexM3\ARM_GCC_541\Debug\Project.a(ADC_SAR_1.o)
                0x1fff81a0                ADC_SAR_1_countsPerVolt
                0x1fff81a2                ADC_SAR_1_shift
                0x1fff81a4                ADC_SAR_1_countsPer10Volt
                0x1fff81a8                ADC_SAR_1_offset
 *fill*         0x1fff81aa        0x2 
 COMMON         0x1fff81ac        0xa .\CortexM3\ARM_GCC_541\Debug\Project.a(ADC_SAR_2.o)
                0x1fff81ac                ADC_SAR_2_countsPer10Volt
                0x1fff81b0                ADC_SAR_2_shift
                0x1fff81b2                ADC_SAR_2_offset
                0x1fff81b4                ADC_SAR_2_countsPerVolt
                0x1fff81b8                . = ALIGN (0x8)
 *fill*         0x1fff81b6        0x2 
 *(.ram.b)
                0x1fff81b8                _end = .
                0x1fff81b8                __end = .
                0x1fff81b8                PROVIDE (end, .)
                0x1fff81b8                PROVIDE (__bss_end__, .)
                0x00001028                __cy_region_init_ram = LOADADDR (.data)
                0x000000a0                __cy_region_init_size_ram = (_edata - ADDR (.data))
                0x00000050                __cy_region_zero_size_ram = (_end - _edata)

.heap           0x1fff81b8       0x80 load address 0x000010c8
                0x1fff81b8                . = _end
                0x1fff8238                . = (. + 0x80)
 *fill*         0x1fff81b8       0x80 
                0x1fff8238                __cy_heap_limit = .

.stack          0x20007800      0x800
                0x20007800                __cy_stack_limit = .
                0x20008000                . = (. + 0x800)
 *fill*         0x20007800      0x800 
                0x00000001                ASSERT ((__cy_stack_limit >= __cy_heap_limit), region RAM overflowed with stack)
                0x00000000                cy_checksum_exclude_size = (CY_APPL_LOADABLE == 0x1)?SIZEOF (.cy_checksum_exclude):0x0
                0x00000001                ASSERT ((cy_checksum_exclude_size <= CY_CHECKSUM_EXCLUDE_SIZE), CY_BOOT: Section .cy_checksum_exclude size exceedes specified limit.)

.cyloadermeta
 *(.cyloadermeta)

.cyloadablemeta
 *(.cyloadablemeta)

.cyconfigecc    0x80000000       0xb8
 *(.cyconfigecc)
 .cyconfigecc   0x80000000       0xb8 .\CortexM3\ARM_GCC_541\Debug\cymetadata.o
                0x80000000                cy_meta_configecc

.cycustnvl      0x90000000        0x4
 *(.cycustnvl)
 .cycustnvl     0x90000000        0x4 .\CortexM3\ARM_GCC_541\Debug\cymetadata.o
                0x90000000                cy_meta_custnvl

.cywolatch      0x90100000        0x4
 *(.cywolatch)
 .cywolatch     0x90100000        0x4 .\CortexM3\ARM_GCC_541\Debug\cymetadata.o
                0x90100000                cy_meta_wonvl

.cyeeprom       0x90200000        0x0
 *(.cyeeprom)
                0x00000001                ASSERT ((. <= ((0x90200000 + ee_offset) + ee_size)), .cyeeprom data will not fit in EEPROM)

.cyflashprotect
                0x90400000      0x100
 *(.cyflashprotect)
 .cyflashprotect
                0x90400000      0x100 .\CortexM3\ARM_GCC_541\Debug\cymetadata.o
                0x90400000                cy_meta_flashprotect

.cymeta         0x90500000        0xc
 *(.cymeta)
 .cymeta        0x90500000        0xc .\CortexM3\ARM_GCC_541\Debug\cymetadata.o
                0x90500000                cy_metadata

.rel.dyn        0x000010c8        0x0 load address 0x9050000c
 .rel.iplt      0x000010c8        0x0 c:/program files (x86)/cypress/psoc creator/4.1/psoc creator/import/gnu/arm/5.4.1/bin/../lib/gcc/arm-none-eabi/5.4.1/armv7-m/crtbegin.o

.stab
 *(.stab)

.stabstr
 *(.stabstr)

.debug
 *(.debug)

.line
 *(.line)

.debug_srcinfo
 *(.debug_srcinfo)

.debug_sfnames
 *(.debug_sfnames)

.debug_aranges  0x00000000      0xa28
 *(.debug_aranges)
 .debug_aranges
                0x00000000       0x58 .\CortexM3\ARM_GCC_541\Debug\main.o
 .debug_aranges
                0x00000058       0x58 .\CortexM3\ARM_GCC_541\Debug\cyfitter_cfg.o
 .debug_aranges
                0x000000b0       0x18 .\CortexM3\ARM_GCC_541\Debug\cymetadata.o
 .debug_aranges
                0x000000c8       0x48 .\CortexM3\ARM_GCC_541\Debug\Cm3Start.o
 .debug_aranges
                0x00000110       0xa8 .\CortexM3\ARM_GCC_541\Debug\Project.a(ADC_SAR_1.o)
 .debug_aranges
                0x000001b8       0x20 .\CortexM3\ARM_GCC_541\Debug\Project.a(ADC_SAR_1_INT.o)
 .debug_aranges
                0x000001d8       0xa8 .\CortexM3\ARM_GCC_541\Debug\Project.a(ADC_SAR_2.o)
 .debug_aranges
                0x00000280       0x20 .\CortexM3\ARM_GCC_541\Debug\Project.a(ADC_SAR_2_INT.o)
 .debug_aranges
                0x000002a0       0x98 .\CortexM3\ARM_GCC_541\Debug\Project.a(LCD_Char_1.o)
 .debug_aranges
                0x00000338       0x70 .\CortexM3\ARM_GCC_541\Debug\Project.a(ADC_SAR_1_theACLK.o)
 .debug_aranges
                0x000003a8       0x70 .\CortexM3\ARM_GCC_541\Debug\Project.a(ADC_SAR_2_theACLK.o)
 .debug_aranges
                0x00000418      0x2a0 .\CortexM3\ARM_GCC_541\Debug\Project.a(CyLib.o)
 .debug_aranges
                0x000006b8       0x98 .\CortexM3\ARM_GCC_541\Debug\Project.a(cyPm.o)
 .debug_aranges
                0x00000750       0x38 .\CortexM3\ARM_GCC_541\Debug\Project.a(p3_1.o)
 .debug_aranges
                0x00000788       0x38 .\CortexM3\ARM_GCC_541\Debug\Project.a(p3_0.o)
 .debug_aranges
                0x000007c0       0x38 .\CortexM3\ARM_GCC_541\Debug\Project.a(p3_5_Orange.o)
 .debug_aranges
                0x000007f8       0x38 .\CortexM3\ARM_GCC_541\Debug\Project.a(p3_4_Yellow.o)
 .debug_aranges
                0x00000830       0x38 .\CortexM3\ARM_GCC_541\Debug\Project.a(p3_6_Pink.o)
 .debug_aranges
                0x00000868       0x38 .\CortexM3\ARM_GCC_541\Debug\Project.a(p3_3_Blue.o)
 .debug_aranges
                0x000008a0       0x38 .\CortexM3\ARM_GCC_541\Debug\Project.a(p0_6_LDR_Top.o)
 .debug_aranges
                0x000008d8       0x38 .\CortexM3\ARM_GCC_541\Debug\Project.a(p0_7_LDR_Bottom.o)
 .debug_aranges
                0x00000910       0x20 .\CortexM3\ARM_GCC_541\Debug\Project.a(CyBootAsmGnu.o)
 .debug_aranges
                0x00000930       0x80 .\CortexM3\ARM_GCC_541\Debug\Project.a(CyFlash.o)
 .debug_aranges
                0x000009b0       0x78 .\CortexM3\ARM_GCC_541\Debug\Project.a(CySpc.o)

.debug_pubnames
 *(.debug_pubnames)

.debug_info     0x00000000     0x5ddd
 *(.debug_info .gnu.linkonce.wi.*)
 .debug_info    0x00000000      0x925 .\CortexM3\ARM_GCC_541\Debug\main.o
 .debug_info    0x00000925      0x52b .\CortexM3\ARM_GCC_541\Debug\cyfitter_cfg.o
 .debug_info    0x00000e50      0x134 .\CortexM3\ARM_GCC_541\Debug\cymetadata.o
 .debug_info    0x00000f84      0x3bb .\CortexM3\ARM_GCC_541\Debug\Cm3Start.o
 .debug_info    0x0000133f      0x5c0 .\CortexM3\ARM_GCC_541\Debug\Project.a(ADC_SAR_1.o)
 .debug_info    0x000018ff       0x92 .\CortexM3\ARM_GCC_541\Debug\Project.a(ADC_SAR_1_INT.o)
 .debug_info    0x00001991      0x5c0 .\CortexM3\ARM_GCC_541\Debug\Project.a(ADC_SAR_2.o)
 .debug_info    0x00001f51       0x92 .\CortexM3\ARM_GCC_541\Debug\Project.a(ADC_SAR_2_INT.o)
 .debug_info    0x00001fe3      0x715 .\CortexM3\ARM_GCC_541\Debug\Project.a(LCD_Char_1.o)
 .debug_info    0x000026f8      0x283 .\CortexM3\ARM_GCC_541\Debug\Project.a(ADC_SAR_1_theACLK.o)
 .debug_info    0x0000297b      0x283 .\CortexM3\ARM_GCC_541\Debug\Project.a(ADC_SAR_2_theACLK.o)
 .debug_info    0x00002bfe     0x1374 .\CortexM3\ARM_GCC_541\Debug\Project.a(CyLib.o)
 .debug_info    0x00003f72      0xa2a .\CortexM3\ARM_GCC_541\Debug\Project.a(cyPm.o)
 .debug_info    0x0000499c      0x11f .\CortexM3\ARM_GCC_541\Debug\Project.a(p3_1.o)
 .debug_info    0x00004abb      0x11f .\CortexM3\ARM_GCC_541\Debug\Project.a(p3_0.o)
 .debug_info    0x00004bda      0x11f .\CortexM3\ARM_GCC_541\Debug\Project.a(p3_5_Orange.o)
 .debug_info    0x00004cf9      0x11f .\CortexM3\ARM_GCC_541\Debug\Project.a(p3_4_Yellow.o)
 .debug_info    0x00004e18      0x11f .\CortexM3\ARM_GCC_541\Debug\Project.a(p3_6_Pink.o)
 .debug_info    0x00004f37      0x11f .\CortexM3\ARM_GCC_541\Debug\Project.a(p3_3_Blue.o)
 .debug_info    0x00005056      0x11f .\CortexM3\ARM_GCC_541\Debug\Project.a(p0_6_LDR_Top.o)
 .debug_info    0x00005175      0x11f .\CortexM3\ARM_GCC_541\Debug\Project.a(p0_7_LDR_Bottom.o)
 .debug_info    0x00005294       0xa8 .\CortexM3\ARM_GCC_541\Debug\Project.a(CyBootAsmGnu.o)
 .debug_info    0x0000533c      0x5b8 .\CortexM3\ARM_GCC_541\Debug\Project.a(CyFlash.o)
 .debug_info    0x000058f4      0x4e9 .\CortexM3\ARM_GCC_541\Debug\Project.a(CySpc.o)

.debug_abbrev   0x00000000     0x1936
 *(.debug_abbrev)
 .debug_abbrev  0x00000000      0x18f .\CortexM3\ARM_GCC_541\Debug\main.o
 .debug_abbrev  0x0000018f      0x1fe .\CortexM3\ARM_GCC_541\Debug\cyfitter_cfg.o
 .debug_abbrev  0x0000038d       0x5d .\CortexM3\ARM_GCC_541\Debug\cymetadata.o
 .debug_abbrev  0x000003ea      0x1e8 .\CortexM3\ARM_GCC_541\Debug\Cm3Start.o
 .debug_abbrev  0x000005d2      0x1ac .\CortexM3\ARM_GCC_541\Debug\Project.a(ADC_SAR_1.o)
 .debug_abbrev  0x0000077e       0x42 .\CortexM3\ARM_GCC_541\Debug\Project.a(ADC_SAR_1_INT.o)
 .debug_abbrev  0x000007c0      0x1ac .\CortexM3\ARM_GCC_541\Debug\Project.a(ADC_SAR_2.o)
 .debug_abbrev  0x0000096c       0x42 .\CortexM3\ARM_GCC_541\Debug\Project.a(ADC_SAR_2_INT.o)
 .debug_abbrev  0x000009ae      0x157 .\CortexM3\ARM_GCC_541\Debug\Project.a(LCD_Char_1.o)
 .debug_abbrev  0x00000b05      0x139 .\CortexM3\ARM_GCC_541\Debug\Project.a(ADC_SAR_1_theACLK.o)
 .debug_abbrev  0x00000c3e      0x139 .\CortexM3\ARM_GCC_541\Debug\Project.a(ADC_SAR_2_theACLK.o)
 .debug_abbrev  0x00000d77      0x254 .\CortexM3\ARM_GCC_541\Debug\Project.a(CyLib.o)
 .debug_abbrev  0x00000fcb      0x1ab .\CortexM3\ARM_GCC_541\Debug\Project.a(cyPm.o)
 .debug_abbrev  0x00001176       0x90 .\CortexM3\ARM_GCC_541\Debug\Project.a(p3_1.o)
 .debug_abbrev  0x00001206       0x90 .\CortexM3\ARM_GCC_541\Debug\Project.a(p3_0.o)
 .debug_abbrev  0x00001296       0x90 .\CortexM3\ARM_GCC_541\Debug\Project.a(p3_5_Orange.o)
 .debug_abbrev  0x00001326       0x90 .\CortexM3\ARM_GCC_541\Debug\Project.a(p3_4_Yellow.o)
 .debug_abbrev  0x000013b6       0x90 .\CortexM3\ARM_GCC_541\Debug\Project.a(p3_6_Pink.o)
 .debug_abbrev  0x00001446       0x90 .\CortexM3\ARM_GCC_541\Debug\Project.a(p3_3_Blue.o)
 .debug_abbrev  0x000014d6       0x90 .\CortexM3\ARM_GCC_541\Debug\Project.a(p0_6_LDR_Top.o)
 .debug_abbrev  0x00001566       0x90 .\CortexM3\ARM_GCC_541\Debug\Project.a(p0_7_LDR_Bottom.o)
 .debug_abbrev  0x000015f6       0x14 .\CortexM3\ARM_GCC_541\Debug\Project.a(CyBootAsmGnu.o)
 .debug_abbrev  0x0000160a      0x198 .\CortexM3\ARM_GCC_541\Debug\Project.a(CyFlash.o)
 .debug_abbrev  0x000017a2      0x194 .\CortexM3\ARM_GCC_541\Debug\Project.a(CySpc.o)

.debug_line     0x00000000     0x2745
 *(.debug_line)
 .debug_line    0x00000000      0x361 .\CortexM3\ARM_GCC_541\Debug\main.o
 .debug_line    0x00000361      0x1e9 .\CortexM3\ARM_GCC_541\Debug\cyfitter_cfg.o
 .debug_line    0x0000054a      0x141 .\CortexM3\ARM_GCC_541\Debug\cymetadata.o
 .debug_line    0x0000068b      0x234 .\CortexM3\ARM_GCC_541\Debug\Cm3Start.o
 .debug_line    0x000008bf      0x21e .\CortexM3\ARM_GCC_541\Debug\Project.a(ADC_SAR_1.o)
 .debug_line    0x00000add       0x56 .\CortexM3\ARM_GCC_541\Debug\Project.a(ADC_SAR_1_INT.o)
 .debug_line    0x00000b33      0x21e .\CortexM3\ARM_GCC_541\Debug\Project.a(ADC_SAR_2.o)
 .debug_line    0x00000d51       0x56 .\CortexM3\ARM_GCC_541\Debug\Project.a(ADC_SAR_2_INT.o)
 .debug_line    0x00000da7      0x1e3 .\CortexM3\ARM_GCC_541\Debug\Project.a(LCD_Char_1.o)
 .debug_line    0x00000f8a      0x180 .\CortexM3\ARM_GCC_541\Debug\Project.a(ADC_SAR_1_theACLK.o)
 .debug_line    0x0000110a      0x180 .\CortexM3\ARM_GCC_541\Debug\Project.a(ADC_SAR_2_theACLK.o)
 .debug_line    0x0000128a      0x816 .\CortexM3\ARM_GCC_541\Debug\Project.a(CyLib.o)
 .debug_line    0x00001aa0      0x367 .\CortexM3\ARM_GCC_541\Debug\Project.a(cyPm.o)
 .debug_line    0x00001e07       0x91 .\CortexM3\ARM_GCC_541\Debug\Project.a(p3_1.o)
 .debug_line    0x00001e98       0x91 .\CortexM3\ARM_GCC_541\Debug\Project.a(p3_0.o)
 .debug_line    0x00001f29       0x98 .\CortexM3\ARM_GCC_541\Debug\Project.a(p3_5_Orange.o)
 .debug_line    0x00001fc1       0x98 .\CortexM3\ARM_GCC_541\Debug\Project.a(p3_4_Yellow.o)
 .debug_line    0x00002059       0x96 .\CortexM3\ARM_GCC_541\Debug\Project.a(p3_6_Pink.o)
 .debug_line    0x000020ef       0x96 .\CortexM3\ARM_GCC_541\Debug\Project.a(p3_3_Blue.o)
 .debug_line    0x00002185       0x99 .\CortexM3\ARM_GCC_541\Debug\Project.a(p0_6_LDR_Top.o)
 .debug_line    0x0000221e       0x9c .\CortexM3\ARM_GCC_541\Debug\Project.a(p0_7_LDR_Bottom.o)
 .debug_line    0x000022ba       0x66 .\CortexM3\ARM_GCC_541\Debug\Project.a(CyBootAsmGnu.o)
 .debug_line    0x00002320      0x1e9 .\CortexM3\ARM_GCC_541\Debug\Project.a(CyFlash.o)
 .debug_line    0x00002509      0x23c .\CortexM3\ARM_GCC_541\Debug\Project.a(CySpc.o)

.debug_frame    0x00000000     0x19c0
 *(.debug_frame)
 .debug_frame   0x00000000      0x104 .\CortexM3\ARM_GCC_541\Debug\main.o
 .debug_frame   0x00000104       0xfc .\CortexM3\ARM_GCC_541\Debug\cyfitter_cfg.o
 .debug_frame   0x00000200       0xb8 .\CortexM3\ARM_GCC_541\Debug\Cm3Start.o
 .debug_frame   0x000002b8      0x1b0 .\CortexM3\ARM_GCC_541\Debug\Project.a(ADC_SAR_1.o)
 .debug_frame   0x00000468       0x20 .\CortexM3\ARM_GCC_541\Debug\Project.a(ADC_SAR_1_INT.o)
 .debug_frame   0x00000488      0x1b4 .\CortexM3\ARM_GCC_541\Debug\Project.a(ADC_SAR_2.o)
 .debug_frame   0x0000063c       0x20 .\CortexM3\ARM_GCC_541\Debug\Project.a(ADC_SAR_2_INT.o)
 .debug_frame   0x0000065c      0x1e8 .\CortexM3\ARM_GCC_541\Debug\Project.a(LCD_Char_1.o)
 .debug_frame   0x00000844       0xe0 .\CortexM3\ARM_GCC_541\Debug\Project.a(ADC_SAR_1_theACLK.o)
 .debug_frame   0x00000924       0xe0 .\CortexM3\ARM_GCC_541\Debug\Project.a(ADC_SAR_2_theACLK.o)
 .debug_frame   0x00000a04      0x738 .\CortexM3\ARM_GCC_541\Debug\Project.a(CyLib.o)
 .debug_frame   0x0000113c      0x1f8 .\CortexM3\ARM_GCC_541\Debug\Project.a(cyPm.o)
 .debug_frame   0x00001334       0x50 .\CortexM3\ARM_GCC_541\Debug\Project.a(p3_1.o)
 .debug_frame   0x00001384       0x50 .\CortexM3\ARM_GCC_541\Debug\Project.a(p3_0.o)
 .debug_frame   0x000013d4       0x50 .\CortexM3\ARM_GCC_541\Debug\Project.a(p3_5_Orange.o)
 .debug_frame   0x00001424       0x50 .\CortexM3\ARM_GCC_541\Debug\Project.a(p3_4_Yellow.o)
 .debug_frame   0x00001474       0x50 .\CortexM3\ARM_GCC_541\Debug\Project.a(p3_6_Pink.o)
 .debug_frame   0x000014c4       0x50 .\CortexM3\ARM_GCC_541\Debug\Project.a(p3_3_Blue.o)
 .debug_frame   0x00001514       0x50 .\CortexM3\ARM_GCC_541\Debug\Project.a(p0_6_LDR_Top.o)
 .debug_frame   0x00001564       0x50 .\CortexM3\ARM_GCC_541\Debug\Project.a(p0_7_LDR_Bottom.o)
 .debug_frame   0x000015b4      0x174 .\CortexM3\ARM_GCC_541\Debug\Project.a(CyFlash.o)
 .debug_frame   0x00001728      0x160 .\CortexM3\ARM_GCC_541\Debug\Project.a(CySpc.o)
 .debug_frame   0x00001888       0x44 c:/program files (x86)/cypress/psoc creator/4.1/psoc creator/import/gnu/arm/5.4.1/bin/../lib/gcc/arm-none-eabi/5.4.1/armv7-m\libgcc.a(_aeabi_ldivmod.o)
 .debug_frame   0x000018cc       0x38 c:/program files (x86)/cypress/psoc creator/4.1/psoc creator/import/gnu/arm/5.4.1/bin/../lib/gcc/arm-none-eabi/5.4.1/armv7-m\libgcc.a(_udivmoddi4.o)
 .debug_frame   0x00001904       0x20 c:/program files (x86)/cypress/psoc creator/4.1/psoc creator/import/gnu/arm/5.4.1/bin/../lib/gcc/arm-none-eabi/5.4.1/../../../../arm-none-eabi/lib/armv7-m\libg_nano.a(lib_a-errno.o)
 .debug_frame   0x00001924       0x28 c:/program files (x86)/cypress/psoc creator/4.1/psoc creator/import/gnu/arm/5.4.1/bin/../lib/gcc/arm-none-eabi/5.4.1/../../../../arm-none-eabi/lib/armv7-m\libg_nano.a(lib_a-exit.o)
 .debug_frame   0x0000194c       0x2c c:/program files (x86)/cypress/psoc creator/4.1/psoc creator/import/gnu/arm/5.4.1/bin/../lib/gcc/arm-none-eabi/5.4.1/../../../../arm-none-eabi/lib/armv7-m\libg_nano.a(lib_a-init.o)
 .debug_frame   0x00001978       0x28 c:/program files (x86)/cypress/psoc creator/4.1/psoc creator/import/gnu/arm/5.4.1/bin/../lib/gcc/arm-none-eabi/5.4.1/../../../../arm-none-eabi/lib/armv7-m\libg_nano.a(lib_a-memcpy-stub.o)
 .debug_frame   0x000019a0       0x20 c:/program files (x86)/cypress/psoc creator/4.1/psoc creator/import/gnu/arm/5.4.1/bin/../lib/gcc/arm-none-eabi/5.4.1/../../../../arm-none-eabi/lib/armv7-m\libg_nano.a(lib_a-memset.o)

.debug_str      0x00000000     0x2162
 *(.debug_str)
 .debug_str     0x00000000      0x40f .\CortexM3\ARM_GCC_541\Debug\main.o
                                0x46d (size before relaxing)
 .debug_str     0x0000040f      0x160 .\CortexM3\ARM_GCC_541\Debug\cyfitter_cfg.o
                                0x331 (size before relaxing)
 .debug_str     0x0000056f       0x7f .\CortexM3\ARM_GCC_541\Debug\cymetadata.o
                                0x1fc (size before relaxing)
 .debug_str     0x000005ee      0x13f .\CortexM3\ARM_GCC_541\Debug\Cm3Start.o
                                0x322 (size before relaxing)
 .debug_str     0x0000072d      0x292 .\CortexM3\ARM_GCC_541\Debug\Project.a(ADC_SAR_1.o)
                                0x4d5 (size before relaxing)
 .debug_str     0x000009bf       0x35 .\CortexM3\ARM_GCC_541\Debug\Project.a(ADC_SAR_1_INT.o)
                                0x1b3 (size before relaxing)
 .debug_str     0x000009f4      0x1e8 .\CortexM3\ARM_GCC_541\Debug\Project.a(ADC_SAR_2.o)
                                0x4d5 (size before relaxing)
 .debug_str     0x00000bdc       0x35 .\CortexM3\ARM_GCC_541\Debug\Project.a(ADC_SAR_2_INT.o)
                                0x1b3 (size before relaxing)
 .debug_str     0x00000c11      0x188 .\CortexM3\ARM_GCC_541\Debug\Project.a(LCD_Char_1.o)
                                0x3cf (size before relaxing)
 .debug_str     0x00000d99      0x1be .\CortexM3\ARM_GCC_541\Debug\Project.a(ADC_SAR_1_theACLK.o)
                                0x37e (size before relaxing)
 .debug_str     0x00000f57      0x16d .\CortexM3\ARM_GCC_541\Debug\Project.a(ADC_SAR_2_theACLK.o)
                                0x37e (size before relaxing)
 .debug_str     0x000010c4      0x7e0 .\CortexM3\ARM_GCC_541\Debug\Project.a(CyLib.o)
                                0xa5f (size before relaxing)
 .debug_str     0x000018a4      0x365 .\CortexM3\ARM_GCC_541\Debug\Project.a(cyPm.o)
                                0x74b (size before relaxing)
 .debug_str     0x00001c09       0x56 .\CortexM3\ARM_GCC_541\Debug\Project.a(p3_1.o)
                                0x1f5 (size before relaxing)
 .debug_str     0x00001c5f       0x4b .\CortexM3\ARM_GCC_541\Debug\Project.a(p3_0.o)
                                0x1f5 (size before relaxing)
 .debug_str     0x00001caa       0x67 .\CortexM3\ARM_GCC_541\Debug\Project.a(p3_5_Orange.o)
                                0x218 (size before relaxing)
 .debug_str     0x00001d11       0x67 .\CortexM3\ARM_GCC_541\Debug\Project.a(p3_4_Yellow.o)
                                0x218 (size before relaxing)
 .debug_str     0x00001d78       0x5f .\CortexM3\ARM_GCC_541\Debug\Project.a(p3_6_Pink.o)
                                0x20e (size before relaxing)
 .debug_str     0x00001dd7       0x5f .\CortexM3\ARM_GCC_541\Debug\Project.a(p3_3_Blue.o)
                                0x20e (size before relaxing)
 .debug_str     0x00001e36       0x6c .\CortexM3\ARM_GCC_541\Debug\Project.a(p0_6_LDR_Top.o)
                                0x21d (size before relaxing)
 .debug_str     0x00001ea2       0x78 .\CortexM3\ARM_GCC_541\Debug\Project.a(p0_7_LDR_Bottom.o)
                                0x22c (size before relaxing)
 .debug_str     0x00001f1a      0x19c .\CortexM3\ARM_GCC_541\Debug\Project.a(CyFlash.o)
                                0x3b9 (size before relaxing)
 .debug_str     0x000020b6       0xac .\CortexM3\ARM_GCC_541\Debug\Project.a(CySpc.o)
                                0x342 (size before relaxing)

.debug_loc      0x00000000     0x26f2
 *(.debug_loc)
 .debug_loc     0x00000000      0x129 .\CortexM3\ARM_GCC_541\Debug\main.o
 .debug_loc     0x00000129      0x1fd .\CortexM3\ARM_GCC_541\Debug\cyfitter_cfg.o
 .debug_loc     0x00000326      0x144 .\CortexM3\ARM_GCC_541\Debug\Cm3Start.o
 .debug_loc     0x0000046a      0x295 .\CortexM3\ARM_GCC_541\Debug\Project.a(ADC_SAR_1.o)
 .debug_loc     0x000006ff      0x295 .\CortexM3\ARM_GCC_541\Debug\Project.a(ADC_SAR_2.o)
 .debug_loc     0x00000994      0x3c6 .\CortexM3\ARM_GCC_541\Debug\Project.a(LCD_Char_1.o)
 .debug_loc     0x00000d5a      0x12c .\CortexM3\ARM_GCC_541\Debug\Project.a(ADC_SAR_1_theACLK.o)
 .debug_loc     0x00000e86      0x128 .\CortexM3\ARM_GCC_541\Debug\Project.a(ADC_SAR_2_theACLK.o)
 .debug_loc     0x00000fae      0xa11 .\CortexM3\ARM_GCC_541\Debug\Project.a(CyLib.o)
 .debug_loc     0x000019bf      0x1e4 .\CortexM3\ARM_GCC_541\Debug\Project.a(cyPm.o)
 .debug_loc     0x00001ba3       0x42 .\CortexM3\ARM_GCC_541\Debug\Project.a(p3_1.o)
 .debug_loc     0x00001be5       0x42 .\CortexM3\ARM_GCC_541\Debug\Project.a(p3_0.o)
 .debug_loc     0x00001c27       0x42 .\CortexM3\ARM_GCC_541\Debug\Project.a(p3_5_Orange.o)
 .debug_loc     0x00001c69       0x42 .\CortexM3\ARM_GCC_541\Debug\Project.a(p3_4_Yellow.o)
 .debug_loc     0x00001cab       0x42 .\CortexM3\ARM_GCC_541\Debug\Project.a(p3_6_Pink.o)
 .debug_loc     0x00001ced       0x42 .\CortexM3\ARM_GCC_541\Debug\Project.a(p3_3_Blue.o)
 .debug_loc     0x00001d2f       0x42 .\CortexM3\ARM_GCC_541\Debug\Project.a(p0_6_LDR_Top.o)
 .debug_loc     0x00001d71       0x42 .\CortexM3\ARM_GCC_541\Debug\Project.a(p0_7_LDR_Bottom.o)
 .debug_loc     0x00001db3      0x2f2 .\CortexM3\ARM_GCC_541\Debug\Project.a(CyFlash.o)
 .debug_loc     0x000020a5      0x64d .\CortexM3\ARM_GCC_541\Debug\Project.a(CySpc.o)

.debug_macinfo
 *(.debug_macinfo)

.debug_ranges   0x00000000      0x890
 *(.debug_ranges)
 .debug_ranges  0x00000000       0x48 .\CortexM3\ARM_GCC_541\Debug\main.o
 .debug_ranges  0x00000048       0x48 .\CortexM3\ARM_GCC_541\Debug\cyfitter_cfg.o
 .debug_ranges  0x00000090       0x38 .\CortexM3\ARM_GCC_541\Debug\Cm3Start.o
 .debug_ranges  0x000000c8       0x98 .\CortexM3\ARM_GCC_541\Debug\Project.a(ADC_SAR_1.o)
 .debug_ranges  0x00000160       0x10 .\CortexM3\ARM_GCC_541\Debug\Project.a(ADC_SAR_1_INT.o)
 .debug_ranges  0x00000170       0x98 .\CortexM3\ARM_GCC_541\Debug\Project.a(ADC_SAR_2.o)
 .debug_ranges  0x00000208       0x10 .\CortexM3\ARM_GCC_541\Debug\Project.a(ADC_SAR_2_INT.o)
 .debug_ranges  0x00000218       0x88 .\CortexM3\ARM_GCC_541\Debug\Project.a(LCD_Char_1.o)
 .debug_ranges  0x000002a0       0x60 .\CortexM3\ARM_GCC_541\Debug\Project.a(ADC_SAR_1_theACLK.o)
 .debug_ranges  0x00000300       0x60 .\CortexM3\ARM_GCC_541\Debug\Project.a(ADC_SAR_2_theACLK.o)
 .debug_ranges  0x00000360      0x290 .\CortexM3\ARM_GCC_541\Debug\Project.a(CyLib.o)
 .debug_ranges  0x000005f0       0x88 .\CortexM3\ARM_GCC_541\Debug\Project.a(cyPm.o)
 .debug_ranges  0x00000678       0x28 .\CortexM3\ARM_GCC_541\Debug\Project.a(p3_1.o)
 .debug_ranges  0x000006a0       0x28 .\CortexM3\ARM_GCC_541\Debug\Project.a(p3_0.o)
 .debug_ranges  0x000006c8       0x28 .\CortexM3\ARM_GCC_541\Debug\Project.a(p3_5_Orange.o)
 .debug_ranges  0x000006f0       0x28 .\CortexM3\ARM_GCC_541\Debug\Project.a(p3_4_Yellow.o)
 .debug_ranges  0x00000718       0x28 .\CortexM3\ARM_GCC_541\Debug\Project.a(p3_6_Pink.o)
 .debug_ranges  0x00000740       0x28 .\CortexM3\ARM_GCC_541\Debug\Project.a(p3_3_Blue.o)
 .debug_ranges  0x00000768       0x28 .\CortexM3\ARM_GCC_541\Debug\Project.a(p0_6_LDR_Top.o)
 .debug_ranges  0x00000790       0x28 .\CortexM3\ARM_GCC_541\Debug\Project.a(p0_7_LDR_Bottom.o)
 .debug_ranges  0x000007b8       0x70 .\CortexM3\ARM_GCC_541\Debug\Project.a(CyFlash.o)
 .debug_ranges  0x00000828       0x68 .\CortexM3\ARM_GCC_541\Debug\Project.a(CySpc.o)

.comment        0x00000000       0x6e
 .comment       0x00000000       0x6e .\CortexM3\ARM_GCC_541\Debug\main.o
                                 0x6f (size before relaxing)
 .comment       0x0000006e       0x6f .\CortexM3\ARM_GCC_541\Debug\cyfitter_cfg.o
 .comment       0x0000006e       0x6f .\CortexM3\ARM_GCC_541\Debug\cymetadata.o
 .comment       0x0000006e       0x6f .\CortexM3\ARM_GCC_541\Debug\Cm3Start.o
 .comment       0x0000006e       0x6f .\CortexM3\ARM_GCC_541\Debug\Project.a(ADC_SAR_1.o)
 .comment       0x0000006e       0x6f .\CortexM3\ARM_GCC_541\Debug\Project.a(ADC_SAR_1_INT.o)
 .comment       0x0000006e       0x6f .\CortexM3\ARM_GCC_541\Debug\Project.a(ADC_SAR_2.o)
 .comment       0x0000006e       0x6f .\CortexM3\ARM_GCC_541\Debug\Project.a(ADC_SAR_2_INT.o)
 .comment       0x0000006e       0x6f .\CortexM3\ARM_GCC_541\Debug\Project.a(LCD_Char_1.o)
 .comment       0x0000006e       0x6f .\CortexM3\ARM_GCC_541\Debug\Project.a(ADC_SAR_1_theACLK.o)
 .comment       0x0000006e       0x6f .\CortexM3\ARM_GCC_541\Debug\Project.a(ADC_SAR_2_theACLK.o)
 .comment       0x0000006e       0x6f .\CortexM3\ARM_GCC_541\Debug\Project.a(CyLib.o)
 .comment       0x0000006e       0x6f .\CortexM3\ARM_GCC_541\Debug\Project.a(cyPm.o)
 .comment       0x0000006e       0x6f .\CortexM3\ARM_GCC_541\Debug\Project.a(p3_1.o)
 .comment       0x0000006e       0x6f .\CortexM3\ARM_GCC_541\Debug\Project.a(p3_0.o)
 .comment       0x0000006e       0x6f .\CortexM3\ARM_GCC_541\Debug\Project.a(p3_5_Orange.o)
 .comment       0x0000006e       0x6f .\CortexM3\ARM_GCC_541\Debug\Project.a(p3_4_Yellow.o)
 .comment       0x0000006e       0x6f .\CortexM3\ARM_GCC_541\Debug\Project.a(p3_6_Pink.o)
 .comment       0x0000006e       0x6f .\CortexM3\ARM_GCC_541\Debug\Project.a(p3_3_Blue.o)
 .comment       0x0000006e       0x6f .\CortexM3\ARM_GCC_541\Debug\Project.a(p0_6_LDR_Top.o)
 .comment       0x0000006e       0x6f .\CortexM3\ARM_GCC_541\Debug\Project.a(p0_7_LDR_Bottom.o)
 .comment       0x0000006e       0x6f .\CortexM3\ARM_GCC_541\Debug\Project.a(CyFlash.o)
 .comment       0x0000006e       0x6f .\CortexM3\ARM_GCC_541\Debug\Project.a(CySpc.o)

.debug_weaknames
 *(.debug_weaknames)

.debug_funcnames
 *(.debug_funcnames)

.debug_typenames
 *(.debug_typenames)

.debug_varnames
 *(.debug_varnames)

.note.gnu.arm.ident
 *(.note.gnu.arm.ident)

.ARM.attributes
                0x00000000       0x29
 *(.ARM.attributes)
 .ARM.attributes
                0x00000000       0x1d c:/program files (x86)/cypress/psoc creator/4.1/psoc creator/import/gnu/arm/5.4.1/bin/../lib/gcc/arm-none-eabi/5.4.1/armv7-m/crti.o
 .ARM.attributes
                0x0000001d       0x2d c:/program files (x86)/cypress/psoc creator/4.1/psoc creator/import/gnu/arm/5.4.1/bin/../lib/gcc/arm-none-eabi/5.4.1/armv7-m/crtbegin.o
 .ARM.attributes
                0x0000004a       0x1b c:/program files (x86)/cypress/psoc creator/4.1/psoc creator/import/gnu/arm/5.4.1/bin/../lib/gcc/arm-none-eabi/5.4.1/../../../../arm-none-eabi/lib/armv7-m/crt0.o
 .ARM.attributes
                0x00000065       0x33 .\CortexM3\ARM_GCC_541\Debug\main.o
 .ARM.attributes
                0x00000098       0x33 .\CortexM3\ARM_GCC_541\Debug\cyfitter_cfg.o
 .ARM.attributes
                0x000000cb       0x33 .\CortexM3\ARM_GCC_541\Debug\cymetadata.o
 .ARM.attributes
                0x000000fe       0x33 .\CortexM3\ARM_GCC_541\Debug\Cm3Start.o
 .ARM.attributes
                0x00000131       0x33 .\CortexM3\ARM_GCC_541\Debug\Project.a(ADC_SAR_1.o)
 .ARM.attributes
                0x00000164       0x33 .\CortexM3\ARM_GCC_541\Debug\Project.a(ADC_SAR_1_INT.o)
 .ARM.attributes
                0x00000197       0x33 .\CortexM3\ARM_GCC_541\Debug\Project.a(ADC_SAR_2.o)
 .ARM.attributes
                0x000001ca       0x33 .\CortexM3\ARM_GCC_541\Debug\Project.a(ADC_SAR_2_INT.o)
 .ARM.attributes
                0x000001fd       0x33 .\CortexM3\ARM_GCC_541\Debug\Project.a(LCD_Char_1.o)
 .ARM.attributes
                0x00000230       0x33 .\CortexM3\ARM_GCC_541\Debug\Project.a(ADC_SAR_1_theACLK.o)
 .ARM.attributes
                0x00000263       0x33 .\CortexM3\ARM_GCC_541\Debug\Project.a(ADC_SAR_2_theACLK.o)
 .ARM.attributes
                0x00000296       0x33 .\CortexM3\ARM_GCC_541\Debug\Project.a(CyLib.o)
 .ARM.attributes
                0x000002c9       0x33 .\CortexM3\ARM_GCC_541\Debug\Project.a(cyPm.o)
 .ARM.attributes
                0x000002fc       0x33 .\CortexM3\ARM_GCC_541\Debug\Project.a(p3_1.o)
 .ARM.attributes
                0x0000032f       0x33 .\CortexM3\ARM_GCC_541\Debug\Project.a(p3_0.o)
 .ARM.attributes
                0x00000362       0x33 .\CortexM3\ARM_GCC_541\Debug\Project.a(p3_5_Orange.o)
 .ARM.attributes
                0x00000395       0x33 .\CortexM3\ARM_GCC_541\Debug\Project.a(p3_4_Yellow.o)
 .ARM.attributes
                0x000003c8       0x33 .\CortexM3\ARM_GCC_541\Debug\Project.a(p3_6_Pink.o)
 .ARM.attributes
                0x000003fb       0x33 .\CortexM3\ARM_GCC_541\Debug\Project.a(p3_3_Blue.o)
 .ARM.attributes
                0x0000042e       0x33 .\CortexM3\ARM_GCC_541\Debug\Project.a(p0_6_LDR_Top.o)
 .ARM.attributes
                0x00000461       0x33 .\CortexM3\ARM_GCC_541\Debug\Project.a(p0_7_LDR_Bottom.o)
 .ARM.attributes
                0x00000494       0x21 .\CortexM3\ARM_GCC_541\Debug\Project.a(CyBootAsmGnu.o)
 .ARM.attributes
                0x000004b5       0x33 .\CortexM3\ARM_GCC_541\Debug\Project.a(CyFlash.o)
 .ARM.attributes
                0x000004e8       0x33 .\CortexM3\ARM_GCC_541\Debug\Project.a(CySpc.o)
 .ARM.attributes
                0x0000051b       0x1d c:/program files (x86)/cypress/psoc creator/4.1/psoc creator/import/gnu/arm/5.4.1/bin/../lib/gcc/arm-none-eabi/5.4.1/armv7-m\libgcc.a(_arm_addsubsf3.o)
 .ARM.attributes
                0x00000538       0x1d c:/program files (x86)/cypress/psoc creator/4.1/psoc creator/import/gnu/arm/5.4.1/bin/../lib/gcc/arm-none-eabi/5.4.1/armv7-m\libgcc.a(_arm_muldivsf3.o)
 .ARM.attributes
                0x00000555       0x1d c:/program files (x86)/cypress/psoc creator/4.1/psoc creator/import/gnu/arm/5.4.1/bin/../lib/gcc/arm-none-eabi/5.4.1/armv7-m\libgcc.a(_aeabi_ldivmod.o)
 .ARM.attributes
                0x00000572       0x2d c:/program files (x86)/cypress/psoc creator/4.1/psoc creator/import/gnu/arm/5.4.1/bin/../lib/gcc/arm-none-eabi/5.4.1/armv7-m\libgcc.a(_udivmoddi4.o)
 .ARM.attributes
                0x0000059f       0x1d c:/program files (x86)/cypress/psoc creator/4.1/psoc creator/import/gnu/arm/5.4.1/bin/../lib/gcc/arm-none-eabi/5.4.1/armv7-m\libgcc.a(_dvmd_tls.o)
 .ARM.attributes
                0x000005bc       0x2d c:/program files (x86)/cypress/psoc creator/4.1/psoc creator/import/gnu/arm/5.4.1/bin/../lib/gcc/arm-none-eabi/5.4.1/../../../../arm-none-eabi/lib/armv7-m\libg_nano.a(lib_a-errno.o)
 .ARM.attributes
                0x000005e9       0x2d c:/program files (x86)/cypress/psoc creator/4.1/psoc creator/import/gnu/arm/5.4.1/bin/../lib/gcc/arm-none-eabi/5.4.1/../../../../arm-none-eabi/lib/armv7-m\libg_nano.a(lib_a-exit.o)
 .ARM.attributes
                0x00000616       0x2d c:/program files (x86)/cypress/psoc creator/4.1/psoc creator/import/gnu/arm/5.4.1/bin/../lib/gcc/arm-none-eabi/5.4.1/../../../../arm-none-eabi/lib/armv7-m\libg_nano.a(lib_a-impure.o)
 .ARM.attributes
                0x00000643       0x2d c:/program files (x86)/cypress/psoc creator/4.1/psoc creator/import/gnu/arm/5.4.1/bin/../lib/gcc/arm-none-eabi/5.4.1/../../../../arm-none-eabi/lib/armv7-m\libg_nano.a(lib_a-init.o)
 .ARM.attributes
                0x00000670       0x2d c:/program files (x86)/cypress/psoc creator/4.1/psoc creator/import/gnu/arm/5.4.1/bin/../lib/gcc/arm-none-eabi/5.4.1/../../../../arm-none-eabi/lib/armv7-m\libg_nano.a(lib_a-memcpy-stub.o)
 .ARM.attributes
                0x0000069d       0x2d c:/program files (x86)/cypress/psoc creator/4.1/psoc creator/import/gnu/arm/5.4.1/bin/../lib/gcc/arm-none-eabi/5.4.1/../../../../arm-none-eabi/lib/armv7-m\libg_nano.a(lib_a-memset.o)
 .ARM.attributes
                0x000006ca       0x2d c:/program files (x86)/cypress/psoc creator/4.1/psoc creator/import/gnu/arm/5.4.1/bin/../lib/gcc/arm-none-eabi/5.4.1/armv7-m/crtend.o
 .ARM.attributes
                0x000006f7       0x1d c:/program files (x86)/cypress/psoc creator/4.1/psoc creator/import/gnu/arm/5.4.1/bin/../lib/gcc/arm-none-eabi/5.4.1/armv7-m/crtn.o

/DISCARD/
 *(.note.GNU-stack)
OUTPUT(C:\Users\monis\Documents\Academics\SA\Project\Project.fast_working.Bundle01\Project.cydsn\CortexM3\ARM_GCC_541\Debug\Project.elf elf32-littlearm)
