Archive member included to satisfy reference by file (symbol)

.\CortexM3\ARM_GCC_541\Debug\Motorspeedcontrol.a(LCD_Char_1.o)
                              .\CortexM3\ARM_GCC_541\Debug\main.o (LCD_Char_1_PrintString)
.\CortexM3\ARM_GCC_541\Debug\Motorspeedcontrol.a(p3_7.o)
                              .\CortexM3\ARM_GCC_541\Debug\main.o (p3_7_Read)
.\CortexM3\ARM_GCC_541\Debug\Motorspeedcontrol.a(QuadDec_1.o)
                              .\CortexM3\ARM_GCC_541\Debug\main.o (QuadDec_1_Start)
.\CortexM3\ARM_GCC_541\Debug\Motorspeedcontrol.a(ADC_SAR_2.o)
                              .\CortexM3\ARM_GCC_541\Debug\main.o (ADC_SAR_2_Start)
.\CortexM3\ARM_GCC_541\Debug\Motorspeedcontrol.a(ADC_SAR_2_INT.o)
                              .\CortexM3\ARM_GCC_541\Debug\Motorspeedcontrol.a(ADC_SAR_2.o) (ADC_SAR_2_ISR)
.\CortexM3\ARM_GCC_541\Debug\Motorspeedcontrol.a(QuadDec_1_Cnt16.o)
                              .\CortexM3\ARM_GCC_541\Debug\Motorspeedcontrol.a(QuadDec_1.o) (QuadDec_1_Cnt16_Stop)
.\CortexM3\ARM_GCC_541\Debug\Motorspeedcontrol.a(ADC_SAR_2_theACLK.o)
                              .\CortexM3\ARM_GCC_541\Debug\Motorspeedcontrol.a(ADC_SAR_2.o) (ADC_SAR_2_theACLK_SetModeRegister)
.\CortexM3\ARM_GCC_541\Debug\Motorspeedcontrol.a(CyLib.o)
                              .\CortexM3\ARM_GCC_541\Debug\Cm3Start.o (CyHalt)
.\CortexM3\ARM_GCC_541\Debug\Motorspeedcontrol.a(cyPm.o)
                              .\CortexM3\ARM_GCC_541\Debug\Motorspeedcontrol.a(CyLib.o) (CyPmReadStatus)
.\CortexM3\ARM_GCC_541\Debug\Motorspeedcontrol.a(PWM_1.o)
                              .\CortexM3\ARM_GCC_541\Debug\main.o (PWM_1_Stop)
.\CortexM3\ARM_GCC_541\Debug\Motorspeedcontrol.a(VDAC8_1.o)
                              .\CortexM3\ARM_GCC_541\Debug\main.o (VDAC8_1_SetValue)
.\CortexM3\ARM_GCC_541\Debug\Motorspeedcontrol.a(VDAC8_2.o)
                              .\CortexM3\ARM_GCC_541\Debug\main.o (VDAC8_2_SetValue)
.\CortexM3\ARM_GCC_541\Debug\Motorspeedcontrol.a(p0_0.o)
                              .\CortexM3\ARM_GCC_541\Debug\main.o (p0_0_Write)
.\CortexM3\ARM_GCC_541\Debug\Motorspeedcontrol.a(ADC_SAR_1.o)
                              .\CortexM3\ARM_GCC_541\Debug\main.o (ADC_SAR_1_Start)
.\CortexM3\ARM_GCC_541\Debug\Motorspeedcontrol.a(ADC_SAR_1_INT.o)
                              .\CortexM3\ARM_GCC_541\Debug\Motorspeedcontrol.a(ADC_SAR_1.o) (ADC_SAR_1_ISR)
.\CortexM3\ARM_GCC_541\Debug\Motorspeedcontrol.a(ADC_SAR_1_theACLK.o)
                              .\CortexM3\ARM_GCC_541\Debug\Motorspeedcontrol.a(ADC_SAR_1.o) (ADC_SAR_1_theACLK_SetModeRegister)
.\CortexM3\ARM_GCC_541\Debug\Motorspeedcontrol.a(isr_1.o)
                              .\CortexM3\ARM_GCC_541\Debug\main.o (isr_1_Start)
.\CortexM3\ARM_GCC_541\Debug\Motorspeedcontrol.a(CyBootAsmGnu.o)
                              .\CortexM3\ARM_GCC_541\Debug\cyfitter_cfg.o (CyDelayCycles)
.\CortexM3\ARM_GCC_541\Debug\Motorspeedcontrol.a(CyFlash.o)
                              .\CortexM3\ARM_GCC_541\Debug\Motorspeedcontrol.a(cyPm.o) (CyFlash_SetWaitCycles)
.\CortexM3\ARM_GCC_541\Debug\Motorspeedcontrol.a(CySpc.o)
                              .\CortexM3\ARM_GCC_541\Debug\Motorspeedcontrol.a(CyFlash.o) (CySpcStart)
c:/program files (x86)/cypress/psoc creator/4.1/psoc creator/import/gnu/arm/5.4.1/bin/../lib/gcc/arm-none-eabi/5.4.1/armv7-m\libgcc.a(_arm_addsubdf3.o)
                              .\CortexM3\ARM_GCC_541\Debug\main.o (__aeabi_dadd)
c:/program files (x86)/cypress/psoc creator/4.1/psoc creator/import/gnu/arm/5.4.1/bin/../lib/gcc/arm-none-eabi/5.4.1/armv7-m\libgcc.a(_arm_muldivdf3.o)
                              .\CortexM3\ARM_GCC_541\Debug\main.o (__aeabi_dmul)
c:/program files (x86)/cypress/psoc creator/4.1/psoc creator/import/gnu/arm/5.4.1/bin/../lib/gcc/arm-none-eabi/5.4.1/armv7-m\libgcc.a(_arm_fixunsdfsi.o)
                              .\CortexM3\ARM_GCC_541\Debug\main.o (__aeabi_d2uiz)
c:/program files (x86)/cypress/psoc creator/4.1/psoc creator/import/gnu/arm/5.4.1/bin/../lib/gcc/arm-none-eabi/5.4.1/armv7-m\libgcc.a(_arm_addsubsf3.o)
                              .\CortexM3\ARM_GCC_541\Debug\Motorspeedcontrol.a(ADC_SAR_2.o) (__aeabi_i2f)
c:/program files (x86)/cypress/psoc creator/4.1/psoc creator/import/gnu/arm/5.4.1/bin/../lib/gcc/arm-none-eabi/5.4.1/armv7-m\libgcc.a(_arm_muldivsf3.o)
                              .\CortexM3\ARM_GCC_541\Debug\Motorspeedcontrol.a(ADC_SAR_2.o) (__aeabi_fmul)
c:/program files (x86)/cypress/psoc creator/4.1/psoc creator/import/gnu/arm/5.4.1/bin/../lib/gcc/arm-none-eabi/5.4.1/armv7-m\libgcc.a(_aeabi_ldivmod.o)
                              .\CortexM3\ARM_GCC_541\Debug\Motorspeedcontrol.a(ADC_SAR_2.o) (__aeabi_ldivmod)
c:/program files (x86)/cypress/psoc creator/4.1/psoc creator/import/gnu/arm/5.4.1/bin/../lib/gcc/arm-none-eabi/5.4.1/armv7-m\libgcc.a(_udivmoddi4.o)
[...]
Memory Configuration

Name             Origin             Length             Attributes
rom              0x00000000         0x00040000         xr
ram              0x1fff8000         0x00010000         xrw
*default*        0x00000000         0xffffffff

Linker script and memory map

LOAD c:/program files (x86)/cypress/psoc creator/4.1/psoc creator/import/gnu/arm/5.4.1/bin/../lib/gcc/arm-none-eabi/5.4.1/armv7-m/crti.o
LOAD c:/program files (x86)/cypress/psoc creator/4.1/psoc creator/import/gnu/arm/5.4.1/bin/../lib/gcc/arm-none-eabi/5.4.1/armv7-m/crtbegin.o
LOAD c:/program files (x86)/cypress/psoc creator/4.1/psoc creator/import/gnu/arm/5.4.1/bin/../lib/gcc/arm-none-eabi/5.4.1/../../../../arm-none-eabi/lib/armv7-m/crt0.o
START GROUP
LOAD .\CortexM3\ARM_GCC_541\Debug\main.o
LOAD .\CortexM3\ARM_GCC_541\Debug\cyfitter_cfg.o
LOAD .\CortexM3\ARM_GCC_541\Debug\cymetadata.o
LOAD .\CortexM3\ARM_GCC_541\Debug\Cm3Start.o
LOAD .\CortexM3\ARM_GCC_541\Debug\Motorspeedcontrol.a
LOAD C:\Program Files (x86)\Cypress\PSoC Creator\4.1\PSoC Creator\psoc\content\cycomponentlibrary\CyComponentLibrary.cylib\CortexM3\ARM_GCC_541\Debug\CyComponentLibrary.a
END GROUP
START GROUP
LOAD c:/program files (x86)/cypress/psoc creator/4.1/psoc creator/import/gnu/arm/5.4.1/bin/../lib/gcc/arm-none-eabi/5.4.1/armv7-m\libgcc.a
LOAD c:/program files (x86)/cypress/psoc creator/4.1/psoc creator/import/gnu/arm/5.4.1/bin/../lib/gcc/arm-none-eabi/5.4.1/../../../../arm-none-eabi/lib/armv7-m\libg_nano.a
LOAD c:/program files (x86)/cypress/psoc creator/4.1/psoc creator/import/gnu/arm/5.4.1/bin/../lib/gcc/arm-none-eabi/5.4.1/../../../../arm-none-eabi/lib/armv7-m\libc_nano.a
END GROUP
START GROUP
LOAD c:/program files (x86)/cypress/psoc creator/4.1/psoc creator/import/gnu/arm/5.4.1/bin/../lib/gcc/arm-none-eabi/5.4.1/armv7-m\libgcc.a
LOAD c:/program files (x86)/cypress/psoc creator/4.1/psoc creator/import/gnu/arm/5.4.1/bin/../lib/gcc/arm-none-eabi/5.4.1/../../../../arm-none-eabi/lib/armv7-m\libc_nano.a
END GROUP
LOAD c:/program files (x86)/cypress/psoc creator/4.1/psoc creator/import/gnu/arm/5.4.1/bin/../lib/gcc/arm-none-eabi/5.4.1/armv7-m/crtend.o
LOAD c:/program files (x86)/cypress/psoc creator/4.1/psoc creator/import/gnu/arm/5.4.1/bin/../lib/gcc/arm-none-eabi/5.4.1/armv7-m/crtn.o
START GROUP
LOAD c:/program files (x86)/cypress/psoc creator/4.1/psoc creator/import/gnu/arm/5.4.1/bin/../lib/gcc/arm-none-eabi/5.4.1/armv7-m\libgcc.a
LOAD c:/program files (x86)/cypress/psoc creator/4.1/psoc creator/import/gnu/arm/5.4.1/bin/../lib/gcc/arm-none-eabi/5.4.1/../../../../arm-none-eabi/lib/armv7-m\libc.a
LOAD c:/program files (x86)/cypress/psoc creator/4.1/psoc creator/import/gnu/arm/5.4.1/bin/../lib/gcc/arm-none-eabi/5.4.1/../../../../arm-none-eabi/lib/armv7-m\libnosys.a
END GROUP
                0x00000000                CY_APPL_ORIGIN = 0x0
                0x00000100                CY_FLASH_ROW_SIZE = 0x100
                0x00000020                CY_ECC_ROW_SIZE = 0x20
                0x00000000                CY_EE_IN_BTLDR = 0x0
                0x00000000                CY_APPL_LOADABLE = 0x0
                0x00000800                CY_EE_SIZE = 0x800
                0x00000001                CY_APPL_NUM = 0x1
                0x00000001                CY_APPL_MAX = 0x1
                0x00000040                CY_METADATA_SIZE = 0x40
                0x00000000                CY_APPL_LOADABLE = 0x0
                0x00000000                CY_CHECKSUM_EXCLUDE_SIZE = ALIGN (0x0, CY_FLASH_ROW_SIZE)
                [!provide]                PROVIDE (__cy_heap_start, _end)
                0x00000001                PROVIDE (__cy_region_num, ((__cy_regions_end - __cy_regions) / 0x10))
                0x20008000                PROVIDE (__cy_stack, (ORIGIN (ram) + LENGTH (ram)))
                [!provide]                PROVIDE (__cy_heap_end, (__cy_stack - 0x800))

.cybootloader   0x00000000        0x0
 *(.cybootloader)
                0x00000000                appl1_start = CY_APPL_ORIGIN?CY_APPL_ORIGIN:ALIGN (CY_FLASH_ROW_SIZE)
                0x0001ff00                appl2_start = (appl1_start + ALIGN ((((LENGTH (rom) - appl1_start) - (0x2 * CY_FLASH_ROW_SIZE)) / 0x2), CY_FLASH_ROW_SIZE))
                0x00000000                appl_start = (CY_APPL_NUM == 0x1)?appl1_start:appl2_start
                0x00000000                ecc_offset = ((appl_start / CY_FLASH_ROW_SIZE) * CY_ECC_ROW_SIZE)
                0x00000000                ee_offset = (CY_APPL_LOADABLE && ! (CY_EE_IN_BTLDR))?((CY_EE_SIZE / CY_APPL_MAX) * (CY_APPL_NUM - 0x1)):0x0
                0x00000800                ee_size = (CY_APPL_LOADABLE && ! (CY_EE_IN_BTLDR))?(CY_EE_SIZE / CY_APPL_MAX):CY_EE_SIZE
                [!provide]                PROVIDE (CY_ECC_OFFSET, ecc_offset)

.text           0x00000000     0x1a8a
 CREATE_OBJECT_SYMBOLS
                0x00000000                PROVIDE (__cy_interrupt_vector, RomVectors)
 *(.romvectors)
 .romvectors    0x00000000       0x10 .\CortexM3\ARM_GCC_541\Debug\Cm3Start.o
                0x00000000                RomVectors
                0x00000001                ASSERT ((. != __cy_interrupt_vector), No interrupt vector)
                0x00000001                ASSERT (CY_APPL_ORIGIN?(SIZEOF (.cybootloader) <= CY_APPL_ORIGIN):0x1, Wrong image location)
                0x00000010                PROVIDE (__cy_reset, Reset)
 *(.text.Reset)
 .text.Reset    0x00000010       0x18 .\CortexM3\ARM_GCC_541\Debug\Cm3Start.o
                0x00000010                Reset
                0x00000001                ASSERT ((. != __cy_reset), No reset code)
 *(.dma_init)
                0x00000001                ASSERT ((((appl_start + .) <= 0x10000) || 0x1), DMA Init must be within the first 64k of flash)
 *(.text .text.* .gnu.linkonce.t.*)
 .text          0x00000028       0x5c c:/program files (x86)/cypress/psoc creator/4.1/psoc creator/import/gnu/arm/5.4.1/bin/../lib/gcc/arm-none-eabi/5.4.1/armv7-m/crtbegin.o
 *fill*         0x00000084        0x4 
 .text.isr_2_Interrupt
                0x00000088       0xcc .\CortexM3\ARM_GCC_541\Debug\main.o
                0x00000088                isr_2_Interrupt
 .text.LCD      0x00000154       0x4c .\CortexM3\ARM_GCC_541\Debug\main.o
                0x00000154                LCD
 .text.main     0x000001a0      0x178 .\CortexM3\ARM_GCC_541\Debug\main.o
                0x000001a0                main
 .text.CyClockStartupError
                0x00000318        0x4 .\CortexM3\ARM_GCC_541\Debug\cyfitter_cfg.o
 .text.cfg_write_bytes32
                0x0000031c       0x34 .\CortexM3\ARM_GCC_541\Debug\cyfitter_cfg.o
 .text.CYMEMZERO
                0x00000350        0xc .\CortexM3\ARM_GCC_541\Debug\cyfitter_cfg.o
 .text.ClockSetup
                0x0000035c       0xe0 .\CortexM3\ARM_GCC_541\Debug\cyfitter_cfg.o
 .text.AnalogSetDefault
                0x0000043c       0x9c .\CortexM3\ARM_GCC_541\Debug\cyfitter_cfg.o
 .text.CYCONFIGCPY
                0x000004d8        0x8 .\CortexM3\ARM_GCC_541\Debug\cyfitter_cfg.o
 .text.cyfitter_cfg
                0x000004e0      0x10c .\CortexM3\ARM_GCC_541\Debug\cyfitter_cfg.o
                0x000004e0                cyfitter_cfg
 .text.IntDefaultHandler
                0x000005ec       0x10 .\CortexM3\ARM_GCC_541\Debug\Cm3Start.o
                0x000005ec                IntDefaultHandler
 .text.Start_c  0x000005fc       0x4c .\CortexM3\ARM_GCC_541\Debug\Cm3Start.o
                0x000005fc                Start_c
 .text.initialize_psoc
                0x00000648       0x68 .\CortexM3\ARM_GCC_541\Debug\Cm3Start.o
                0x00000648                initialize_psoc
 .text.LCD_Char_1_WrCntrlNib
                0x000006b0       0x34 .\CortexM3\ARM_GCC_541\Debug\Motorspeedcontrol.a(LCD_Char_1.o)
 .text.LCD_Char_1_WrDatNib
                0x000006e4       0x44 .\CortexM3\ARM_GCC_541\Debug\Motorspeedcontrol.a(LCD_Char_1.o)
 .text.LCD_Char_1_IsReady
                0x00000728       0xe4 .\CortexM3\ARM_GCC_541\Debug\Motorspeedcontrol.a(LCD_Char_1.o)
                0x00000728                LCD_Char_1_IsReady
 .text.LCD_Char_1_WriteData
                0x0000080c       0x18 .\CortexM3\ARM_GCC_541\Debug\Motorspeedcontrol.a(LCD_Char_1.o)
                0x0000080c                LCD_Char_1_WriteData
 .text.LCD_Char_1_PrintString
                0x00000824       0x1c .\CortexM3\ARM_GCC_541\Debug\Motorspeedcontrol.a(LCD_Char_1.o)
                0x00000824                LCD_Char_1_PrintString
 .text.LCD_Char_1_WriteControl
                0x00000840       0x18 .\CortexM3\ARM_GCC_541\Debug\Motorspeedcontrol.a(LCD_Char_1.o)
                0x00000840                LCD_Char_1_WriteControl
 .text.LCD_Char_1_Init
                0x00000858       0x6c .\CortexM3\ARM_GCC_541\Debug\Motorspeedcontrol.a(LCD_Char_1.o)
                0x00000858                LCD_Char_1_Init
 .text.LCD_Char_1_Enable
                0x000008c4       0x14 .\CortexM3\ARM_GCC_541\Debug\Motorspeedcontrol.a(LCD_Char_1.o)
                0x000008c4                LCD_Char_1_Enable
 .text.LCD_Char_1_Start
                0x000008d8       0x1c .\CortexM3\ARM_GCC_541\Debug\Motorspeedcontrol.a(LCD_Char_1.o)
                0x000008d8                LCD_Char_1_Start
 .text.LCD_Char_1_Position
                0x000008f4       0x3c .\CortexM3\ARM_GCC_541\Debug\Motorspeedcontrol.a(LCD_Char_1.o)
                0x000008f4                LCD_Char_1_Position
 .text.LCD_Char_1_PrintU32Number
                0x00000930       0x64 .\CortexM3\ARM_GCC_541\Debug\Motorspeedcontrol.a(LCD_Char_1.o)
                0x00000930                LCD_Char_1_PrintU32Number
 .text.p3_7_Read
                0x00000994        0xc .\CortexM3\ARM_GCC_541\Debug\Motorspeedcontrol.a(p3_7.o)
                0x00000994                p3_7_Read
 .text.QuadDec_1_GetEvents
                0x000009a0       0x10 .\CortexM3\ARM_GCC_541\Debug\Motorspeedcontrol.a(QuadDec_1.o)
                0x000009a0                QuadDec_1_GetEvents
 .text.QuadDec_1_SetInterruptMask
                0x000009b0        0xc .\CortexM3\ARM_GCC_541\Debug\Motorspeedcontrol.a(QuadDec_1.o)
                0x000009b0                QuadDec_1_SetInterruptMask
 .text.QuadDec_1_Enable
                0x000009bc       0x24 .\CortexM3\ARM_GCC_541\Debug\Motorspeedcontrol.a(QuadDec_1.o)
                0x000009bc                QuadDec_1_Enable
 .text.QuadDec_1_Start
                0x000009e0       0x24 .\CortexM3\ARM_GCC_541\Debug\Motorspeedcontrol.a(QuadDec_1.o)
                0x000009e0                QuadDec_1_Start
 .text.ADC_SAR_2_CalcGain
                0x00000a04       0x64 .\CortexM3\ARM_GCC_541\Debug\Motorspeedcontrol.a(ADC_SAR_2.o)
 .text.ADC_SAR_2_Enable
                0x00000a68       0x94 .\CortexM3\ARM_GCC_541\Debug\Motorspeedcontrol.a(ADC_SAR_2.o)
                0x00000a68                ADC_SAR_2_Enable
 .text.ADC_SAR_2_SetResolution
                0x00000afc       0x38 .\CortexM3\ARM_GCC_541\Debug\Motorspeedcontrol.a(ADC_SAR_2.o)
                0x00000afc                ADC_SAR_2_SetResolution
 .text.ADC_SAR_2_Init
                0x00000b34       0x3c .\CortexM3\ARM_GCC_541\Debug\Motorspeedcontrol.a(ADC_SAR_2.o)
                0x00000b34                ADC_SAR_2_Init
 .text.ADC_SAR_2_Start
                0x00000b70       0x1c .\CortexM3\ARM_GCC_541\Debug\Motorspeedcontrol.a(ADC_SAR_2.o)
                0x00000b70                ADC_SAR_2_Start
 .text.ADC_SAR_2_StartConvert
                0x00000b8c       0x10 .\CortexM3\ARM_GCC_541\Debug\Motorspeedcontrol.a(ADC_SAR_2.o)
                0x00000b8c                ADC_SAR_2_StartConvert
 .text.ADC_SAR_2_ISR
                0x00000b9c        0x4 .\CortexM3\ARM_GCC_541\Debug\Motorspeedcontrol.a(ADC_SAR_2_INT.o)
                0x00000b9c                ADC_SAR_2_ISR
 .text.QuadDec_1_Cnt16_Enable
                0x00000ba0       0x10 .\CortexM3\ARM_GCC_541\Debug\Motorspeedcontrol.a(QuadDec_1_Cnt16.o)
                0x00000ba0                QuadDec_1_Cnt16_Enable
 .text.QuadDec_1_Cnt16_SetInterruptMode
                0x00000bb0        0xc .\CortexM3\ARM_GCC_541\Debug\Motorspeedcontrol.a(QuadDec_1_Cnt16.o)
                0x00000bb0                QuadDec_1_Cnt16_SetInterruptMode
 .text.QuadDec_1_Cnt16_ReadStatusRegister
                0x00000bbc        0xc .\CortexM3\ARM_GCC_541\Debug\Motorspeedcontrol.a(QuadDec_1_Cnt16.o)
                0x00000bbc                QuadDec_1_Cnt16_ReadStatusRegister
 .text.QuadDec_1_Cnt16_WriteCounter
                0x00000bc8        0xc .\CortexM3\ARM_GCC_541\Debug\Motorspeedcontrol.a(QuadDec_1_Cnt16.o)
                0x00000bc8                QuadDec_1_Cnt16_WriteCounter
 .text.QuadDec_1_Cnt16_ReadCapture
                0x00000bd4        0xc .\CortexM3\ARM_GCC_541\Debug\Motorspeedcontrol.a(QuadDec_1_Cnt16.o)
                0x00000bd4                QuadDec_1_Cnt16_ReadCapture
 .text.QuadDec_1_Cnt16_WritePeriod
                0x00000be0        0xc .\CortexM3\ARM_GCC_541\Debug\Motorspeedcontrol.a(QuadDec_1_Cnt16.o)
                0x00000be0                QuadDec_1_Cnt16_WritePeriod
 .text.QuadDec_1_Cnt16_WriteCompare
                0x00000bec        0xc .\CortexM3\ARM_GCC_541\Debug\Motorspeedcontrol.a(QuadDec_1_Cnt16.o)
                0x00000bec                QuadDec_1_Cnt16_WriteCompare
 .text.QuadDec_1_Cnt16_ClearFIFO
                0x00000bf8       0x14 .\CortexM3\ARM_GCC_541\Debug\Motorspeedcontrol.a(QuadDec_1_Cnt16.o)
                0x00000bf8                QuadDec_1_Cnt16_ClearFIFO
 .text.QuadDec_1_Cnt16_Init
                0x00000c0c       0x58 .\CortexM3\ARM_GCC_541\Debug\Motorspeedcontrol.a(QuadDec_1_Cnt16.o)
                0x00000c0c                QuadDec_1_Cnt16_Init
 .text.QuadDec_1_Cnt16_Start
                0x00000c64       0x1c .\CortexM3\ARM_GCC_541\Debug\Motorspeedcontrol.a(QuadDec_1_Cnt16.o)
                0x00000c64                QuadDec_1_Cnt16_Start
 .text.ADC_SAR_2_theACLK_SetModeRegister
                0x00000c80       0x14 .\CortexM3\ARM_GCC_541\Debug\Motorspeedcontrol.a(ADC_SAR_2_theACLK.o)
                0x00000c80                ADC_SAR_2_theACLK_SetModeRegister
 .text.CyHalt   0x00000c94        0x4 .\CortexM3\ARM_GCC_541\Debug\Motorspeedcontrol.a(CyLib.o)
                0x00000c94                CyHalt
 .text.CyDelay  0x00000c98       0x2c .\CortexM3\ARM_GCC_541\Debug\Motorspeedcontrol.a(CyLib.o)
                0x00000c98                CyDelay
 .text.CyDelayUs
                0x00000cc4       0x14 .\CortexM3\ARM_GCC_541\Debug\Motorspeedcontrol.a(CyLib.o)
                0x00000cc4                CyDelayUs
 .text.CyIntSetVector
                0x00000cd8       0x28 .\CortexM3\ARM_GCC_541\Debug\Motorspeedcontrol.a(CyLib.o)
                0x00000cd8                CyIntSetVector
 .text.CyIntSetPriority
                0x00000d00       0x30 .\CortexM3\ARM_GCC_541\Debug\Motorspeedcontrol.a(CyLib.o)
                0x00000d00                CyIntSetPriority
 .text.PWM_1_Enable
                0x00000d30       0x10 .\CortexM3\ARM_GCC_541\Debug\Motorspeedcontrol.a(PWM_1.o)
                0x00000d30                PWM_1_Enable
 .text.PWM_1_Stop
                0x00000d40       0x10 .\CortexM3\ARM_GCC_541\Debug\Motorspeedcontrol.a(PWM_1.o)
                0x00000d40                PWM_1_Stop
 .text.PWM_1_WriteCounter
                0x00000d50        0xc .\CortexM3\ARM_GCC_541\Debug\Motorspeedcontrol.a(PWM_1.o)
                0x00000d50                PWM_1_WriteCounter
 .text.PWM_1_WritePeriod
                0x00000d5c        0xc .\CortexM3\ARM_GCC_541\Debug\Motorspeedcontrol.a(PWM_1.o)
                0x00000d5c                PWM_1_WritePeriod
 .text.PWM_1_WriteCompare
                0x00000d68        0xc .\CortexM3\ARM_GCC_541\Debug\Motorspeedcontrol.a(PWM_1.o)
                0x00000d68                PWM_1_WriteCompare
 .text.PWM_1_SetInterruptMode
                0x00000d74        0xc .\CortexM3\ARM_GCC_541\Debug\Motorspeedcontrol.a(PWM_1.o)
                0x00000d74                PWM_1_SetInterruptMode
 .text.PWM_1_ReadStatusRegister
                0x00000d80        0xc .\CortexM3\ARM_GCC_541\Debug\Motorspeedcontrol.a(PWM_1.o)
                0x00000d80                PWM_1_ReadStatusRegister
 .text.PWM_1_ReadCapture
                0x00000d8c        0xc .\CortexM3\ARM_GCC_541\Debug\Motorspeedcontrol.a(PWM_1.o)
                0x00000d8c                PWM_1_ReadCapture
 .text.PWM_1_ClearFIFO
                0x00000d98       0x14 .\CortexM3\ARM_GCC_541\Debug\Motorspeedcontrol.a(PWM_1.o)
                0x00000d98                PWM_1_ClearFIFO
 .text.PWM_1_Init
                0x00000dac       0x5c .\CortexM3\ARM_GCC_541\Debug\Motorspeedcontrol.a(PWM_1.o)
                0x00000dac                PWM_1_Init
 .text.PWM_1_Start
                0x00000e08       0x1c .\CortexM3\ARM_GCC_541\Debug\Motorspeedcontrol.a(PWM_1.o)
                0x00000e08                PWM_1_Start
 .text.VDAC8_1_Enable
                0x00000e24       0x1c .\CortexM3\ARM_GCC_541\Debug\Motorspeedcontrol.a(VDAC8_1.o)
                0x00000e24                VDAC8_1_Enable
 .text.VDAC8_1_SetSpeed
                0x00000e40       0x1c .\CortexM3\ARM_GCC_541\Debug\Motorspeedcontrol.a(VDAC8_1.o)
                0x00000e40                VDAC8_1_SetSpeed
 .text.VDAC8_1_SetValue
                0x00000e5c        0xc .\CortexM3\ARM_GCC_541\Debug\Motorspeedcontrol.a(VDAC8_1.o)
                0x00000e5c                VDAC8_1_SetValue
 .text.VDAC8_1_DacTrim
                0x00000e68       0x24 .\CortexM3\ARM_GCC_541\Debug\Motorspeedcontrol.a(VDAC8_1.o)
                0x00000e68                VDAC8_1_DacTrim
 .text.VDAC8_1_SetRange
                0x00000e8c       0x20 .\CortexM3\ARM_GCC_541\Debug\Motorspeedcontrol.a(VDAC8_1.o)
                0x00000e8c                VDAC8_1_SetRange
 .text.VDAC8_1_Init
                0x00000eac       0x20 .\CortexM3\ARM_GCC_541\Debug\Motorspeedcontrol.a(VDAC8_1.o)
                0x00000eac                VDAC8_1_Init
 .text.VDAC8_1_Start
                0x00000ecc       0x24 .\CortexM3\ARM_GCC_541\Debug\Motorspeedcontrol.a(VDAC8_1.o)
                0x00000ecc                VDAC8_1_Start
 .text.VDAC8_2_Enable
                0x00000ef0       0x1c .\CortexM3\ARM_GCC_541\Debug\Motorspeedcontrol.a(VDAC8_2.o)
                0x00000ef0                VDAC8_2_Enable
 .text.VDAC8_2_SetSpeed
                0x00000f0c       0x1c .\CortexM3\ARM_GCC_541\Debug\Motorspeedcontrol.a(VDAC8_2.o)
                0x00000f0c                VDAC8_2_SetSpeed
 .text.VDAC8_2_SetValue
                0x00000f28        0xc .\CortexM3\ARM_GCC_541\Debug\Motorspeedcontrol.a(VDAC8_2.o)
                0x00000f28                VDAC8_2_SetValue
 .text.VDAC8_2_DacTrim
                0x00000f34       0x24 .\CortexM3\ARM_GCC_541\Debug\Motorspeedcontrol.a(VDAC8_2.o)
                0x00000f34                VDAC8_2_DacTrim
 .text.VDAC8_2_SetRange
                0x00000f58       0x20 .\CortexM3\ARM_GCC_541\Debug\Motorspeedcontrol.a(VDAC8_2.o)
                0x00000f58                VDAC8_2_SetRange
 .text.VDAC8_2_Init
                0x00000f78       0x20 .\CortexM3\ARM_GCC_541\Debug\Motorspeedcontrol.a(VDAC8_2.o)
                0x00000f78                VDAC8_2_Init
 .text.VDAC8_2_Start
                0x00000f98       0x24 .\CortexM3\ARM_GCC_541\Debug\Motorspeedcontrol.a(VDAC8_2.o)
                0x00000f98                VDAC8_2_Start
 .text.p0_0_Write
                0x00000fbc       0x18 .\CortexM3\ARM_GCC_541\Debug\Motorspeedcontrol.a(p0_0.o)
                0x00000fbc                p0_0_Write
 .text.p0_0_Read
                0x00000fd4       0x10 .\CortexM3\ARM_GCC_541\Debug\Motorspeedcontrol.a(p0_0.o)
                0x00000fd4                p0_0_Read
 .text.ADC_SAR_1_CalcGain
                0x00000fe4       0x5c .\CortexM3\ARM_GCC_541\Debug\Motorspeedcontrol.a(ADC_SAR_1.o)
 .text.ADC_SAR_1_Enable
                0x00001040       0x94 .\CortexM3\ARM_GCC_541\Debug\Motorspeedcontrol.a(ADC_SAR_1.o)
                0x00001040                ADC_SAR_1_Enable
 .text.ADC_SAR_1_SetResolution
                0x000010d4       0x38 .\CortexM3\ARM_GCC_541\Debug\Motorspeedcontrol.a(ADC_SAR_1.o)
                0x000010d4                ADC_SAR_1_SetResolution
 .text.ADC_SAR_1_Init
                0x0000110c       0x3c .\CortexM3\ARM_GCC_541\Debug\Motorspeedcontrol.a(ADC_SAR_1.o)
                0x0000110c                ADC_SAR_1_Init
 .text.ADC_SAR_1_Start
                0x00001148       0x1c .\CortexM3\ARM_GCC_541\Debug\Motorspeedcontrol.a(ADC_SAR_1.o)
                0x00001148                ADC_SAR_1_Start
 .text.ADC_SAR_1_StartConvert
                0x00001164       0x10 .\CortexM3\ARM_GCC_541\Debug\Motorspeedcontrol.a(ADC_SAR_1.o)
                0x00001164                ADC_SAR_1_StartConvert
 .text.ADC_SAR_1_GetResult8
                0x00001174       0x18 .\CortexM3\ARM_GCC_541\Debug\Motorspeedcontrol.a(ADC_SAR_1.o)
                0x00001174                ADC_SAR_1_GetResult8
 .text.ADC_SAR_1_ISR
                0x0000118c        0x4 .\CortexM3\ARM_GCC_541\Debug\Motorspeedcontrol.a(ADC_SAR_1_INT.o)
                0x0000118c                ADC_SAR_1_ISR
 .text.ADC_SAR_1_theACLK_SetModeRegister
                0x00001190       0x14 .\CortexM3\ARM_GCC_541\Debug\Motorspeedcontrol.a(ADC_SAR_1_theACLK.o)
                0x00001190                ADC_SAR_1_theACLK_SetModeRegister
 .text.isr_1_Interrupt
                0x000011a4        0x4 .\CortexM3\ARM_GCC_541\Debug\Motorspeedcontrol.a(isr_1.o)
                0x000011a4                isr_1_Interrupt
 .text.isr_1_SetVector
                0x000011a8        0xc .\CortexM3\ARM_GCC_541\Debug\Motorspeedcontrol.a(isr_1.o)
                0x000011a8                isr_1_SetVector
 .text.isr_1_SetPriority
                0x000011b4       0x10 .\CortexM3\ARM_GCC_541\Debug\Motorspeedcontrol.a(isr_1.o)
                0x000011b4                isr_1_SetPriority
 .text.isr_1_Enable
                0x000011c4        0xc .\CortexM3\ARM_GCC_541\Debug\Motorspeedcontrol.a(isr_1.o)
                0x000011c4                isr_1_Enable
 .text.isr_1_Disable
                0x000011d0        0xc .\CortexM3\ARM_GCC_541\Debug\Motorspeedcontrol.a(isr_1.o)
                0x000011d0                isr_1_Disable
 .text.isr_1_Start
                0x000011dc       0x1c .\CortexM3\ARM_GCC_541\Debug\Motorspeedcontrol.a(isr_1.o)
                0x000011dc                isr_1_Start
 .text.isr_1_StartEx
                0x000011f8       0x1c .\CortexM3\ARM_GCC_541\Debug\Motorspeedcontrol.a(isr_1.o)
                0x000011f8                isr_1_StartEx
 *fill*         0x00001214        0x4 
 .text          0x00001218       0x20 .\CortexM3\ARM_GCC_541\Debug\Motorspeedcontrol.a(CyBootAsmGnu.o)
                0x00001218                CyDelayCycles
                0x00001228                CyEnterCriticalSection
                0x00001230                CyExitCriticalSection
 .text          0x00001238      0x370 c:/program files (x86)/cypress/psoc creator/4.1/psoc creator/import/gnu/arm/5.4.1/bin/../lib/gcc/arm-none-eabi/5.4.1/armv7-m\libgcc.a(_arm_addsubdf3.o)
                0x00001238                __aeabi_drsub
                0x00001240                __aeabi_dsub
                0x00001240                __subdf3
                0x00001244                __aeabi_dadd
                0x00001244                __adddf3
                0x000014bc                __floatunsidf
                0x000014bc                __aeabi_ui2d
                0x000014dc                __floatsidf
                0x000014dc                __aeabi_i2d
                0x00001500                __aeabi_f2d
                0x00001500                __extendsfdf2
                0x0000153c                __floatundidf
                0x0000153c                __aeabi_ul2d
                0x0000154c                __floatdidf
                0x0000154c                __aeabi_l2d
 .text          0x000015a8      0x424 c:/program files (x86)/cypress/psoc creator/4.1/psoc creator/import/gnu/arm/5.4.1/bin/../lib/gcc/arm-none-eabi/5.4.1/armv7-m\libgcc.a(_arm_muldivdf3.o)
                0x000015a8                __aeabi_dmul
                0x000015a8                __muldf3
                0x000017fc                __divdf3
                0x000017fc                __aeabi_ddiv
 .text          0x000019cc       0x40 c:/program files (x86)/cypress/psoc creator/4.1/psoc creator/import/gnu/arm/5.4.1/bin/../lib/gcc/arm-none-eabi/5.4.1/armv7-m\libgcc.a(_arm_fixunsdfsi.o)
                0x000019cc                __aeabi_d2uiz
                0x000019cc                __fixunsdfsi
 .text.__errno  0x00001a0c        0xc c:/program files (x86)/cypress/psoc creator/4.1/psoc creator/import/gnu/arm/5.4.1/bin/../lib/gcc/arm-none-eabi/5.4.1/../../../../arm-none-eabi/lib/armv7-m\libg_nano.a(lib_a-errno.o)
                0x00001a0c                __errno
 .text.__libc_init_array
                0x00001a18       0x4c c:/program files (x86)/cypress/psoc creator/4.1/psoc creator/import/gnu/arm/5.4.1/bin/../lib/gcc/arm-none-eabi/5.4.1/../../../../arm-none-eabi/lib/armv7-m\libg_nano.a(lib_a-init.o)
                0x00001a18                __libc_init_array
 .text.memcpy   0x00001a64       0x16 c:/program files (x86)/cypress/psoc creator/4.1/psoc creator/import/gnu/arm/5.4.1/bin/../lib/gcc/arm-none-eabi/5.4.1/../../../../arm-none-eabi/lib/armv7-m\libg_nano.a(lib_a-memcpy-stub.o)
                0x00001a64                memcpy
 .text.memset   0x00001a7a       0x10 c:/program files (x86)/cypress/psoc creator/4.1/psoc creator/import/gnu/arm/5.4.1/bin/../lib/gcc/arm-none-eabi/5.4.1/../../../../arm-none-eabi/lib/armv7-m\libg_nano.a(lib_a-memset.o)
                0x00001a7a                memset
 *(.plt)
 *(.gnu.warning)
 *(.glue_7t)
 .glue_7t       0x00001a8a        0x0 linker stubs
 *(.glue_7)
 .glue_7        0x00001a8a        0x0 linker stubs
 *(.vfp11_veneer)
 .vfp11_veneer  0x00001a8a        0x0 linker stubs
 *(.bootloader)
 *(.ARM.extab* .gnu.linkonce.armextab.*)
 *(.gcc_except_table)

.v4_bx          0x00001a8c        0x0
 .v4_bx         0x00001a8c        0x0 linker stubs

.iplt           0x00001a8c        0x0
 .iplt          0x00001a8c        0x0 c:/program files (x86)/cypress/psoc creator/4.1/psoc creator/import/gnu/arm/5.4.1/bin/../lib/gcc/arm-none-eabi/5.4.1/armv7-m/crtbegin.o

.eh_frame_hdr
 *(.eh_frame_hdr)

.eh_frame       0x00001a8c        0x4
 *(.eh_frame)
 .eh_frame      0x00001a8c        0x0 c:/program files (x86)/cypress/psoc creator/4.1/psoc creator/import/gnu/arm/5.4.1/bin/../lib/gcc/arm-none-eabi/5.4.1/armv7-m/crtbegin.o
 .eh_frame      0x00001a8c        0x4 c:/program files (x86)/cypress/psoc creator/4.1/psoc creator/import/gnu/arm/5.4.1/bin/../lib/gcc/arm-none-eabi/5.4.1/armv7-m/crtend.o
                [!provide]                PROVIDE (__exidx_start, .)

.ARM.exidx
 *(.ARM.exidx* .gnu.linkonce.armexidx.*)
                0x00001a90                __exidx_end = .

.rodata         0x00001a90       0xd8
 *(.rodata .rodata.* .gnu.linkonce.r.*)
 .rodata.str1.4
                0x00001a90       0x70 .\CortexM3\ARM_GCC_541\Debug\main.o
                                 0x6d (size before relaxing)
 .rodata        0x00001b00       0x30 .\CortexM3\ARM_GCC_541\Debug\cyfitter_cfg.o
 .rodata.str1.1
                0x00001b30        0x2 c:/program files (x86)/cypress/psoc creator/4.1/psoc creator/import/gnu/arm/5.4.1/bin/../lib/gcc/arm-none-eabi/5.4.1/../../../../arm-none-eabi/lib/armv7-m\libg_nano.a(lib_a-impure.o)
                0x00001b34                . = ALIGN (0x4)
 *fill*         0x00001b32        0x2 
 *(.init)
 .init          0x00001b34        0x4 c:/program files (x86)/cypress/psoc creator/4.1/psoc creator/import/gnu/arm/5.4.1/bin/../lib/gcc/arm-none-eabi/5.4.1/armv7-m/crti.o
                0x00001b34                _init
 .init          0x00001b38        0x8 c:/program files (x86)/cypress/psoc creator/4.1/psoc creator/import/gnu/arm/5.4.1/bin/../lib/gcc/arm-none-eabi/5.4.1/armv7-m/crtn.o
                0x00001b40                . = ALIGN (0x4)
                0x00001b40                __preinit_array_start = .
 *(.preinit_array)
                0x00001b40                __preinit_array_end = .
                0x00001b40                . = ALIGN (0x4)
                0x00001b40                __init_array_start = .
 *(SORT(.init_array.*))
 *(.init_array)
 .init_array    0x00001b40        0x4 c:/program files (x86)/cypress/psoc creator/4.1/psoc creator/import/gnu/arm/5.4.1/bin/../lib/gcc/arm-none-eabi/5.4.1/armv7-m/crtbegin.o
 .init_array    0x00001b44        0x4 .\CortexM3\ARM_GCC_541\Debug\Cm3Start.o
                0x00001b48                __init_array_end = .
                0x00001b48                . = ALIGN (0x4)
 *(.fini)
 .fini          0x00001b48        0x4 c:/program files (x86)/cypress/psoc creator/4.1/psoc creator/import/gnu/arm/5.4.1/bin/../lib/gcc/arm-none-eabi/5.4.1/armv7-m/crti.o
                0x00001b48                _fini
 .fini          0x00001b4c        0x8 c:/program files (x86)/cypress/psoc creator/4.1/psoc creator/import/gnu/arm/5.4.1/bin/../lib/gcc/arm-none-eabi/5.4.1/armv7-m/crtn.o
                0x00001b54                . = ALIGN (0x4)
                0x00001b54                __fini_array_start = .
 *(.fini_array)
 .fini_array    0x00001b54        0x4 c:/program files (x86)/cypress/psoc creator/4.1/psoc creator/import/gnu/arm/5.4.1/bin/../lib/gcc/arm-none-eabi/5.4.1/armv7-m/crtbegin.o
 *(SORT(.fini_array.*))
                0x00001b58                __fini_array_end = .
                0x00001b58                . = ALIGN (0x4)
 *crtbegin.o(.ctors)
 *(EXCLUDE_FILE(*crtend.o) .ctors)
 *(SORT(.ctors.*))
 *crtend.o(.ctors)
                0x00001b58                . = ALIGN (0x4)
 *crtbegin.o(.dtors)
 *(EXCLUDE_FILE(*crtend.o) .dtors)
 *(SORT(.dtors.*))
 *crtend.o(.dtors)
                0x00001b58                . = ALIGN (0x4)
                0x00001b58                __cy_regions = .
                0x00001b58        0x4 LONG 0x1b68 __cy_region_init_ram
                0x00001b5c        0x4 LONG 0x1fff80c8 __cy_region_start_data
                0x00001b60        0x4 LONG 0x88 __cy_region_init_size_ram
                0x00001b64        0x4 LONG 0x68 __cy_region_zero_size_ram
                0x00001b68                __cy_regions_end = .
                0x00001b68                . = ALIGN (0x8)
                0x00001b68                _etext = .

.cy_checksum_exclude
                0x00001b68        0x0
 *(.cy_checksum_exclude)

.ramvectors     0x1fff8000       0xc0
                0x1fff8000                __cy_region_start_ram = .
 *(.ramvectors)
 .ramvectors    0x1fff8000       0xc0 .\CortexM3\ARM_GCC_541\Debug\Cm3Start.o
                0x1fff8000                CyRamVectors

.noinit         0x1fff80c0        0x1
 *(.noinit)
 .noinit        0x1fff80c0        0x1 .\CortexM3\ARM_GCC_541\Debug\Motorspeedcontrol.a(CyLib.o)
                0x1fff80c0                CyResetStatus

.data           0x1fff80c8       0x88 load address 0x00001b68
                0x1fff80c8                __cy_region_start_data = .
 *(.jcr)
 .jcr           0x1fff80c8        0x0 c:/program files (x86)/cypress/psoc creator/4.1/psoc creator/import/gnu/arm/5.4.1/bin/../lib/gcc/arm-none-eabi/5.4.1/armv7-m/crtbegin.o
 .jcr           0x1fff80c8        0x4 c:/program files (x86)/cypress/psoc creator/4.1/psoc creator/import/gnu/arm/5.4.1/bin/../lib/gcc/arm-none-eabi/5.4.1/armv7-m/crtend.o
 *(.got.plt)
 *(.got)
 *(.shdata)
 *(.data .data.* .gnu.linkonce.d.*)
 .data          0x1fff80cc        0xe .\CortexM3\ARM_GCC_541\Debug\main.o
                0x1fff80cc                current_ref
                0x1fff80cd                inertia
                0x1fff80d0                mode
                0x1fff80d4                speedref
                0x1fff80d8                time
 *fill*         0x1fff80da        0x2 
 .data          0x1fff80dc       0x10 .\CortexM3\ARM_GCC_541\Debug\Motorspeedcontrol.a(CyLib.o)
                0x1fff80dc                cydelay_32k_ms
                0x1fff80e0                cydelay_freq_khz
                0x1fff80e4                cydelay_freq_mhz
                0x1fff80e8                cydelay_freq_hz
 .data.impure_data
                0x1fff80ec       0x60 c:/program files (x86)/cypress/psoc creator/4.1/psoc creator/import/gnu/arm/5.4.1/bin/../lib/gcc/arm-none-eabi/5.4.1/../../../../arm-none-eabi/lib/armv7-m\libg_nano.a(lib_a-impure.o)
 .data._impure_ptr
                0x1fff814c        0x4 c:/program files (x86)/cypress/psoc creator/4.1/psoc creator/import/gnu/arm/5.4.1/bin/../lib/gcc/arm-none-eabi/5.4.1/../../../../arm-none-eabi/lib/armv7-m\libg_nano.a(lib_a-impure.o)
                0x1fff814c                _impure_ptr
                0x1fff8150                . = ALIGN (0x8)
 *(.ram)
                0x1fff8150                _edata = .

.igot.plt       0x1fff8150        0x0 load address 0x00001bf0
 .igot.plt      0x1fff8150        0x0 c:/program files (x86)/cypress/psoc creator/4.1/psoc creator/import/gnu/arm/5.4.1/bin/../lib/gcc/arm-none-eabi/5.4.1/armv7-m/crtbegin.o

.bss            0x1fff8150       0x68 load address 0x00001bf0
                0x1fff8150                PROVIDE (__bss_start__, .)
 *(.shbss)
 *(.bss .bss.* .gnu.linkonce.b.*)
 .bss           0x1fff8150       0x1c c:/program files (x86)/cypress/psoc creator/4.1/psoc creator/import/gnu/arm/5.4.1/bin/../lib/gcc/arm-none-eabi/5.4.1/armv7-m/crtbegin.o
 .bss           0x1fff816c       0x17 .\CortexM3\ARM_GCC_541\Debug\main.o
                0x1fff816c                current
                0x1fff816d                ierror
                0x1fff8170                loop
                0x1fff8174                emfrpm
                0x1fff8176                quadcountprevious
                0x1fff8178                quadcount
                0x1fff817a                quadcountnew
                0x1fff817c                ADC_2_Count_Output_4
                0x1fff817d                ADC_2_Count_Output_5
                0x1fff817e                ADC_2_Count_Output_3
                0x1fff817f                ADC_2_Count_Output_2
                0x1fff8180                ADC_2_Count_Output_1
                0x1fff8181                ADC_2_Count_Output
                0x1fff8182                ADC_Count_Output
 .bss           0x1fff8183        0x2 .\CortexM3\ARM_GCC_541\Debug\Motorspeedcontrol.a(LCD_Char_1.o)
                0x1fff8183                LCD_Char_1_enableState
                0x1fff8184                LCD_Char_1_initVar
 .bss           0x1fff8185        0x1 .\CortexM3\ARM_GCC_541\Debug\Motorspeedcontrol.a(QuadDec_1.o)
                0x1fff8185                QuadDec_1_initVar
 .bss           0x1fff8186        0x1 .\CortexM3\ARM_GCC_541\Debug\Motorspeedcontrol.a(ADC_SAR_2.o)
                0x1fff8186                ADC_SAR_2_initVar
 .bss           0x1fff8187        0x1 .\CortexM3\ARM_GCC_541\Debug\Motorspeedcontrol.a(QuadDec_1_Cnt16.o)
                0x1fff8187                QuadDec_1_Cnt16_initVar
 .bss           0x1fff8188        0x1 .\CortexM3\ARM_GCC_541\Debug\Motorspeedcontrol.a(PWM_1.o)
                0x1fff8188                PWM_1_initVar
 .bss           0x1fff8189        0x1 .\CortexM3\ARM_GCC_541\Debug\Motorspeedcontrol.a(VDAC8_1.o)
                0x1fff8189                VDAC8_1_initVar
 .bss           0x1fff818a        0x1 .\CortexM3\ARM_GCC_541\Debug\Motorspeedcontrol.a(VDAC8_2.o)
                0x1fff818a                VDAC8_2_initVar
 .bss           0x1fff818b        0x1 .\CortexM3\ARM_GCC_541\Debug\Motorspeedcontrol.a(ADC_SAR_1.o)
                0x1fff818b                ADC_SAR_1_initVar
 *(COMMON)
 COMMON         0x1fff818c        0xd .\CortexM3\ARM_GCC_541\Debug\main.o
                0x1fff818c                error_prev
                0x1fff818d                source_voltage
                0x1fff818e                error_new
                0x1fff8190                rpm
                0x1fff8194                error
                0x1fff8196                period
                0x1fff8198                prev_inertia
 *fill*         0x1fff8199        0x3 
 COMMON         0x1fff819c        0xa .\CortexM3\ARM_GCC_541\Debug\Motorspeedcontrol.a(ADC_SAR_2.o)
                0x1fff819c                ADC_SAR_2_countsPer10Volt
                0x1fff81a0                ADC_SAR_2_shift
                0x1fff81a2                ADC_SAR_2_offset
                0x1fff81a4                ADC_SAR_2_countsPerVolt
 *fill*         0x1fff81a6        0x2 
 COMMON         0x1fff81a8        0xa .\CortexM3\ARM_GCC_541\Debug\Motorspeedcontrol.a(ADC_SAR_1.o)
                0x1fff81a8                ADC_SAR_1_countsPerVolt
                0x1fff81aa                ADC_SAR_1_shift
                0x1fff81ac                ADC_SAR_1_countsPer10Volt
                0x1fff81b0                ADC_SAR_1_offset
                0x1fff81b8                . = ALIGN (0x8)
 *fill*         0x1fff81b2        0x6 
 *(.ram.b)
                0x1fff81b8                _end = .
                0x1fff81b8                __end = .
                0x1fff81b8                PROVIDE (end, .)
                0x1fff81b8                PROVIDE (__bss_end__, .)
                0x00001b68                __cy_region_init_ram = LOADADDR (.data)
                0x00000088                __cy_region_init_size_ram = (_edata - ADDR (.data))
                0x00000068                __cy_region_zero_size_ram = (_end - _edata)

.heap           0x1fff81b8       0x80 load address 0x00001bf0
                0x1fff81b8                . = _end
                0x1fff8238                . = (. + 0x80)
 *fill*         0x1fff81b8       0x80 
                0x1fff8238                __cy_heap_limit = .

.stack          0x20007800      0x800
                0x20007800                __cy_stack_limit = .
                0x20008000                . = (. + 0x800)
 *fill*         0x20007800      0x800 
                0x00000001                ASSERT ((__cy_stack_limit >= __cy_heap_limit), region RAM overflowed with stack)
                0x00000000                cy_checksum_exclude_size = (CY_APPL_LOADABLE == 0x1)?SIZEOF (.cy_checksum_exclude):0x0
                0x00000001                ASSERT ((cy_checksum_exclude_size <= CY_CHECKSUM_EXCLUDE_SIZE), CY_BOOT: Section .cy_checksum_exclude size exceedes specified limit.)

.cyloadermeta
 *(.cyloadermeta)

.cyloadablemeta
 *(.cyloadablemeta)

.cyconfigecc    0x80000000      0x470
 *(.cyconfigecc)
 .cyconfigecc   0x80000000      0x470 .\CortexM3\ARM_GCC_541\Debug\cymetadata.o
                0x80000000                cy_meta_configecc

.cycustnvl      0x90000000        0x4
 *(.cycustnvl)
 .cycustnvl     0x90000000        0x4 .\CortexM3\ARM_GCC_541\Debug\cymetadata.o
                0x90000000                cy_meta_custnvl

.cywolatch      0x90100000        0x4
 *(.cywolatch)
 .cywolatch     0x90100000        0x4 .\CortexM3\ARM_GCC_541\Debug\cymetadata.o
                0x90100000                cy_meta_wonvl

.cyeeprom       0x90200000        0x0
 *(.cyeeprom)
                0x00000001                ASSERT ((. <= ((0x90200000 + ee_offset) + ee_size)), .cyeeprom data will not fit in EEPROM)

.cyflashprotect
                0x90400000      0x100
 *(.cyflashprotect)
 .cyflashprotect
                0x90400000      0x100 .\CortexM3\ARM_GCC_541\Debug\cymetadata.o
                0x90400000                cy_meta_flashprotect

.cymeta         0x90500000        0xc
 *(.cymeta)
 .cymeta        0x90500000        0xc .\CortexM3\ARM_GCC_541\Debug\cymetadata.o
                0x90500000                cy_metadata

.rel.dyn        0x00001bf0        0x0 load address 0x9050000c
 .rel.iplt      0x00001bf0        0x0 c:/program files (x86)/cypress/psoc creator/4.1/psoc creator/import/gnu/arm/5.4.1/bin/../lib/gcc/arm-none-eabi/5.4.1/armv7-m/crtbegin.o

.stab
 *(.stab)

.stabstr
 *(.stabstr)

.debug
 *(.debug)

.line
 *(.line)

.debug_srcinfo
 *(.debug_srcinfo)

.debug_sfnames
 *(.debug_sfnames)

.debug_aranges  0x00000000      0xb78
 *(.debug_aranges)
 .debug_aranges
                0x00000000       0x38 .\CortexM3\ARM_GCC_541\Debug\main.o
 .debug_aranges
                0x00000038       0x58 .\CortexM3\ARM_GCC_541\Debug\cyfitter_cfg.o
 .debug_aranges
                0x00000090       0x18 .\CortexM3\ARM_GCC_541\Debug\cymetadata.o
 .debug_aranges
                0x000000a8       0x48 .\CortexM3\ARM_GCC_541\Debug\Cm3Start.o
 .debug_aranges
                0x000000f0       0x98 .\CortexM3\ARM_GCC_541\Debug\Motorspeedcontrol.a(LCD_Char_1.o)
 .debug_aranges
                0x00000188       0x38 .\CortexM3\ARM_GCC_541\Debug\Motorspeedcontrol.a(p3_7.o)
 .debug_aranges
                0x000001c0       0x60 .\CortexM3\ARM_GCC_541\Debug\Motorspeedcontrol.a(QuadDec_1.o)
 .debug_aranges
                0x00000220       0xa8 .\CortexM3\ARM_GCC_541\Debug\Motorspeedcontrol.a(ADC_SAR_2.o)
 .debug_aranges
                0x000002c8       0x20 .\CortexM3\ARM_GCC_541\Debug\Motorspeedcontrol.a(ADC_SAR_2_INT.o)
 .debug_aranges
                0x000002e8       0x98 .\CortexM3\ARM_GCC_541\Debug\Motorspeedcontrol.a(QuadDec_1_Cnt16.o)
 .debug_aranges
                0x00000380       0x70 .\CortexM3\ARM_GCC_541\Debug\Motorspeedcontrol.a(ADC_SAR_2_theACLK.o)
 .debug_aranges
                0x000003f0      0x2a0 .\CortexM3\ARM_GCC_541\Debug\Motorspeedcontrol.a(CyLib.o)
 .debug_aranges
                0x00000690       0x98 .\CortexM3\ARM_GCC_541\Debug\Motorspeedcontrol.a(cyPm.o)
 .debug_aranges
                0x00000728       0x98 .\CortexM3\ARM_GCC_541\Debug\Motorspeedcontrol.a(PWM_1.o)
 .debug_aranges
                0x000007c0       0x58 .\CortexM3\ARM_GCC_541\Debug\Motorspeedcontrol.a(VDAC8_1.o)
 .debug_aranges
                0x00000818       0x58 .\CortexM3\ARM_GCC_541\Debug\Motorspeedcontrol.a(VDAC8_2.o)
 .debug_aranges
                0x00000870       0x38 .\CortexM3\ARM_GCC_541\Debug\Motorspeedcontrol.a(p0_0.o)
 .debug_aranges
                0x000008a8       0xa8 .\CortexM3\ARM_GCC_541\Debug\Motorspeedcontrol.a(ADC_SAR_1.o)
 .debug_aranges
                0x00000950       0x20 .\CortexM3\ARM_GCC_541\Debug\Motorspeedcontrol.a(ADC_SAR_1_INT.o)
 .debug_aranges
                0x00000970       0x70 .\CortexM3\ARM_GCC_541\Debug\Motorspeedcontrol.a(ADC_SAR_1_theACLK.o)
 .debug_aranges
                0x000009e0       0x80 .\CortexM3\ARM_GCC_541\Debug\Motorspeedcontrol.a(isr_1.o)
 .debug_aranges
                0x00000a60       0x20 .\CortexM3\ARM_GCC_541\Debug\Motorspeedcontrol.a(CyBootAsmGnu.o)
 .debug_aranges
                0x00000a80       0x80 .\CortexM3\ARM_GCC_541\Debug\Motorspeedcontrol.a(CyFlash.o)
 .debug_aranges
                0x00000b00       0x78 .\CortexM3\ARM_GCC_541\Debug\Motorspeedcontrol.a(CySpc.o)

.debug_pubnames
 *(.debug_pubnames)

.debug_info     0x00000000     0x6569
 *(.debug_info .gnu.linkonce.wi.*)
 .debug_info    0x00000000      0x765 .\CortexM3\ARM_GCC_541\Debug\main.o
 .debug_info    0x00000765      0x539 .\CortexM3\ARM_GCC_541\Debug\cyfitter_cfg.o
 .debug_info    0x00000c9e      0x136 .\CortexM3\ARM_GCC_541\Debug\cymetadata.o
 .debug_info    0x00000dd4      0x3bb .\CortexM3\ARM_GCC_541\Debug\Cm3Start.o
 .debug_info    0x0000118f      0x715 .\CortexM3\ARM_GCC_541\Debug\Motorspeedcontrol.a(LCD_Char_1.o)
 .debug_info    0x000018a4      0x11f .\CortexM3\ARM_GCC_541\Debug\Motorspeedcontrol.a(p3_7.o)
 .debug_info    0x000019c3      0x2d4 .\CortexM3\ARM_GCC_541\Debug\Motorspeedcontrol.a(QuadDec_1.o)
 .debug_info    0x00001c97      0x5c0 .\CortexM3\ARM_GCC_541\Debug\Motorspeedcontrol.a(ADC_SAR_2.o)
 .debug_info    0x00002257       0x92 .\CortexM3\ARM_GCC_541\Debug\Motorspeedcontrol.a(ADC_SAR_2_INT.o)
 .debug_info    0x000022e9      0x348 .\CortexM3\ARM_GCC_541\Debug\Motorspeedcontrol.a(QuadDec_1_Cnt16.o)
 .debug_info    0x00002631      0x283 .\CortexM3\ARM_GCC_541\Debug\Motorspeedcontrol.a(ADC_SAR_2_theACLK.o)
 .debug_info    0x000028b4     0x1374 .\CortexM3\ARM_GCC_541\Debug\Motorspeedcontrol.a(CyLib.o)
 .debug_info    0x00003c28      0xa2a .\CortexM3\ARM_GCC_541\Debug\Motorspeedcontrol.a(cyPm.o)
 .debug_info    0x00004652      0x350 .\CortexM3\ARM_GCC_541\Debug\Motorspeedcontrol.a(PWM_1.o)
 .debug_info    0x000049a2      0x1de .\CortexM3\ARM_GCC_541\Debug\Motorspeedcontrol.a(VDAC8_1.o)
 .debug_info    0x00004b80      0x1de .\CortexM3\ARM_GCC_541\Debug\Motorspeedcontrol.a(VDAC8_2.o)
 .debug_info    0x00004d5e      0x11f .\CortexM3\ARM_GCC_541\Debug\Motorspeedcontrol.a(p0_0.o)
 .debug_info    0x00004e7d      0x5c0 .\CortexM3\ARM_GCC_541\Debug\Motorspeedcontrol.a(ADC_SAR_1.o)
 .debug_info    0x0000543d       0x92 .\CortexM3\ARM_GCC_541\Debug\Motorspeedcontrol.a(ADC_SAR_1_INT.o)
 .debug_info    0x000054cf      0x283 .\CortexM3\ARM_GCC_541\Debug\Motorspeedcontrol.a(ADC_SAR_1_theACLK.o)
 .debug_info    0x00005752      0x2d2 .\CortexM3\ARM_GCC_541\Debug\Motorspeedcontrol.a(isr_1.o)
 .debug_info    0x00005a24       0xa4 .\CortexM3\ARM_GCC_541\Debug\Motorspeedcontrol.a(CyBootAsmGnu.o)
 .debug_info    0x00005ac8      0x5b8 .\CortexM3\ARM_GCC_541\Debug\Motorspeedcontrol.a(CyFlash.o)
 .debug_info    0x00006080      0x4e9 .\CortexM3\ARM_GCC_541\Debug\Motorspeedcontrol.a(CySpc.o)

.debug_abbrev   0x00000000     0x1c93
 *(.debug_abbrev)
 .debug_abbrev  0x00000000      0x136 .\CortexM3\ARM_GCC_541\Debug\main.o
 .debug_abbrev  0x00000136      0x1fe .\CortexM3\ARM_GCC_541\Debug\cyfitter_cfg.o
 .debug_abbrev  0x00000334       0x77 .\CortexM3\ARM_GCC_541\Debug\cymetadata.o
 .debug_abbrev  0x000003ab      0x1e8 .\CortexM3\ARM_GCC_541\Debug\Cm3Start.o
 .debug_abbrev  0x00000593      0x157 .\CortexM3\ARM_GCC_541\Debug\Motorspeedcontrol.a(LCD_Char_1.o)
 .debug_abbrev  0x000006ea       0x90 .\CortexM3\ARM_GCC_541\Debug\Motorspeedcontrol.a(p3_7.o)
 .debug_abbrev  0x0000077a      0x151 .\CortexM3\ARM_GCC_541\Debug\Motorspeedcontrol.a(QuadDec_1.o)
 .debug_abbrev  0x000008cb      0x1ac .\CortexM3\ARM_GCC_541\Debug\Motorspeedcontrol.a(ADC_SAR_2.o)
 .debug_abbrev  0x00000a77       0x42 .\CortexM3\ARM_GCC_541\Debug\Motorspeedcontrol.a(ADC_SAR_2_INT.o)
 .debug_abbrev  0x00000ab9      0x117 .\CortexM3\ARM_GCC_541\Debug\Motorspeedcontrol.a(QuadDec_1_Cnt16.o)
 .debug_abbrev  0x00000bd0      0x139 .\CortexM3\ARM_GCC_541\Debug\Motorspeedcontrol.a(ADC_SAR_2_theACLK.o)
 .debug_abbrev  0x00000d09      0x254 .\CortexM3\ARM_GCC_541\Debug\Motorspeedcontrol.a(CyLib.o)
 .debug_abbrev  0x00000f5d      0x1ab .\CortexM3\ARM_GCC_541\Debug\Motorspeedcontrol.a(cyPm.o)
 .debug_abbrev  0x00001108      0x133 .\CortexM3\ARM_GCC_541\Debug\Motorspeedcontrol.a(PWM_1.o)
 .debug_abbrev  0x0000123b       0xf7 .\CortexM3\ARM_GCC_541\Debug\Motorspeedcontrol.a(VDAC8_1.o)
 .debug_abbrev  0x00001332       0xf7 .\CortexM3\ARM_GCC_541\Debug\Motorspeedcontrol.a(VDAC8_2.o)
 .debug_abbrev  0x00001429       0x90 .\CortexM3\ARM_GCC_541\Debug\Motorspeedcontrol.a(p0_0.o)
 .debug_abbrev  0x000014b9      0x1ac .\CortexM3\ARM_GCC_541\Debug\Motorspeedcontrol.a(ADC_SAR_1.o)
 .debug_abbrev  0x00001665       0x42 .\CortexM3\ARM_GCC_541\Debug\Motorspeedcontrol.a(ADC_SAR_1_INT.o)
 .debug_abbrev  0x000016a7      0x139 .\CortexM3\ARM_GCC_541\Debug\Motorspeedcontrol.a(ADC_SAR_1_theACLK.o)
 .debug_abbrev  0x000017e0      0x173 .\CortexM3\ARM_GCC_541\Debug\Motorspeedcontrol.a(isr_1.o)
 .debug_abbrev  0x00001953       0x14 .\CortexM3\ARM_GCC_541\Debug\Motorspeedcontrol.a(CyBootAsmGnu.o)
 .debug_abbrev  0x00001967      0x198 .\CortexM3\ARM_GCC_541\Debug\Motorspeedcontrol.a(CyFlash.o)
 .debug_abbrev  0x00001aff      0x194 .\CortexM3\ARM_GCC_541\Debug\Motorspeedcontrol.a(CySpc.o)

.debug_line     0x00000000     0x29f9
 *(.debug_line)
 .debug_line    0x00000000      0x26a .\CortexM3\ARM_GCC_541\Debug\main.o
 .debug_line    0x0000026a      0x1f2 .\CortexM3\ARM_GCC_541\Debug\cyfitter_cfg.o
 .debug_line    0x0000045c      0x141 .\CortexM3\ARM_GCC_541\Debug\cymetadata.o
 .debug_line    0x0000059d      0x234 .\CortexM3\ARM_GCC_541\Debug\Cm3Start.o
 .debug_line    0x000007d1      0x1e3 .\CortexM3\ARM_GCC_541\Debug\Motorspeedcontrol.a(LCD_Char_1.o)
 .debug_line    0x000009b4       0x91 .\CortexM3\ARM_GCC_541\Debug\Motorspeedcontrol.a(p3_7.o)
 .debug_line    0x00000a45      0x11e .\CortexM3\ARM_GCC_541\Debug\Motorspeedcontrol.a(QuadDec_1.o)
 .debug_line    0x00000b63      0x220 .\CortexM3\ARM_GCC_541\Debug\Motorspeedcontrol.a(ADC_SAR_2.o)
 .debug_line    0x00000d83       0x56 .\CortexM3\ARM_GCC_541\Debug\Motorspeedcontrol.a(ADC_SAR_2_INT.o)
 .debug_line    0x00000dd9      0x18f .\CortexM3\ARM_GCC_541\Debug\Motorspeedcontrol.a(QuadDec_1_Cnt16.o)
 .debug_line    0x00000f68      0x180 .\CortexM3\ARM_GCC_541\Debug\Motorspeedcontrol.a(ADC_SAR_2_theACLK.o)
 .debug_line    0x000010e8      0x816 .\CortexM3\ARM_GCC_541\Debug\Motorspeedcontrol.a(CyLib.o)
 .debug_line    0x000018fe      0x367 .\CortexM3\ARM_GCC_541\Debug\Motorspeedcontrol.a(cyPm.o)
 .debug_line    0x00001c65      0x188 .\CortexM3\ARM_GCC_541\Debug\Motorspeedcontrol.a(PWM_1.o)
 .debug_line    0x00001ded       0xe4 .\CortexM3\ARM_GCC_541\Debug\Motorspeedcontrol.a(VDAC8_1.o)
 .debug_line    0x00001ed1       0xe4 .\CortexM3\ARM_GCC_541\Debug\Motorspeedcontrol.a(VDAC8_2.o)
 .debug_line    0x00001fb5       0x91 .\CortexM3\ARM_GCC_541\Debug\Motorspeedcontrol.a(p0_0.o)
 .debug_line    0x00002046      0x220 .\CortexM3\ARM_GCC_541\Debug\Motorspeedcontrol.a(ADC_SAR_1.o)
 .debug_line    0x00002266       0x56 .\CortexM3\ARM_GCC_541\Debug\Motorspeedcontrol.a(ADC_SAR_1_INT.o)
 .debug_line    0x000022bc      0x180 .\CortexM3\ARM_GCC_541\Debug\Motorspeedcontrol.a(ADC_SAR_1_theACLK.o)
 .debug_line    0x0000243c      0x132 .\CortexM3\ARM_GCC_541\Debug\Motorspeedcontrol.a(isr_1.o)
 .debug_line    0x0000256e       0x66 .\CortexM3\ARM_GCC_541\Debug\Motorspeedcontrol.a(CyBootAsmGnu.o)
 .debug_line    0x000025d4      0x1e9 .\CortexM3\ARM_GCC_541\Debug\Motorspeedcontrol.a(CyFlash.o)
 .debug_line    0x000027bd      0x23c .\CortexM3\ARM_GCC_541\Debug\Motorspeedcontrol.a(CySpc.o)

.debug_frame    0x00000000     0x1d18
 *(.debug_frame)
 .debug_frame   0x00000000       0x8c .\CortexM3\ARM_GCC_541\Debug\main.o
 .debug_frame   0x0000008c       0xfc .\CortexM3\ARM_GCC_541\Debug\cyfitter_cfg.o
 .debug_frame   0x00000188       0xb8 .\CortexM3\ARM_GCC_541\Debug\Cm3Start.o
 .debug_frame   0x00000240      0x1e8 .\CortexM3\ARM_GCC_541\Debug\Motorspeedcontrol.a(LCD_Char_1.o)
 .debug_frame   0x00000428       0x50 .\CortexM3\ARM_GCC_541\Debug\Motorspeedcontrol.a(p3_7.o)
 .debug_frame   0x00000478       0xdc .\CortexM3\ARM_GCC_541\Debug\Motorspeedcontrol.a(QuadDec_1.o)
 .debug_frame   0x00000554      0x1b4 .\CortexM3\ARM_GCC_541\Debug\Motorspeedcontrol.a(ADC_SAR_2.o)
 .debug_frame   0x00000708       0x20 .\CortexM3\ARM_GCC_541\Debug\Motorspeedcontrol.a(ADC_SAR_2_INT.o)
 .debug_frame   0x00000728      0x134 .\CortexM3\ARM_GCC_541\Debug\Motorspeedcontrol.a(QuadDec_1_Cnt16.o)
 .debug_frame   0x0000085c       0xe0 .\CortexM3\ARM_GCC_541\Debug\Motorspeedcontrol.a(ADC_SAR_2_theACLK.o)
 .debug_frame   0x0000093c      0x738 .\CortexM3\ARM_GCC_541\Debug\Motorspeedcontrol.a(CyLib.o)
 .debug_frame   0x00001074      0x1f8 .\CortexM3\ARM_GCC_541\Debug\Motorspeedcontrol.a(cyPm.o)
 .debug_frame   0x0000126c      0x134 .\CortexM3\ARM_GCC_541\Debug\Motorspeedcontrol.a(PWM_1.o)
 .debug_frame   0x000013a0       0xb4 .\CortexM3\ARM_GCC_541\Debug\Motorspeedcontrol.a(VDAC8_1.o)
 .debug_frame   0x00001454       0xb4 .\CortexM3\ARM_GCC_541\Debug\Motorspeedcontrol.a(VDAC8_2.o)
 .debug_frame   0x00001508       0x50 .\CortexM3\ARM_GCC_541\Debug\Motorspeedcontrol.a(p0_0.o)
 .debug_frame   0x00001558      0x1b0 .\CortexM3\ARM_GCC_541\Debug\Motorspeedcontrol.a(ADC_SAR_1.o)
 .debug_frame   0x00001708       0x20 .\CortexM3\ARM_GCC_541\Debug\Motorspeedcontrol.a(ADC_SAR_1_INT.o)
 .debug_frame   0x00001728       0xe0 .\CortexM3\ARM_GCC_541\Debug\Motorspeedcontrol.a(ADC_SAR_1_theACLK.o)
 .debug_frame   0x00001808      0x104 .\CortexM3\ARM_GCC_541\Debug\Motorspeedcontrol.a(isr_1.o)
 .debug_frame   0x0000190c      0x174 .\CortexM3\ARM_GCC_541\Debug\Motorspeedcontrol.a(CyFlash.o)
 .debug_frame   0x00001a80      0x160 .\CortexM3\ARM_GCC_541\Debug\Motorspeedcontrol.a(CySpc.o)
 .debug_frame   0x00001be0       0x44 c:/program files (x86)/cypress/psoc creator/4.1/psoc creator/import/gnu/arm/5.4.1/bin/../lib/gcc/arm-none-eabi/5.4.1/armv7-m\libgcc.a(_aeabi_ldivmod.o)
 .debug_frame   0x00001c24       0x38 c:/program files (x86)/cypress/psoc creator/4.1/psoc creator/import/gnu/arm/5.4.1/bin/../lib/gcc/arm-none-eabi/5.4.1/armv7-m\libgcc.a(_udivmoddi4.o)
 .debug_frame   0x00001c5c       0x20 c:/program files (x86)/cypress/psoc creator/4.1/psoc creator/import/gnu/arm/5.4.1/bin/../lib/gcc/arm-none-eabi/5.4.1/../../../../arm-none-eabi/lib/armv7-m\libg_nano.a(lib_a-errno.o)
 .debug_frame   0x00001c7c       0x28 c:/program files (x86)/cypress/psoc creator/4.1/psoc creator/import/gnu/arm/5.4.1/bin/../lib/gcc/arm-none-eabi/5.4.1/../../../../arm-none-eabi/lib/armv7-m\libg_nano.a(lib_a-exit.o)
 .debug_frame   0x00001ca4       0x2c c:/program files (x86)/cypress/psoc creator/4.1/psoc creator/import/gnu/arm/5.4.1/bin/../lib/gcc/arm-none-eabi/5.4.1/../../../../arm-none-eabi/lib/armv7-m\libg_nano.a(lib_a-init.o)
 .debug_frame   0x00001cd0       0x28 c:/program files (x86)/cypress/psoc creator/4.1/psoc creator/import/gnu/arm/5.4.1/bin/../lib/gcc/arm-none-eabi/5.4.1/../../../../arm-none-eabi/lib/armv7-m\libg_nano.a(lib_a-memcpy-stub.o)
 .debug_frame   0x00001cf8       0x20 c:/program files (x86)/cypress/psoc creator/4.1/psoc creator/import/gnu/arm/5.4.1/bin/../lib/gcc/arm-none-eabi/5.4.1/../../../../arm-none-eabi/lib/armv7-m\libg_nano.a(lib_a-memset.o)

.debug_str      0x00000000     0x25a9
 *(.debug_str)
 .debug_str     0x00000000      0x459 .\CortexM3\ARM_GCC_541\Debug\main.o
                                0x4c6 (size before relaxing)
 .debug_str     0x00000459      0x168 .\CortexM3\ARM_GCC_541\Debug\cyfitter_cfg.o
                                0x333 (size before relaxing)
 .debug_str     0x000005c1       0x7f .\CortexM3\ARM_GCC_541\Debug\cymetadata.o
                                0x1f8 (size before relaxing)
 .debug_str     0x00000640      0x13e .\CortexM3\ARM_GCC_541\Debug\Cm3Start.o
                                0x31e (size before relaxing)
 .debug_str     0x0000077e      0x187 .\CortexM3\ARM_GCC_541\Debug\Motorspeedcontrol.a(LCD_Char_1.o)
                                0x3cb (size before relaxing)
 .debug_str     0x00000905       0x57 .\CortexM3\ARM_GCC_541\Debug\Motorspeedcontrol.a(p3_7.o)
                                0x1f1 (size before relaxing)
 .debug_str     0x0000095c      0x186 .\CortexM3\ARM_GCC_541\Debug\Motorspeedcontrol.a(QuadDec_1.o)
                                0x34f (size before relaxing)
 .debug_str     0x00000ae2      0x26a .\CortexM3\ARM_GCC_541\Debug\Motorspeedcontrol.a(ADC_SAR_2.o)
                                0x4d1 (size before relaxing)
 .debug_str     0x00000d4c       0x35 .\CortexM3\ARM_GCC_541\Debug\Motorspeedcontrol.a(ADC_SAR_2_INT.o)
                                0x1af (size before relaxing)
 .debug_str     0x00000d81      0x1eb .\CortexM3\ARM_GCC_541\Debug\Motorspeedcontrol.a(QuadDec_1_Cnt16.o)
                                0x42a (size before relaxing)
 .debug_str     0x00000f6c      0x1be .\CortexM3\ARM_GCC_541\Debug\Motorspeedcontrol.a(ADC_SAR_2_theACLK.o)
                                0x37a (size before relaxing)
 .debug_str     0x0000112a      0x7c7 .\CortexM3\ARM_GCC_541\Debug\Motorspeedcontrol.a(CyLib.o)
                                0xa5b (size before relaxing)
 .debug_str     0x000018f1      0x365 .\CortexM3\ARM_GCC_541\Debug\Motorspeedcontrol.a(cyPm.o)
                                0x747 (size before relaxing)
 .debug_str     0x00001c56      0x150 .\CortexM3\ARM_GCC_541\Debug\Motorspeedcontrol.a(PWM_1.o)
                                0x372 (size before relaxing)
 .debug_str     0x00001da6       0x98 .\CortexM3\ARM_GCC_541\Debug\Motorspeedcontrol.a(VDAC8_1.o)
                                0x247 (size before relaxing)
 .debug_str     0x00001e3e       0x8c .\CortexM3\ARM_GCC_541\Debug\Motorspeedcontrol.a(VDAC8_2.o)
                                0x247 (size before relaxing)
 .debug_str     0x00001eca       0x41 .\CortexM3\ARM_GCC_541\Debug\Motorspeedcontrol.a(p0_0.o)
                                0x1f1 (size before relaxing)
 .debug_str     0x00001f0b      0x1e8 .\CortexM3\ARM_GCC_541\Debug\Motorspeedcontrol.a(ADC_SAR_1.o)
                                0x4d1 (size before relaxing)
 .debug_str     0x000020f3       0x35 .\CortexM3\ARM_GCC_541\Debug\Motorspeedcontrol.a(ADC_SAR_1_INT.o)
                                0x1af (size before relaxing)
 .debug_str     0x00002128      0x16d .\CortexM3\ARM_GCC_541\Debug\Motorspeedcontrol.a(ADC_SAR_1_theACLK.o)
                                0x37a (size before relaxing)
 .debug_str     0x00002295       0xcc .\CortexM3\ARM_GCC_541\Debug\Motorspeedcontrol.a(isr_1.o)
                                0x2ba (size before relaxing)
 .debug_str     0x00002361      0x19c .\CortexM3\ARM_GCC_541\Debug\Motorspeedcontrol.a(CyFlash.o)
                                0x3b5 (size before relaxing)
 .debug_str     0x000024fd       0xac .\CortexM3\ARM_GCC_541\Debug\Motorspeedcontrol.a(CySpc.o)
                                0x33e (size before relaxing)

.debug_loc      0x00000000     0x2688
 *(.debug_loc)
 .debug_loc     0x00000000       0x2c .\CortexM3\ARM_GCC_541\Debug\main.o
 .debug_loc     0x0000002c      0x1fd .\CortexM3\ARM_GCC_541\Debug\cyfitter_cfg.o
 .debug_loc     0x00000229      0x144 .\CortexM3\ARM_GCC_541\Debug\Cm3Start.o
 .debug_loc     0x0000036d      0x3c6 .\CortexM3\ARM_GCC_541\Debug\Motorspeedcontrol.a(LCD_Char_1.o)
 .debug_loc     0x00000733       0x42 .\CortexM3\ARM_GCC_541\Debug\Motorspeedcontrol.a(p3_7.o)
 .debug_loc     0x00000775       0x78 .\CortexM3\ARM_GCC_541\Debug\Motorspeedcontrol.a(QuadDec_1.o)
 .debug_loc     0x000007ed      0x295 .\CortexM3\ARM_GCC_541\Debug\Motorspeedcontrol.a(ADC_SAR_2.o)
 .debug_loc     0x00000a82       0x3d .\CortexM3\ARM_GCC_541\Debug\Motorspeedcontrol.a(QuadDec_1_Cnt16.o)
 .debug_loc     0x00000abf      0x128 .\CortexM3\ARM_GCC_541\Debug\Motorspeedcontrol.a(ADC_SAR_2_theACLK.o)
 .debug_loc     0x00000be7      0xa11 .\CortexM3\ARM_GCC_541\Debug\Motorspeedcontrol.a(CyLib.o)
 .debug_loc     0x000015f8      0x1e4 .\CortexM3\ARM_GCC_541\Debug\Motorspeedcontrol.a(cyPm.o)
 .debug_loc     0x000017dc       0x26 .\CortexM3\ARM_GCC_541\Debug\Motorspeedcontrol.a(PWM_1.o)
 .debug_loc     0x00001802       0x79 .\CortexM3\ARM_GCC_541\Debug\Motorspeedcontrol.a(VDAC8_1.o)
 .debug_loc     0x0000187b       0x79 .\CortexM3\ARM_GCC_541\Debug\Motorspeedcontrol.a(VDAC8_2.o)
 .debug_loc     0x000018f4       0x42 .\CortexM3\ARM_GCC_541\Debug\Motorspeedcontrol.a(p0_0.o)
 .debug_loc     0x00001936      0x295 .\CortexM3\ARM_GCC_541\Debug\Motorspeedcontrol.a(ADC_SAR_1.o)
 .debug_loc     0x00001bcb      0x128 .\CortexM3\ARM_GCC_541\Debug\Motorspeedcontrol.a(ADC_SAR_1_theACLK.o)
 .debug_loc     0x00001cf3       0x56 .\CortexM3\ARM_GCC_541\Debug\Motorspeedcontrol.a(isr_1.o)
 .debug_loc     0x00001d49      0x2f2 .\CortexM3\ARM_GCC_541\Debug\Motorspeedcontrol.a(CyFlash.o)
 .debug_loc     0x0000203b      0x64d .\CortexM3\ARM_GCC_541\Debug\Motorspeedcontrol.a(CySpc.o)

.debug_macinfo
 *(.debug_macinfo)

.debug_ranges   0x00000000      0x9e0
 *(.debug_ranges)
 .debug_ranges  0x00000000       0x28 .\CortexM3\ARM_GCC_541\Debug\main.o
 .debug_ranges  0x00000028       0x48 .\CortexM3\ARM_GCC_541\Debug\cyfitter_cfg.o
 .debug_ranges  0x00000070       0x38 .\CortexM3\ARM_GCC_541\Debug\Cm3Start.o
 .debug_ranges  0x000000a8       0x88 .\CortexM3\ARM_GCC_541\Debug\Motorspeedcontrol.a(LCD_Char_1.o)
 .debug_ranges  0x00000130       0x28 .\CortexM3\ARM_GCC_541\Debug\Motorspeedcontrol.a(p3_7.o)
 .debug_ranges  0x00000158       0x50 .\CortexM3\ARM_GCC_541\Debug\Motorspeedcontrol.a(QuadDec_1.o)
 .debug_ranges  0x000001a8       0x98 .\CortexM3\ARM_GCC_541\Debug\Motorspeedcontrol.a(ADC_SAR_2.o)
 .debug_ranges  0x00000240       0x10 .\CortexM3\ARM_GCC_541\Debug\Motorspeedcontrol.a(ADC_SAR_2_INT.o)
 .debug_ranges  0x00000250       0x88 .\CortexM3\ARM_GCC_541\Debug\Motorspeedcontrol.a(QuadDec_1_Cnt16.o)
 .debug_ranges  0x000002d8       0x60 .\CortexM3\ARM_GCC_541\Debug\Motorspeedcontrol.a(ADC_SAR_2_theACLK.o)
 .debug_ranges  0x00000338      0x290 .\CortexM3\ARM_GCC_541\Debug\Motorspeedcontrol.a(CyLib.o)
 .debug_ranges  0x000005c8       0x88 .\CortexM3\ARM_GCC_541\Debug\Motorspeedcontrol.a(cyPm.o)
 .debug_ranges  0x00000650       0x88 .\CortexM3\ARM_GCC_541\Debug\Motorspeedcontrol.a(PWM_1.o)
 .debug_ranges  0x000006d8       0x48 .\CortexM3\ARM_GCC_541\Debug\Motorspeedcontrol.a(VDAC8_1.o)
 .debug_ranges  0x00000720       0x48 .\CortexM3\ARM_GCC_541\Debug\Motorspeedcontrol.a(VDAC8_2.o)
 .debug_ranges  0x00000768       0x28 .\CortexM3\ARM_GCC_541\Debug\Motorspeedcontrol.a(p0_0.o)
 .debug_ranges  0x00000790       0x98 .\CortexM3\ARM_GCC_541\Debug\Motorspeedcontrol.a(ADC_SAR_1.o)
 .debug_ranges  0x00000828       0x10 .\CortexM3\ARM_GCC_541\Debug\Motorspeedcontrol.a(ADC_SAR_1_INT.o)
 .debug_ranges  0x00000838       0x60 .\CortexM3\ARM_GCC_541\Debug\Motorspeedcontrol.a(ADC_SAR_1_theACLK.o)
 .debug_ranges  0x00000898       0x70 .\CortexM3\ARM_GCC_541\Debug\Motorspeedcontrol.a(isr_1.o)
 .debug_ranges  0x00000908       0x70 .\CortexM3\ARM_GCC_541\Debug\Motorspeedcontrol.a(CyFlash.o)
 .debug_ranges  0x00000978       0x68 .\CortexM3\ARM_GCC_541\Debug\Motorspeedcontrol.a(CySpc.o)

.comment        0x00000000       0x6e
 .comment       0x00000000       0x6e .\CortexM3\ARM_GCC_541\Debug\main.o
                                 0x6f (size before relaxing)
 .comment       0x0000006e       0x6f .\CortexM3\ARM_GCC_541\Debug\cyfitter_cfg.o
 .comment       0x0000006e       0x6f .\CortexM3\ARM_GCC_541\Debug\cymetadata.o
 .comment       0x0000006e       0x6f .\CortexM3\ARM_GCC_541\Debug\Cm3Start.o
 .comment       0x0000006e       0x6f .\CortexM3\ARM_GCC_541\Debug\Motorspeedcontrol.a(LCD_Char_1.o)
 .comment       0x0000006e       0x6f .\CortexM3\ARM_GCC_541\Debug\Motorspeedcontrol.a(p3_7.o)
 .comment       0x0000006e       0x6f .\CortexM3\ARM_GCC_541\Debug\Motorspeedcontrol.a(QuadDec_1.o)
 .comment       0x0000006e       0x6f .\CortexM3\ARM_GCC_541\Debug\Motorspeedcontrol.a(ADC_SAR_2.o)
 .comment       0x0000006e       0x6f .\CortexM3\ARM_GCC_541\Debug\Motorspeedcontrol.a(ADC_SAR_2_INT.o)
 .comment       0x0000006e       0x6f .\CortexM3\ARM_GCC_541\Debug\Motorspeedcontrol.a(QuadDec_1_Cnt16.o)
 .comment       0x0000006e       0x6f .\CortexM3\ARM_GCC_541\Debug\Motorspeedcontrol.a(ADC_SAR_2_theACLK.o)
 .comment       0x0000006e       0x6f .\CortexM3\ARM_GCC_541\Debug\Motorspeedcontrol.a(CyLib.o)
 .comment       0x0000006e       0x6f .\CortexM3\ARM_GCC_541\Debug\Motorspeedcontrol.a(cyPm.o)
 .comment       0x0000006e       0x6f .\CortexM3\ARM_GCC_541\Debug\Motorspeedcontrol.a(PWM_1.o)
 .comment       0x0000006e       0x6f .\CortexM3\ARM_GCC_541\Debug\Motorspeedcontrol.a(VDAC8_1.o)
 .comment       0x0000006e       0x6f .\CortexM3\ARM_GCC_541\Debug\Motorspeedcontrol.a(VDAC8_2.o)
 .comment       0x0000006e       0x6f .\CortexM3\ARM_GCC_541\Debug\Motorspeedcontrol.a(p0_0.o)
 .comment       0x0000006e       0x6f .\CortexM3\ARM_GCC_541\Debug\Motorspeedcontrol.a(ADC_SAR_1.o)
 .comment       0x0000006e       0x6f .\CortexM3\ARM_GCC_541\Debug\Motorspeedcontrol.a(ADC_SAR_1_INT.o)
 .comment       0x0000006e       0x6f .\CortexM3\ARM_GCC_541\Debug\Motorspeedcontrol.a(ADC_SAR_1_theACLK.o)
 .comment       0x0000006e       0x6f .\CortexM3\ARM_GCC_541\Debug\Motorspeedcontrol.a(isr_1.o)
 .comment       0x0000006e       0x6f .\CortexM3\ARM_GCC_541\Debug\Motorspeedcontrol.a(CyFlash.o)
 .comment       0x0000006e       0x6f .\CortexM3\ARM_GCC_541\Debug\Motorspeedcontrol.a(CySpc.o)

.debug_weaknames
 *(.debug_weaknames)

.debug_funcnames
 *(.debug_funcnames)

.debug_typenames
 *(.debug_typenames)

.debug_varnames
 *(.debug_varnames)

.note.gnu.arm.ident
 *(.note.gnu.arm.ident)

.ARM.attributes
                0x00000000       0x29
 *(.ARM.attributes)
 .ARM.attributes
                0x00000000       0x1d c:/program files (x86)/cypress/psoc creator/4.1/psoc creator/import/gnu/arm/5.4.1/bin/../lib/gcc/arm-none-eabi/5.4.1/armv7-m/crti.o
 .ARM.attributes
                0x0000001d       0x2d c:/program files (x86)/cypress/psoc creator/4.1/psoc creator/import/gnu/arm/5.4.1/bin/../lib/gcc/arm-none-eabi/5.4.1/armv7-m/crtbegin.o
 .ARM.attributes
                0x0000004a       0x1b c:/program files (x86)/cypress/psoc creator/4.1/psoc creator/import/gnu/arm/5.4.1/bin/../lib/gcc/arm-none-eabi/5.4.1/../../../../arm-none-eabi/lib/armv7-m/crt0.o
 .ARM.attributes
                0x00000065       0x33 .\CortexM3\ARM_GCC_541\Debug\main.o
 .ARM.attributes
                0x00000098       0x33 .\CortexM3\ARM_GCC_541\Debug\cyfitter_cfg.o
 .ARM.attributes
                0x000000cb       0x33 .\CortexM3\ARM_GCC_541\Debug\cymetadata.o
 .ARM.attributes
                0x000000fe       0x33 .\CortexM3\ARM_GCC_541\Debug\Cm3Start.o
 .ARM.attributes
                0x00000131       0x33 .\CortexM3\ARM_GCC_541\Debug\Motorspeedcontrol.a(LCD_Char_1.o)
 .ARM.attributes
                0x00000164       0x33 .\CortexM3\ARM_GCC_541\Debug\Motorspeedcontrol.a(p3_7.o)
 .ARM.attributes
                0x00000197       0x33 .\CortexM3\ARM_GCC_541\Debug\Motorspeedcontrol.a(QuadDec_1.o)
 .ARM.attributes
                0x000001ca       0x33 .\CortexM3\ARM_GCC_541\Debug\Motorspeedcontrol.a(ADC_SAR_2.o)
 .ARM.attributes
                0x000001fd       0x33 .\CortexM3\ARM_GCC_541\Debug\Motorspeedcontrol.a(ADC_SAR_2_INT.o)
 .ARM.attributes
                0x00000230       0x33 .\CortexM3\ARM_GCC_541\Debug\Motorspeedcontrol.a(QuadDec_1_Cnt16.o)
 .ARM.attributes
                0x00000263       0x33 .\CortexM3\ARM_GCC_541\Debug\Motorspeedcontrol.a(ADC_SAR_2_theACLK.o)
 .ARM.attributes
                0x00000296       0x33 .\CortexM3\ARM_GCC_541\Debug\Motorspeedcontrol.a(CyLib.o)
 .ARM.attributes
                0x000002c9       0x33 .\CortexM3\ARM_GCC_541\Debug\Motorspeedcontrol.a(cyPm.o)
 .ARM.attributes
                0x000002fc       0x33 .\CortexM3\ARM_GCC_541\Debug\Motorspeedcontrol.a(PWM_1.o)
 .ARM.attributes
                0x0000032f       0x33 .\CortexM3\ARM_GCC_541\Debug\Motorspeedcontrol.a(VDAC8_1.o)
 .ARM.attributes
                0x00000362       0x33 .\CortexM3\ARM_GCC_541\Debug\Motorspeedcontrol.a(VDAC8_2.o)
 .ARM.attributes
                0x00000395       0x33 .\CortexM3\ARM_GCC_541\Debug\Motorspeedcontrol.a(p0_0.o)
 .ARM.attributes
                0x000003c8       0x33 .\CortexM3\ARM_GCC_541\Debug\Motorspeedcontrol.a(ADC_SAR_1.o)
 .ARM.attributes
                0x000003fb       0x33 .\CortexM3\ARM_GCC_541\Debug\Motorspeedcontrol.a(ADC_SAR_1_INT.o)
 .ARM.attributes
                0x0000042e       0x33 .\CortexM3\ARM_GCC_541\Debug\Motorspeedcontrol.a(ADC_SAR_1_theACLK.o)
 .ARM.attributes
                0x00000461       0x33 .\CortexM3\ARM_GCC_541\Debug\Motorspeedcontrol.a(isr_1.o)
 .ARM.attributes
                0x00000494       0x21 .\CortexM3\ARM_GCC_541\Debug\Motorspeedcontrol.a(CyBootAsmGnu.o)
 .ARM.attributes
                0x000004b5       0x33 .\CortexM3\ARM_GCC_541\Debug\Motorspeedcontrol.a(CyFlash.o)
 .ARM.attributes
                0x000004e8       0x33 .\CortexM3\ARM_GCC_541\Debug\Motorspeedcontrol.a(CySpc.o)
 .ARM.attributes
                0x0000051b       0x1d c:/program files (x86)/cypress/psoc creator/4.1/psoc creator/import/gnu/arm/5.4.1/bin/../lib/gcc/arm-none-eabi/5.4.1/armv7-m\libgcc.a(_arm_addsubdf3.o)
 .ARM.attributes
                0x00000538       0x1d c:/program files (x86)/cypress/psoc creator/4.1/psoc creator/import/gnu/arm/5.4.1/bin/../lib/gcc/arm-none-eabi/5.4.1/armv7-m\libgcc.a(_arm_muldivdf3.o)
 .ARM.attributes
                0x00000555       0x1d c:/program files (x86)/cypress/psoc creator/4.1/psoc creator/import/gnu/arm/5.4.1/bin/../lib/gcc/arm-none-eabi/5.4.1/armv7-m\libgcc.a(_arm_fixunsdfsi.o)
 .ARM.attributes
                0x00000572       0x1d c:/program files (x86)/cypress/psoc creator/4.1/psoc creator/import/gnu/arm/5.4.1/bin/../lib/gcc/arm-none-eabi/5.4.1/armv7-m\libgcc.a(_arm_addsubsf3.o)
 .ARM.attributes
                0x0000058f       0x1d c:/program files (x86)/cypress/psoc creator/4.1/psoc creator/import/gnu/arm/5.4.1/bin/../lib/gcc/arm-none-eabi/5.4.1/armv7-m\libgcc.a(_arm_muldivsf3.o)
 .ARM.attributes
                0x000005ac       0x1d c:/program files (x86)/cypress/psoc creator/4.1/psoc creator/import/gnu/arm/5.4.1/bin/../lib/gcc/arm-none-eabi/5.4.1/armv7-m\libgcc.a(_aeabi_ldivmod.o)
 .ARM.attributes
                0x000005c9       0x2d c:/program files (x86)/cypress/psoc creator/4.1/psoc creator/import/gnu/arm/5.4.1/bin/../lib/gcc/arm-none-eabi/5.4.1/armv7-m\libgcc.a(_udivmoddi4.o)
 .ARM.attributes
                0x000005f6       0x1d c:/program files (x86)/cypress/psoc creator/4.1/psoc creator/import/gnu/arm/5.4.1/bin/../lib/gcc/arm-none-eabi/5.4.1/armv7-m\libgcc.a(_dvmd_tls.o)
 .ARM.attributes
                0x00000613       0x2d c:/program files (x86)/cypress/psoc creator/4.1/psoc creator/import/gnu/arm/5.4.1/bin/../lib/gcc/arm-none-eabi/5.4.1/../../../../arm-none-eabi/lib/armv7-m\libg_nano.a(lib_a-errno.o)
 .ARM.attributes
                0x00000640       0x2d c:/program files (x86)/cypress/psoc creator/4.1/psoc creator/import/gnu/arm/5.4.1/bin/../lib/gcc/arm-none-eabi/5.4.1/../../../../arm-none-eabi/lib/armv7-m\libg_nano.a(lib_a-exit.o)
 .ARM.attributes
                0x0000066d       0x2d c:/program files (x86)/cypress/psoc creator/4.1/psoc creator/import/gnu/arm/5.4.1/bin/../lib/gcc/arm-none-eabi/5.4.1/../../../../arm-none-eabi/lib/armv7-m\libg_nano.a(lib_a-impure.o)
 .ARM.attributes
                0x0000069a       0x2d c:/program files (x86)/cypress/psoc creator/4.1/psoc creator/import/gnu/arm/5.4.1/bin/../lib/gcc/arm-none-eabi/5.4.1/../../../../arm-none-eabi/lib/armv7-m\libg_nano.a(lib_a-init.o)
 .ARM.attributes
                0x000006c7       0x2d c:/program files (x86)/cypress/psoc creator/4.1/psoc creator/import/gnu/arm/5.4.1/bin/../lib/gcc/arm-none-eabi/5.4.1/../../../../arm-none-eabi/lib/armv7-m\libg_nano.a(lib_a-memcpy-stub.o)
 .ARM.attributes
                0x000006f4       0x2d c:/program files (x86)/cypress/psoc creator/4.1/psoc creator/import/gnu/arm/5.4.1/bin/../lib/gcc/arm-none-eabi/5.4.1/../../../../arm-none-eabi/lib/armv7-m\libg_nano.a(lib_a-memset.o)
 .ARM.attributes
                0x00000721       0x2d c:/program files (x86)/cypress/psoc creator/4.1/psoc creator/import/gnu/arm/5.4.1/bin/../lib/gcc/arm-none-eabi/5.4.1/armv7-m/crtend.o
 .ARM.attributes
                0x0000074e       0x1d c:/program files (x86)/cypress/psoc creator/4.1/psoc creator/import/gnu/arm/5.4.1/bin/../lib/gcc/arm-none-eabi/5.4.1/armv7-m/crtn.o

/DISCARD/
 *(.note.GNU-stack)
OUTPUT(C:\Users\monis\Documents\Academics\SA\Lab 5\Motorspeedcontrol\Motorspeedcontrol.cydsn\CortexM3\ARM_GCC_541\Debug\Motorspeedcontrol.elf elf32-littlearm)
