Archive member included to satisfy reference by file (symbol)

.\CortexM3\ARM_GCC_541\Debug\DCBRUSHLESSMOTOR.a(LCD_Char_1.o)
                              .\CortexM3\ARM_GCC_541\Debug\main.o (LCD_Char_1_PrintString)
.\CortexM3\ARM_GCC_541\Debug\DCBRUSHLESSMOTOR.a(CyLib.o)
                              .\CortexM3\ARM_GCC_541\Debug\Cm3Start.o (CyHalt)
.\CortexM3\ARM_GCC_541\Debug\DCBRUSHLESSMOTOR.a(cyPm.o)
                              .\CortexM3\ARM_GCC_541\Debug\DCBRUSHLESSMOTOR.a(CyLib.o) (CyPmReadStatus)
.\CortexM3\ARM_GCC_541\Debug\DCBRUSHLESSMOTOR.a(ADC_SAR_1.o)
                              .\CortexM3\ARM_GCC_541\Debug\main.o (ADC_SAR_1_Start)
.\CortexM3\ARM_GCC_541\Debug\DCBRUSHLESSMOTOR.a(ADC_SAR_1_INT.o)
                              .\CortexM3\ARM_GCC_541\Debug\DCBRUSHLESSMOTOR.a(ADC_SAR_1.o) (ADC_SAR_1_ISR)
.\CortexM3\ARM_GCC_541\Debug\DCBRUSHLESSMOTOR.a(ADC_SAR_1_theACLK.o)
                              .\CortexM3\ARM_GCC_541\Debug\DCBRUSHLESSMOTOR.a(ADC_SAR_1.o) (ADC_SAR_1_theACLK_SetModeRegister)
.\CortexM3\ARM_GCC_541\Debug\DCBRUSHLESSMOTOR.a(Counter_1.o)
                              .\CortexM3\ARM_GCC_541\Debug\main.o (Counter_1_WriteCompare)
.\CortexM3\ARM_GCC_541\Debug\DCBRUSHLESSMOTOR.a(QuadDec_1.o)
                              .\CortexM3\ARM_GCC_541\Debug\main.o (QuadDec_1_GetCounter)
.\CortexM3\ARM_GCC_541\Debug\DCBRUSHLESSMOTOR.a(QuadDec_1_Cnt16.o)
                              .\CortexM3\ARM_GCC_541\Debug\DCBRUSHLESSMOTOR.a(QuadDec_1.o) (QuadDec_1_Cnt16_Stop)
.\CortexM3\ARM_GCC_541\Debug\DCBRUSHLESSMOTOR.a(Pin_0_0.o)
                              .\CortexM3\ARM_GCC_541\Debug\main.o (Pin_0_0_Write)
.\CortexM3\ARM_GCC_541\Debug\DCBRUSHLESSMOTOR.a(Pin_3_0.o)
                              .\CortexM3\ARM_GCC_541\Debug\main.o (Pin_3_0_Write)
.\CortexM3\ARM_GCC_541\Debug\DCBRUSHLESSMOTOR.a(ADC_SAR_2.o)
                              .\CortexM3\ARM_GCC_541\Debug\main.o (ADC_SAR_2_Start)
.\CortexM3\ARM_GCC_541\Debug\DCBRUSHLESSMOTOR.a(ADC_SAR_2_INT.o)
                              .\CortexM3\ARM_GCC_541\Debug\DCBRUSHLESSMOTOR.a(ADC_SAR_2.o) (ADC_SAR_2_ISR)
.\CortexM3\ARM_GCC_541\Debug\DCBRUSHLESSMOTOR.a(ADC_SAR_2_theACLK.o)
                              .\CortexM3\ARM_GCC_541\Debug\DCBRUSHLESSMOTOR.a(ADC_SAR_2.o) (ADC_SAR_2_theACLK_SetModeRegister)
.\CortexM3\ARM_GCC_541\Debug\DCBRUSHLESSMOTOR.a(CyBootAsmGnu.o)
                              .\CortexM3\ARM_GCC_541\Debug\cyfitter_cfg.o (CyDelayCycles)
.\CortexM3\ARM_GCC_541\Debug\DCBRUSHLESSMOTOR.a(CyFlash.o)
                              .\CortexM3\ARM_GCC_541\Debug\DCBRUSHLESSMOTOR.a(cyPm.o) (CyFlash_SetWaitCycles)
.\CortexM3\ARM_GCC_541\Debug\DCBRUSHLESSMOTOR.a(CySpc.o)
                              .\CortexM3\ARM_GCC_541\Debug\DCBRUSHLESSMOTOR.a(CyFlash.o) (CySpcStart)
c:/program files (x86)/cypress/psoc creator/4.1/psoc creator/import/gnu/arm/5.4.1/bin/../lib/gcc/arm-none-eabi/5.4.1/armv7-m\libgcc.a(_arm_addsubdf3.o)
                              .\CortexM3\ARM_GCC_541\Debug\main.o (__aeabi_dadd)
c:/program files (x86)/cypress/psoc creator/4.1/psoc creator/import/gnu/arm/5.4.1/bin/../lib/gcc/arm-none-eabi/5.4.1/armv7-m\libgcc.a(_arm_muldivdf3.o)
                              .\CortexM3\ARM_GCC_541\Debug\main.o (__aeabi_dmul)
c:/program files (x86)/cypress/psoc creator/4.1/psoc creator/import/gnu/arm/5.4.1/bin/../lib/gcc/arm-none-eabi/5.4.1/armv7-m\libgcc.a(_arm_fixdfsi.o)
                              .\CortexM3\ARM_GCC_541\Debug\main.o (__aeabi_d2iz)
c:/program files (x86)/cypress/psoc creator/4.1/psoc creator/import/gnu/arm/5.4.1/bin/../lib/gcc/arm-none-eabi/5.4.1/armv7-m\libgcc.a(_arm_addsubsf3.o)
                              .\CortexM3\ARM_GCC_541\Debug\DCBRUSHLESSMOTOR.a(ADC_SAR_1.o) (__aeabi_i2f)
c:/program files (x86)/cypress/psoc creator/4.1/psoc creator/import/gnu/arm/5.4.1/bin/../lib/gcc/arm-none-eabi/5.4.1/armv7-m\libgcc.a(_arm_muldivsf3.o)
                              .\CortexM3\ARM_GCC_541\Debug\DCBRUSHLESSMOTOR.a(ADC_SAR_1.o) (__aeabi_fmul)
c:/program files (x86)/cypress/psoc creator/4.1/psoc creator/import/gnu/arm/5.4.1/bin/../lib/gcc/arm-none-eabi/5.4.1/armv7-m\libgcc.a(_aeabi_ldivmod.o)
                              .\CortexM3\ARM_GCC_541\Debug\DCBRUSHLESSMOTOR.a(ADC_SAR_1.o) (__aeabi_ldivmod)
c:/program files (x86)/cypress/psoc creator/4.1/psoc creator/import/gnu/arm/5.4.1/bin/../lib/gcc/arm-none-eabi/5.4.1/armv7-m\libgcc.a(_udivmoddi4.o)
                              c:/program files (x86)/cypress/psoc creator/4.1/psoc creator/import/gnu/arm/5.4.1/bin/../lib/gcc/arm-none-eabi/5.4.1/armv7-m\libgcc.a(_aeabi_ldivmod.o) (__udivmoddi4)
c:/program files (x86)/cypress/psoc creator/4.1/psoc creator/import/gnu/arm/5.4.1/bin/../lib/gcc/arm-none-eabi/5.4.1/armv7-m\libgcc.a(_dvmd_tls.o)
                              c:/program files (x86)/cypress/psoc creator/4.1/psoc creator/import/gnu/arm/5.4.1/bin/../lib/gcc/arm-none-eabi/5.4.1/armv7-m\libgcc.a(_aeabi_ldivmod.o) (__aeabi_ldiv0)
[...]
Memory Configuration

Name             Origin             Length             Attributes
rom              0x00000000         0x00040000         xr
ram              0x1fff8000         0x00010000         xrw
*default*        0x00000000         0xffffffff

Linker script and memory map

LOAD c:/program files (x86)/cypress/psoc creator/4.1/psoc creator/import/gnu/arm/5.4.1/bin/../lib/gcc/arm-none-eabi/5.4.1/armv7-m/crti.o
LOAD c:/program files (x86)/cypress/psoc creator/4.1/psoc creator/import/gnu/arm/5.4.1/bin/../lib/gcc/arm-none-eabi/5.4.1/armv7-m/crtbegin.o
LOAD c:/program files (x86)/cypress/psoc creator/4.1/psoc creator/import/gnu/arm/5.4.1/bin/../lib/gcc/arm-none-eabi/5.4.1/../../../../arm-none-eabi/lib/armv7-m/crt0.o
START GROUP
LOAD .\CortexM3\ARM_GCC_541\Debug\main.o
LOAD .\CortexM3\ARM_GCC_541\Debug\cyfitter_cfg.o
LOAD .\CortexM3\ARM_GCC_541\Debug\cymetadata.o
LOAD .\CortexM3\ARM_GCC_541\Debug\Cm3Start.o
LOAD .\CortexM3\ARM_GCC_541\Debug\DCBRUSHLESSMOTOR.a
LOAD C:\Program Files (x86)\Cypress\PSoC Creator\4.1\PSoC Creator\psoc\content\cycomponentlibrary\CyComponentLibrary.cylib\CortexM3\ARM_GCC_541\Debug\CyComponentLibrary.a
END GROUP
START GROUP
LOAD c:/program files (x86)/cypress/psoc creator/4.1/psoc creator/import/gnu/arm/5.4.1/bin/../lib/gcc/arm-none-eabi/5.4.1/armv7-m\libgcc.a
LOAD c:/program files (x86)/cypress/psoc creator/4.1/psoc creator/import/gnu/arm/5.4.1/bin/../lib/gcc/arm-none-eabi/5.4.1/../../../../arm-none-eabi/lib/armv7-m\libg_nano.a
LOAD c:/program files (x86)/cypress/psoc creator/4.1/psoc creator/import/gnu/arm/5.4.1/bin/../lib/gcc/arm-none-eabi/5.4.1/../../../../arm-none-eabi/lib/armv7-m\libc_nano.a
END GROUP
START GROUP
LOAD c:/program files (x86)/cypress/psoc creator/4.1/psoc creator/import/gnu/arm/5.4.1/bin/../lib/gcc/arm-none-eabi/5.4.1/armv7-m\libgcc.a
LOAD c:/program files (x86)/cypress/psoc creator/4.1/psoc creator/import/gnu/arm/5.4.1/bin/../lib/gcc/arm-none-eabi/5.4.1/../../../../arm-none-eabi/lib/armv7-m\libc_nano.a
END GROUP
LOAD c:/program files (x86)/cypress/psoc creator/4.1/psoc creator/import/gnu/arm/5.4.1/bin/../lib/gcc/arm-none-eabi/5.4.1/armv7-m/crtend.o
LOAD c:/program files (x86)/cypress/psoc creator/4.1/psoc creator/import/gnu/arm/5.4.1/bin/../lib/gcc/arm-none-eabi/5.4.1/armv7-m/crtn.o
START GROUP
LOAD c:/program files (x86)/cypress/psoc creator/4.1/psoc creator/import/gnu/arm/5.4.1/bin/../lib/gcc/arm-none-eabi/5.4.1/armv7-m\libgcc.a
LOAD c:/program files (x86)/cypress/psoc creator/4.1/psoc creator/import/gnu/arm/5.4.1/bin/../lib/gcc/arm-none-eabi/5.4.1/../../../../arm-none-eabi/lib/armv7-m\libc.a
LOAD c:/program files (x86)/cypress/psoc creator/4.1/psoc creator/import/gnu/arm/5.4.1/bin/../lib/gcc/arm-none-eabi/5.4.1/../../../../arm-none-eabi/lib/armv7-m\libnosys.a
END GROUP
                0x00000000                CY_APPL_ORIGIN = 0x0
                0x00000100                CY_FLASH_ROW_SIZE = 0x100
                0x00000020                CY_ECC_ROW_SIZE = 0x20
                0x00000000                CY_EE_IN_BTLDR = 0x0
                0x00000000                CY_APPL_LOADABLE = 0x0
                0x00000800                CY_EE_SIZE = 0x800
                0x00000001                CY_APPL_NUM = 0x1
                0x00000001                CY_APPL_MAX = 0x1
                0x00000040                CY_METADATA_SIZE = 0x40
                0x00000000                CY_APPL_LOADABLE = 0x0
                0x00000000                CY_CHECKSUM_EXCLUDE_SIZE = ALIGN (0x0, CY_FLASH_ROW_SIZE)
                [!provide]                PROVIDE (__cy_heap_start, _end)
                0x00000001                PROVIDE (__cy_region_num, ((__cy_regions_end - __cy_regions) / 0x10))
                0x20008000                PROVIDE (__cy_stack, (ORIGIN (ram) + LENGTH (ram)))
                [!provide]                PROVIDE (__cy_heap_end, (__cy_stack - 0x800))

.cybootloader   0x00000000        0x0
 *(.cybootloader)
                0x00000000                appl1_start = CY_APPL_ORIGIN?CY_APPL_ORIGIN:ALIGN (CY_FLASH_ROW_SIZE)
                0x0001ff00                appl2_start = (appl1_start + ALIGN ((((LENGTH (rom) - appl1_start) - (0x2 * CY_FLASH_ROW_SIZE)) / 0x2), CY_FLASH_ROW_SIZE))
                0x00000000                appl_start = (CY_APPL_NUM == 0x1)?appl1_start:appl2_start
                0x00000000                ecc_offset = ((appl_start / CY_FLASH_ROW_SIZE) * CY_ECC_ROW_SIZE)
                0x00000000                ee_offset = (CY_APPL_LOADABLE && ! (CY_EE_IN_BTLDR))?((CY_EE_SIZE / CY_APPL_MAX) * (CY_APPL_NUM - 0x1)):0x0
                0x00000800                ee_size = (CY_APPL_LOADABLE && ! (CY_EE_IN_BTLDR))?(CY_EE_SIZE / CY_APPL_MAX):CY_EE_SIZE
                [!provide]                PROVIDE (CY_ECC_OFFSET, ecc_offset)

.text           0x00000000     0x182a
 CREATE_OBJECT_SYMBOLS
                0x00000000                PROVIDE (__cy_interrupt_vector, RomVectors)
 *(.romvectors)
 .romvectors    0x00000000       0x10 .\CortexM3\ARM_GCC_541\Debug\Cm3Start.o
                0x00000000                RomVectors
                0x00000001                ASSERT ((. != __cy_interrupt_vector), No interrupt vector)
                0x00000001                ASSERT (CY_APPL_ORIGIN?(SIZEOF (.cybootloader) <= CY_APPL_ORIGIN):0x1, Wrong image location)
                0x00000010                PROVIDE (__cy_reset, Reset)
 *(.text.Reset)
 .text.Reset    0x00000010       0x18 .\CortexM3\ARM_GCC_541\Debug\Cm3Start.o
                0x00000010                Reset
                0x00000001                ASSERT ((. != __cy_reset), No reset code)
 *(.dma_init)
                0x00000001                ASSERT ((((appl_start + .) <= 0x10000) || 0x1), DMA Init must be within the first 64k of flash)
 *(.text .text.* .gnu.linkonce.t.*)
 .text          0x00000028       0x5c c:/program files (x86)/cypress/psoc creator/4.1/psoc creator/import/gnu/arm/5.4.1/bin/../lib/gcc/arm-none-eabi/5.4.1/armv7-m/crtbegin.o
 .text.LCD      0x00000084       0x4c .\CortexM3\ARM_GCC_541\Debug\main.o
                0x00000084                LCD
 .text.main     0x000000d0      0x164 .\CortexM3\ARM_GCC_541\Debug\main.o
                0x000000d0                main
 .text.CyClockStartupError
                0x00000234        0x4 .\CortexM3\ARM_GCC_541\Debug\cyfitter_cfg.o
 .text.cfg_write_bytes32
                0x00000238       0x34 .\CortexM3\ARM_GCC_541\Debug\cyfitter_cfg.o
 .text.CYMEMZERO
                0x0000026c        0xc .\CortexM3\ARM_GCC_541\Debug\cyfitter_cfg.o
 .text.ClockSetup
                0x00000278       0xf0 .\CortexM3\ARM_GCC_541\Debug\cyfitter_cfg.o
 .text.AnalogSetDefault
                0x00000368       0x90 .\CortexM3\ARM_GCC_541\Debug\cyfitter_cfg.o
 .text.CYCONFIGCPY
                0x000003f8        0x8 .\CortexM3\ARM_GCC_541\Debug\cyfitter_cfg.o
 .text.cyfitter_cfg
                0x00000400      0x140 .\CortexM3\ARM_GCC_541\Debug\cyfitter_cfg.o
                0x00000400                cyfitter_cfg
 .text.IntDefaultHandler
                0x00000540       0x10 .\CortexM3\ARM_GCC_541\Debug\Cm3Start.o
                0x00000540                IntDefaultHandler
 .text.Start_c  0x00000550       0x4c .\CortexM3\ARM_GCC_541\Debug\Cm3Start.o
                0x00000550                Start_c
 .text.initialize_psoc
                0x0000059c       0x68 .\CortexM3\ARM_GCC_541\Debug\Cm3Start.o
                0x0000059c                initialize_psoc
 .text.LCD_Char_1_WrCntrlNib
                0x00000604       0x34 .\CortexM3\ARM_GCC_541\Debug\DCBRUSHLESSMOTOR.a(LCD_Char_1.o)
 .text.LCD_Char_1_WrDatNib
                0x00000638       0x44 .\CortexM3\ARM_GCC_541\Debug\DCBRUSHLESSMOTOR.a(LCD_Char_1.o)
 .text.LCD_Char_1_IsReady
                0x0000067c       0xe4 .\CortexM3\ARM_GCC_541\Debug\DCBRUSHLESSMOTOR.a(LCD_Char_1.o)
                0x0000067c                LCD_Char_1_IsReady
 .text.LCD_Char_1_WriteData
                0x00000760       0x18 .\CortexM3\ARM_GCC_541\Debug\DCBRUSHLESSMOTOR.a(LCD_Char_1.o)
                0x00000760                LCD_Char_1_WriteData
 .text.LCD_Char_1_PrintString
                0x00000778       0x1c .\CortexM3\ARM_GCC_541\Debug\DCBRUSHLESSMOTOR.a(LCD_Char_1.o)
                0x00000778                LCD_Char_1_PrintString
 .text.LCD_Char_1_WriteControl
                0x00000794       0x18 .\CortexM3\ARM_GCC_541\Debug\DCBRUSHLESSMOTOR.a(LCD_Char_1.o)
                0x00000794                LCD_Char_1_WriteControl
 .text.LCD_Char_1_Init
                0x000007ac       0x6c .\CortexM3\ARM_GCC_541\Debug\DCBRUSHLESSMOTOR.a(LCD_Char_1.o)
                0x000007ac                LCD_Char_1_Init
 .text.LCD_Char_1_Enable
                0x00000818       0x14 .\CortexM3\ARM_GCC_541\Debug\DCBRUSHLESSMOTOR.a(LCD_Char_1.o)
                0x00000818                LCD_Char_1_Enable
 .text.LCD_Char_1_Start
                0x0000082c       0x1c .\CortexM3\ARM_GCC_541\Debug\DCBRUSHLESSMOTOR.a(LCD_Char_1.o)
                0x0000082c                LCD_Char_1_Start
 .text.LCD_Char_1_Position
                0x00000848       0x3c .\CortexM3\ARM_GCC_541\Debug\DCBRUSHLESSMOTOR.a(LCD_Char_1.o)
                0x00000848                LCD_Char_1_Position
 .text.LCD_Char_1_PrintU32Number
                0x00000884       0x64 .\CortexM3\ARM_GCC_541\Debug\DCBRUSHLESSMOTOR.a(LCD_Char_1.o)
                0x00000884                LCD_Char_1_PrintU32Number
 .text.CyHalt   0x000008e8        0x4 .\CortexM3\ARM_GCC_541\Debug\DCBRUSHLESSMOTOR.a(CyLib.o)
                0x000008e8                CyHalt
 .text.CyDelay  0x000008ec       0x2c .\CortexM3\ARM_GCC_541\Debug\DCBRUSHLESSMOTOR.a(CyLib.o)
                0x000008ec                CyDelay
 .text.CyDelayUs
                0x00000918       0x14 .\CortexM3\ARM_GCC_541\Debug\DCBRUSHLESSMOTOR.a(CyLib.o)
                0x00000918                CyDelayUs
 .text.CyIntSetVector
                0x0000092c       0x28 .\CortexM3\ARM_GCC_541\Debug\DCBRUSHLESSMOTOR.a(CyLib.o)
                0x0000092c                CyIntSetVector
 .text.CyIntSetPriority
                0x00000954       0x30 .\CortexM3\ARM_GCC_541\Debug\DCBRUSHLESSMOTOR.a(CyLib.o)
                0x00000954                CyIntSetPriority
 .text.ADC_SAR_1_CalcGain
                0x00000984       0x64 .\CortexM3\ARM_GCC_541\Debug\DCBRUSHLESSMOTOR.a(ADC_SAR_1.o)
 .text.ADC_SAR_1_Enable
                0x000009e8       0x94 .\CortexM3\ARM_GCC_541\Debug\DCBRUSHLESSMOTOR.a(ADC_SAR_1.o)
                0x000009e8                ADC_SAR_1_Enable
 .text.ADC_SAR_1_SetResolution
                0x00000a7c       0x38 .\CortexM3\ARM_GCC_541\Debug\DCBRUSHLESSMOTOR.a(ADC_SAR_1.o)
                0x00000a7c                ADC_SAR_1_SetResolution
 .text.ADC_SAR_1_Init
                0x00000ab4       0x3c .\CortexM3\ARM_GCC_541\Debug\DCBRUSHLESSMOTOR.a(ADC_SAR_1.o)
                0x00000ab4                ADC_SAR_1_Init
 .text.ADC_SAR_1_Start
                0x00000af0       0x1c .\CortexM3\ARM_GCC_541\Debug\DCBRUSHLESSMOTOR.a(ADC_SAR_1.o)
                0x00000af0                ADC_SAR_1_Start
 .text.ADC_SAR_1_StartConvert
                0x00000b0c       0x10 .\CortexM3\ARM_GCC_541\Debug\DCBRUSHLESSMOTOR.a(ADC_SAR_1.o)
                0x00000b0c                ADC_SAR_1_StartConvert
 .text.ADC_SAR_1_GetResult8
                0x00000b1c       0x18 .\CortexM3\ARM_GCC_541\Debug\DCBRUSHLESSMOTOR.a(ADC_SAR_1.o)
                0x00000b1c                ADC_SAR_1_GetResult8
 .text.ADC_SAR_1_ISR
                0x00000b34        0x4 .\CortexM3\ARM_GCC_541\Debug\DCBRUSHLESSMOTOR.a(ADC_SAR_1_INT.o)
                0x00000b34                ADC_SAR_1_ISR
 .text.ADC_SAR_1_theACLK_SetModeRegister
                0x00000b38       0x14 .\CortexM3\ARM_GCC_541\Debug\DCBRUSHLESSMOTOR.a(ADC_SAR_1_theACLK.o)
                0x00000b38                ADC_SAR_1_theACLK_SetModeRegister
 .text.Counter_1_Enable
                0x00000b4c       0x10 .\CortexM3\ARM_GCC_541\Debug\DCBRUSHLESSMOTOR.a(Counter_1.o)
                0x00000b4c                Counter_1_Enable
 .text.Counter_1_SetInterruptMode
                0x00000b5c        0xc .\CortexM3\ARM_GCC_541\Debug\DCBRUSHLESSMOTOR.a(Counter_1.o)
                0x00000b5c                Counter_1_SetInterruptMode
 .text.Counter_1_ReadStatusRegister
                0x00000b68        0xc .\CortexM3\ARM_GCC_541\Debug\DCBRUSHLESSMOTOR.a(Counter_1.o)
                0x00000b68                Counter_1_ReadStatusRegister
 .text.Counter_1_WriteCounter
                0x00000b74        0xc .\CortexM3\ARM_GCC_541\Debug\DCBRUSHLESSMOTOR.a(Counter_1.o)
                0x00000b74                Counter_1_WriteCounter
 .text.Counter_1_ReadCapture
                0x00000b80        0xc .\CortexM3\ARM_GCC_541\Debug\DCBRUSHLESSMOTOR.a(Counter_1.o)
                0x00000b80                Counter_1_ReadCapture
 .text.Counter_1_WritePeriod
                0x00000b8c        0xc .\CortexM3\ARM_GCC_541\Debug\DCBRUSHLESSMOTOR.a(Counter_1.o)
                0x00000b8c                Counter_1_WritePeriod
 .text.Counter_1_WriteCompare
                0x00000b98        0xc .\CortexM3\ARM_GCC_541\Debug\DCBRUSHLESSMOTOR.a(Counter_1.o)
                0x00000b98                Counter_1_WriteCompare
 .text.Counter_1_ClearFIFO
                0x00000ba4       0x14 .\CortexM3\ARM_GCC_541\Debug\DCBRUSHLESSMOTOR.a(Counter_1.o)
                0x00000ba4                Counter_1_ClearFIFO
 .text.Counter_1_Init
                0x00000bb8       0x54 .\CortexM3\ARM_GCC_541\Debug\DCBRUSHLESSMOTOR.a(Counter_1.o)
                0x00000bb8                Counter_1_Init
 .text.Counter_1_Start
                0x00000c0c       0x1c .\CortexM3\ARM_GCC_541\Debug\DCBRUSHLESSMOTOR.a(Counter_1.o)
                0x00000c0c                Counter_1_Start
 .text.QuadDec_1_GetCounter
                0x00000c28       0x10 .\CortexM3\ARM_GCC_541\Debug\DCBRUSHLESSMOTOR.a(QuadDec_1.o)
                0x00000c28                QuadDec_1_GetCounter
 .text.QuadDec_1_GetEvents
                0x00000c38       0x10 .\CortexM3\ARM_GCC_541\Debug\DCBRUSHLESSMOTOR.a(QuadDec_1.o)
                0x00000c38                QuadDec_1_GetEvents
 .text.QuadDec_1_SetInterruptMask
                0x00000c48        0xc .\CortexM3\ARM_GCC_541\Debug\DCBRUSHLESSMOTOR.a(QuadDec_1.o)
                0x00000c48                QuadDec_1_SetInterruptMask
 .text.QuadDec_1_Enable
                0x00000c54       0x24 .\CortexM3\ARM_GCC_541\Debug\DCBRUSHLESSMOTOR.a(QuadDec_1.o)
                0x00000c54                QuadDec_1_Enable
 .text.QuadDec_1_Start
                0x00000c78       0x24 .\CortexM3\ARM_GCC_541\Debug\DCBRUSHLESSMOTOR.a(QuadDec_1.o)
                0x00000c78                QuadDec_1_Start
 .text.QuadDec_1_Cnt16_Enable
                0x00000c9c       0x10 .\CortexM3\ARM_GCC_541\Debug\DCBRUSHLESSMOTOR.a(QuadDec_1_Cnt16.o)
                0x00000c9c                QuadDec_1_Cnt16_Enable
 .text.QuadDec_1_Cnt16_SetInterruptMode
                0x00000cac        0xc .\CortexM3\ARM_GCC_541\Debug\DCBRUSHLESSMOTOR.a(QuadDec_1_Cnt16.o)
                0x00000cac                QuadDec_1_Cnt16_SetInterruptMode
 .text.QuadDec_1_Cnt16_ReadStatusRegister
                0x00000cb8        0xc .\CortexM3\ARM_GCC_541\Debug\DCBRUSHLESSMOTOR.a(QuadDec_1_Cnt16.o)
                0x00000cb8                QuadDec_1_Cnt16_ReadStatusRegister
 .text.QuadDec_1_Cnt16_WriteCounter
                0x00000cc4        0xc .\CortexM3\ARM_GCC_541\Debug\DCBRUSHLESSMOTOR.a(QuadDec_1_Cnt16.o)
                0x00000cc4                QuadDec_1_Cnt16_WriteCounter
 .text.QuadDec_1_Cnt16_ReadCounter
                0x00000cd0       0x14 .\CortexM3\ARM_GCC_541\Debug\DCBRUSHLESSMOTOR.a(QuadDec_1_Cnt16.o)
                0x00000cd0                QuadDec_1_Cnt16_ReadCounter
 .text.QuadDec_1_Cnt16_ReadCapture
                0x00000ce4        0xc .\CortexM3\ARM_GCC_541\Debug\DCBRUSHLESSMOTOR.a(QuadDec_1_Cnt16.o)
                0x00000ce4                QuadDec_1_Cnt16_ReadCapture
 .text.QuadDec_1_Cnt16_WritePeriod
                0x00000cf0        0xc .\CortexM3\ARM_GCC_541\Debug\DCBRUSHLESSMOTOR.a(QuadDec_1_Cnt16.o)
                0x00000cf0                QuadDec_1_Cnt16_WritePeriod
 .text.QuadDec_1_Cnt16_WriteCompare
                0x00000cfc        0xc .\CortexM3\ARM_GCC_541\Debug\DCBRUSHLESSMOTOR.a(QuadDec_1_Cnt16.o)
                0x00000cfc                QuadDec_1_Cnt16_WriteCompare
 .text.QuadDec_1_Cnt16_ClearFIFO
                0x00000d08       0x14 .\CortexM3\ARM_GCC_541\Debug\DCBRUSHLESSMOTOR.a(QuadDec_1_Cnt16.o)
                0x00000d08                QuadDec_1_Cnt16_ClearFIFO
 .text.QuadDec_1_Cnt16_Init
                0x00000d1c       0x58 .\CortexM3\ARM_GCC_541\Debug\DCBRUSHLESSMOTOR.a(QuadDec_1_Cnt16.o)
                0x00000d1c                QuadDec_1_Cnt16_Init
 .text.QuadDec_1_Cnt16_Start
                0x00000d74       0x1c .\CortexM3\ARM_GCC_541\Debug\DCBRUSHLESSMOTOR.a(QuadDec_1_Cnt16.o)
                0x00000d74                QuadDec_1_Cnt16_Start
 .text.Pin_0_0_Write
                0x00000d90       0x18 .\CortexM3\ARM_GCC_541\Debug\DCBRUSHLESSMOTOR.a(Pin_0_0.o)
                0x00000d90                Pin_0_0_Write
 .text.Pin_0_0_Read
                0x00000da8       0x10 .\CortexM3\ARM_GCC_541\Debug\DCBRUSHLESSMOTOR.a(Pin_0_0.o)
                0x00000da8                Pin_0_0_Read
 .text.Pin_3_0_Write
                0x00000db8       0x18 .\CortexM3\ARM_GCC_541\Debug\DCBRUSHLESSMOTOR.a(Pin_3_0.o)
                0x00000db8                Pin_3_0_Write
 .text.Pin_3_0_Read
                0x00000dd0       0x10 .\CortexM3\ARM_GCC_541\Debug\DCBRUSHLESSMOTOR.a(Pin_3_0.o)
                0x00000dd0                Pin_3_0_Read
 .text.ADC_SAR_2_CalcGain
                0x00000de0       0x64 .\CortexM3\ARM_GCC_541\Debug\DCBRUSHLESSMOTOR.a(ADC_SAR_2.o)
 .text.ADC_SAR_2_Enable
                0x00000e44       0x94 .\CortexM3\ARM_GCC_541\Debug\DCBRUSHLESSMOTOR.a(ADC_SAR_2.o)
                0x00000e44                ADC_SAR_2_Enable
 .text.ADC_SAR_2_SetResolution
                0x00000ed8       0x38 .\CortexM3\ARM_GCC_541\Debug\DCBRUSHLESSMOTOR.a(ADC_SAR_2.o)
                0x00000ed8                ADC_SAR_2_SetResolution
 .text.ADC_SAR_2_Init
                0x00000f10       0x3c .\CortexM3\ARM_GCC_541\Debug\DCBRUSHLESSMOTOR.a(ADC_SAR_2.o)
                0x00000f10                ADC_SAR_2_Init
 .text.ADC_SAR_2_Start
                0x00000f4c       0x1c .\CortexM3\ARM_GCC_541\Debug\DCBRUSHLESSMOTOR.a(ADC_SAR_2.o)
                0x00000f4c                ADC_SAR_2_Start
 .text.ADC_SAR_2_StartConvert
                0x00000f68       0x10 .\CortexM3\ARM_GCC_541\Debug\DCBRUSHLESSMOTOR.a(ADC_SAR_2.o)
                0x00000f68                ADC_SAR_2_StartConvert
 .text.ADC_SAR_2_GetResult8
                0x00000f78       0x18 .\CortexM3\ARM_GCC_541\Debug\DCBRUSHLESSMOTOR.a(ADC_SAR_2.o)
                0x00000f78                ADC_SAR_2_GetResult8
 .text.ADC_SAR_2_ISR
                0x00000f90        0x4 .\CortexM3\ARM_GCC_541\Debug\DCBRUSHLESSMOTOR.a(ADC_SAR_2_INT.o)
                0x00000f90                ADC_SAR_2_ISR
 .text.ADC_SAR_2_theACLK_SetModeRegister
                0x00000f94       0x14 .\CortexM3\ARM_GCC_541\Debug\DCBRUSHLESSMOTOR.a(ADC_SAR_2_theACLK.o)
                0x00000f94                ADC_SAR_2_theACLK_SetModeRegister
 .text          0x00000fa8       0x20 .\CortexM3\ARM_GCC_541\Debug\DCBRUSHLESSMOTOR.a(CyBootAsmGnu.o)
                0x00000fa8                CyDelayCycles
                0x00000fb8                CyEnterCriticalSection
                0x00000fc0                CyExitCriticalSection
 .text          0x00000fc8      0x370 c:/program files (x86)/cypress/psoc creator/4.1/psoc creator/import/gnu/arm/5.4.1/bin/../lib/gcc/arm-none-eabi/5.4.1/armv7-m\libgcc.a(_arm_addsubdf3.o)
                0x00000fc8                __aeabi_drsub
                0x00000fd0                __aeabi_dsub
                0x00000fd0                __subdf3
                0x00000fd4                __aeabi_dadd
                0x00000fd4                __adddf3
                0x0000124c                __floatunsidf
                0x0000124c                __aeabi_ui2d
                0x0000126c                __floatsidf
                0x0000126c                __aeabi_i2d
                0x00001290                __aeabi_f2d
                0x00001290                __extendsfdf2
                0x000012cc                __floatundidf
                0x000012cc                __aeabi_ul2d
                0x000012dc                __floatdidf
                0x000012dc                __aeabi_l2d
 .text          0x00001338      0x424 c:/program files (x86)/cypress/psoc creator/4.1/psoc creator/import/gnu/arm/5.4.1/bin/../lib/gcc/arm-none-eabi/5.4.1/armv7-m\libgcc.a(_arm_muldivdf3.o)
                0x00001338                __aeabi_dmul
                0x00001338                __muldf3
                0x0000158c                __divdf3
                0x0000158c                __aeabi_ddiv
 .text          0x0000175c       0x50 c:/program files (x86)/cypress/psoc creator/4.1/psoc creator/import/gnu/arm/5.4.1/bin/../lib/gcc/arm-none-eabi/5.4.1/armv7-m\libgcc.a(_arm_fixdfsi.o)
                0x0000175c                __aeabi_d2iz
                0x0000175c                __fixdfsi
 .text.__errno  0x000017ac        0xc c:/program files (x86)/cypress/psoc creator/4.1/psoc creator/import/gnu/arm/5.4.1/bin/../lib/gcc/arm-none-eabi/5.4.1/../../../../arm-none-eabi/lib/armv7-m\libg_nano.a(lib_a-errno.o)
                0x000017ac                __errno
 .text.__libc_init_array
                0x000017b8       0x4c c:/program files (x86)/cypress/psoc creator/4.1/psoc creator/import/gnu/arm/5.4.1/bin/../lib/gcc/arm-none-eabi/5.4.1/../../../../arm-none-eabi/lib/armv7-m\libg_nano.a(lib_a-init.o)
                0x000017b8                __libc_init_array
 .text.memcpy   0x00001804       0x16 c:/program files (x86)/cypress/psoc creator/4.1/psoc creator/import/gnu/arm/5.4.1/bin/../lib/gcc/arm-none-eabi/5.4.1/../../../../arm-none-eabi/lib/armv7-m\libg_nano.a(lib_a-memcpy-stub.o)
                0x00001804                memcpy
 .text.memset   0x0000181a       0x10 c:/program files (x86)/cypress/psoc creator/4.1/psoc creator/import/gnu/arm/5.4.1/bin/../lib/gcc/arm-none-eabi/5.4.1/../../../../arm-none-eabi/lib/armv7-m\libg_nano.a(lib_a-memset.o)
                0x0000181a                memset
 *(.plt)
 *(.gnu.warning)
 *(.glue_7t)
 .glue_7t       0x0000182a        0x0 linker stubs
 *(.glue_7)
 .glue_7        0x0000182a        0x0 linker stubs
 *(.vfp11_veneer)
 .vfp11_veneer  0x0000182a        0x0 linker stubs
 *(.bootloader)
 *(.ARM.extab* .gnu.linkonce.armextab.*)
 *(.gcc_except_table)

.v4_bx          0x0000182c        0x0
 .v4_bx         0x0000182c        0x0 linker stubs

.iplt           0x0000182c        0x0
 .iplt          0x0000182c        0x0 c:/program files (x86)/cypress/psoc creator/4.1/psoc creator/import/gnu/arm/5.4.1/bin/../lib/gcc/arm-none-eabi/5.4.1/armv7-m/crtbegin.o

.eh_frame_hdr
 *(.eh_frame_hdr)

.eh_frame       0x0000182c        0x4
 *(.eh_frame)
 .eh_frame      0x0000182c        0x0 c:/program files (x86)/cypress/psoc creator/4.1/psoc creator/import/gnu/arm/5.4.1/bin/../lib/gcc/arm-none-eabi/5.4.1/armv7-m/crtbegin.o
 .eh_frame      0x0000182c        0x4 c:/program files (x86)/cypress/psoc creator/4.1/psoc creator/import/gnu/arm/5.4.1/bin/../lib/gcc/arm-none-eabi/5.4.1/armv7-m/crtend.o
                [!provide]                PROVIDE (__exidx_start, .)

.ARM.exidx
 *(.ARM.exidx* .gnu.linkonce.armexidx.*)
                0x00001830                __exidx_end = .

.rodata         0x00001830       0xe8
 *(.rodata .rodata.* .gnu.linkonce.r.*)
 .rodata.str1.4
                0x00001830       0x6c .\CortexM3\ARM_GCC_541\Debug\main.o
 .rodata        0x0000189c       0x42 .\CortexM3\ARM_GCC_541\Debug\cyfitter_cfg.o
 .rodata.str1.1
                0x000018de        0x2 c:/program files (x86)/cypress/psoc creator/4.1/psoc creator/import/gnu/arm/5.4.1/bin/../lib/gcc/arm-none-eabi/5.4.1/../../../../arm-none-eabi/lib/armv7-m\libg_nano.a(lib_a-impure.o)
                0x000018e0                . = ALIGN (0x4)
 *(.init)
 .init          0x000018e0        0x4 c:/program files (x86)/cypress/psoc creator/4.1/psoc creator/import/gnu/arm/5.4.1/bin/../lib/gcc/arm-none-eabi/5.4.1/armv7-m/crti.o
                0x000018e0                _init
 .init          0x000018e4        0x8 c:/program files (x86)/cypress/psoc creator/4.1/psoc creator/import/gnu/arm/5.4.1/bin/../lib/gcc/arm-none-eabi/5.4.1/armv7-m/crtn.o
                0x000018ec                . = ALIGN (0x4)
                0x000018ec                __preinit_array_start = .
 *(.preinit_array)
                0x000018ec                __preinit_array_end = .
                0x000018ec                . = ALIGN (0x4)
                0x000018ec                __init_array_start = .
 *(SORT(.init_array.*))
 *(.init_array)
 .init_array    0x000018ec        0x4 c:/program files (x86)/cypress/psoc creator/4.1/psoc creator/import/gnu/arm/5.4.1/bin/../lib/gcc/arm-none-eabi/5.4.1/armv7-m/crtbegin.o
 .init_array    0x000018f0        0x4 .\CortexM3\ARM_GCC_541\Debug\Cm3Start.o
                0x000018f4                __init_array_end = .
                0x000018f4                . = ALIGN (0x4)
 *(.fini)
 .fini          0x000018f4        0x4 c:/program files (x86)/cypress/psoc creator/4.1/psoc creator/import/gnu/arm/5.4.1/bin/../lib/gcc/arm-none-eabi/5.4.1/armv7-m/crti.o
                0x000018f4                _fini
 .fini          0x000018f8        0x8 c:/program files (x86)/cypress/psoc creator/4.1/psoc creator/import/gnu/arm/5.4.1/bin/../lib/gcc/arm-none-eabi/5.4.1/armv7-m/crtn.o
                0x00001900                . = ALIGN (0x4)
                0x00001900                __fini_array_start = .
 *(.fini_array)
 .fini_array    0x00001900        0x4 c:/program files (x86)/cypress/psoc creator/4.1/psoc creator/import/gnu/arm/5.4.1/bin/../lib/gcc/arm-none-eabi/5.4.1/armv7-m/crtbegin.o
 *(SORT(.fini_array.*))
                0x00001904                __fini_array_end = .
                0x00001904                . = ALIGN (0x4)
 *crtbegin.o(.ctors)
 *(EXCLUDE_FILE(*crtend.o) .ctors)
 *(SORT(.ctors.*))
 *crtend.o(.ctors)
                0x00001904                . = ALIGN (0x4)
 *crtbegin.o(.dtors)
 *(EXCLUDE_FILE(*crtend.o) .dtors)
 *(SORT(.dtors.*))
 *crtend.o(.dtors)
                0x00001904                . = ALIGN (0x4)
                0x00001904                __cy_regions = .
                0x00001904        0x4 LONG 0x1918 __cy_region_init_ram
                0x00001908        0x4 LONG 0x1fff80c8 __cy_region_start_data
                0x0000190c        0x4 LONG 0x78 __cy_region_init_size_ram
                0x00001910        0x4 LONG 0x40 __cy_region_zero_size_ram
                0x00001914                __cy_regions_end = .
                0x00001918                . = ALIGN (0x8)
 *fill*         0x00001914        0x4 
                0x00001918                _etext = .

.cy_checksum_exclude
                0x00001918        0x0
 *(.cy_checksum_exclude)

.ramvectors     0x1fff8000       0xc0
                0x1fff8000                __cy_region_start_ram = .
 *(.ramvectors)
 .ramvectors    0x1fff8000       0xc0 .\CortexM3\ARM_GCC_541\Debug\Cm3Start.o
                0x1fff8000                CyRamVectors

.noinit         0x1fff80c0        0x1
 *(.noinit)
 .noinit        0x1fff80c0        0x1 .\CortexM3\ARM_GCC_541\Debug\DCBRUSHLESSMOTOR.a(CyLib.o)
                0x1fff80c0                CyResetStatus

.data           0x1fff80c8       0x78 load address 0x00001918
                0x1fff80c8                __cy_region_start_data = .
 *(.jcr)
 .jcr           0x1fff80c8        0x0 c:/program files (x86)/cypress/psoc creator/4.1/psoc creator/import/gnu/arm/5.4.1/bin/../lib/gcc/arm-none-eabi/5.4.1/armv7-m/crtbegin.o
 .jcr           0x1fff80c8        0x4 c:/program files (x86)/cypress/psoc creator/4.1/psoc creator/import/gnu/arm/5.4.1/bin/../lib/gcc/arm-none-eabi/5.4.1/armv7-m/crtend.o
 *(.got.plt)
 *(.got)
 *(.shdata)
 *(.data .data.* .gnu.linkonce.d.*)
 .data          0x1fff80cc       0x10 .\CortexM3\ARM_GCC_541\Debug\DCBRUSHLESSMOTOR.a(CyLib.o)
                0x1fff80cc                cydelay_32k_ms
                0x1fff80d0                cydelay_freq_khz
                0x1fff80d4                cydelay_freq_mhz
                0x1fff80d8                cydelay_freq_hz
 .data.impure_data
                0x1fff80dc       0x60 c:/program files (x86)/cypress/psoc creator/4.1/psoc creator/import/gnu/arm/5.4.1/bin/../lib/gcc/arm-none-eabi/5.4.1/../../../../arm-none-eabi/lib/armv7-m\libg_nano.a(lib_a-impure.o)
 .data._impure_ptr
                0x1fff813c        0x4 c:/program files (x86)/cypress/psoc creator/4.1/psoc creator/import/gnu/arm/5.4.1/bin/../lib/gcc/arm-none-eabi/5.4.1/../../../../arm-none-eabi/lib/armv7-m\libg_nano.a(lib_a-impure.o)
                0x1fff813c                _impure_ptr
                0x1fff8140                . = ALIGN (0x8)
 *(.ram)
                0x1fff8140                _edata = .

.igot.plt       0x1fff8140        0x0 load address 0x00001990
 .igot.plt      0x1fff8140        0x0 c:/program files (x86)/cypress/psoc creator/4.1/psoc creator/import/gnu/arm/5.4.1/bin/../lib/gcc/arm-none-eabi/5.4.1/armv7-m/crtbegin.o

.bss            0x1fff8140       0x40 load address 0x00001990
                0x1fff8140                PROVIDE (__bss_start__, .)
 *(.shbss)
 *(.bss .bss.* .gnu.linkonce.b.*)
 .bss           0x1fff8140       0x1c c:/program files (x86)/cypress/psoc creator/4.1/psoc creator/import/gnu/arm/5.4.1/bin/../lib/gcc/arm-none-eabi/5.4.1/armv7-m/crtbegin.o
 .bss           0x1fff815c        0x2 .\CortexM3\ARM_GCC_541\Debug\DCBRUSHLESSMOTOR.a(LCD_Char_1.o)
                0x1fff815c                LCD_Char_1_enableState
                0x1fff815d                LCD_Char_1_initVar
 .bss           0x1fff815e        0x1 .\CortexM3\ARM_GCC_541\Debug\DCBRUSHLESSMOTOR.a(ADC_SAR_1.o)
                0x1fff815e                ADC_SAR_1_initVar
 .bss           0x1fff815f        0x1 .\CortexM3\ARM_GCC_541\Debug\DCBRUSHLESSMOTOR.a(Counter_1.o)
                0x1fff815f                Counter_1_initVar
 .bss           0x1fff8160        0x1 .\CortexM3\ARM_GCC_541\Debug\DCBRUSHLESSMOTOR.a(QuadDec_1.o)
                0x1fff8160                QuadDec_1_initVar
 .bss           0x1fff8161        0x1 .\CortexM3\ARM_GCC_541\Debug\DCBRUSHLESSMOTOR.a(QuadDec_1_Cnt16.o)
                0x1fff8161                QuadDec_1_Cnt16_initVar
 .bss           0x1fff8162        0x1 .\CortexM3\ARM_GCC_541\Debug\DCBRUSHLESSMOTOR.a(ADC_SAR_2.o)
                0x1fff8162                ADC_SAR_2_initVar
 *(COMMON)
 *fill*         0x1fff8163        0x1 
 COMMON         0x1fff8164        0xa .\CortexM3\ARM_GCC_541\Debug\DCBRUSHLESSMOTOR.a(ADC_SAR_1.o)
                0x1fff8164                ADC_SAR_1_countsPerVolt
                0x1fff8166                ADC_SAR_1_shift
                0x1fff8168                ADC_SAR_1_countsPer10Volt
                0x1fff816c                ADC_SAR_1_offset
 *fill*         0x1fff816e        0x2 
 COMMON         0x1fff8170        0xa .\CortexM3\ARM_GCC_541\Debug\DCBRUSHLESSMOTOR.a(ADC_SAR_2.o)
                0x1fff8170                ADC_SAR_2_countsPer10Volt
                0x1fff8174                ADC_SAR_2_shift
                0x1fff8176                ADC_SAR_2_offset
                0x1fff8178                ADC_SAR_2_countsPerVolt
                0x1fff8180                . = ALIGN (0x8)
 *fill*         0x1fff817a        0x6 
 *(.ram.b)
                0x1fff8180                _end = .
                0x1fff8180                __end = .
                0x1fff8180                PROVIDE (end, .)
                0x1fff8180                PROVIDE (__bss_end__, .)
                0x00001918                __cy_region_init_ram = LOADADDR (.data)
                0x00000078                __cy_region_init_size_ram = (_edata - ADDR (.data))
                0x00000040                __cy_region_zero_size_ram = (_end - _edata)

.heap           0x1fff8180       0x80 load address 0x00001990
                0x1fff8180                . = _end
                0x1fff8200                . = (. + 0x80)
 *fill*         0x1fff8180       0x80 
                0x1fff8200                __cy_heap_limit = .

.stack          0x20007800      0x800
                0x20007800                __cy_stack_limit = .
                0x20008000                . = (. + 0x800)
 *fill*         0x20007800      0x800 
                0x00000001                ASSERT ((__cy_stack_limit >= __cy_heap_limit), region RAM overflowed with stack)
                0x00000000                cy_checksum_exclude_size = (CY_APPL_LOADABLE == 0x1)?SIZEOF (.cy_checksum_exclude):0x0
                0x00000001                ASSERT ((cy_checksum_exclude_size <= CY_CHECKSUM_EXCLUDE_SIZE), CY_BOOT: Section .cy_checksum_exclude size exceedes specified limit.)

.cyloadermeta
 *(.cyloadermeta)

.cyloadablemeta
 *(.cyloadablemeta)

.cyconfigecc    0x80000000      0x448
 *(.cyconfigecc)
 .cyconfigecc   0x80000000      0x448 .\CortexM3\ARM_GCC_541\Debug\cymetadata.o
                0x80000000                cy_meta_configecc

.cycustnvl      0x90000000        0x4
 *(.cycustnvl)
 .cycustnvl     0x90000000        0x4 .\CortexM3\ARM_GCC_541\Debug\cymetadata.o
                0x90000000                cy_meta_custnvl

.cywolatch      0x90100000        0x4
 *(.cywolatch)
 .cywolatch     0x90100000        0x4 .\CortexM3\ARM_GCC_541\Debug\cymetadata.o
                0x90100000                cy_meta_wonvl

.cyeeprom       0x90200000        0x0
 *(.cyeeprom)
                0x00000001                ASSERT ((. <= ((0x90200000 + ee_offset) + ee_size)), .cyeeprom data will not fit in EEPROM)

.cyflashprotect
                0x90400000      0x100
 *(.cyflashprotect)
 .cyflashprotect
                0x90400000      0x100 .\CortexM3\ARM_GCC_541\Debug\cymetadata.o
                0x90400000                cy_meta_flashprotect

.cymeta         0x90500000        0xc
 *(.cymeta)
 .cymeta        0x90500000        0xc .\CortexM3\ARM_GCC_541\Debug\cymetadata.o
                0x90500000                cy_metadata

.rel.dyn        0x00001990        0x0 load address 0x9050000c
 .rel.iplt      0x00001990        0x0 c:/program files (x86)/cypress/psoc creator/4.1/psoc creator/import/gnu/arm/5.4.1/bin/../lib/gcc/arm-none-eabi/5.4.1/armv7-m/crtbegin.o

.stab
 *(.stab)

.stabstr
 *(.stabstr)

.debug
 *(.debug)

.line
 *(.line)

.debug_srcinfo
 *(.debug_srcinfo)

.debug_sfnames
 *(.debug_sfnames)

.debug_aranges  0x00000000      0xa40
 *(.debug_aranges)
 .debug_aranges
                0x00000000       0x30 .\CortexM3\ARM_GCC_541\Debug\main.o
 .debug_aranges
                0x00000030       0x58 .\CortexM3\ARM_GCC_541\Debug\cyfitter_cfg.o
 .debug_aranges
                0x00000088       0x18 .\CortexM3\ARM_GCC_541\Debug\cymetadata.o
 .debug_aranges
                0x000000a0       0x48 .\CortexM3\ARM_GCC_541\Debug\Cm3Start.o
 .debug_aranges
                0x000000e8       0x98 .\CortexM3\ARM_GCC_541\Debug\DCBRUSHLESSMOTOR.a(LCD_Char_1.o)
 .debug_aranges
                0x00000180      0x2a0 .\CortexM3\ARM_GCC_541\Debug\DCBRUSHLESSMOTOR.a(CyLib.o)
 .debug_aranges
                0x00000420       0x98 .\CortexM3\ARM_GCC_541\Debug\DCBRUSHLESSMOTOR.a(cyPm.o)
 .debug_aranges
                0x000004b8       0xa8 .\CortexM3\ARM_GCC_541\Debug\DCBRUSHLESSMOTOR.a(ADC_SAR_1.o)
 .debug_aranges
                0x00000560       0x20 .\CortexM3\ARM_GCC_541\Debug\DCBRUSHLESSMOTOR.a(ADC_SAR_1_INT.o)
 .debug_aranges
                0x00000580       0x70 .\CortexM3\ARM_GCC_541\Debug\DCBRUSHLESSMOTOR.a(ADC_SAR_1_theACLK.o)
 .debug_aranges
                0x000005f0       0x98 .\CortexM3\ARM_GCC_541\Debug\DCBRUSHLESSMOTOR.a(Counter_1.o)
 .debug_aranges
                0x00000688       0x60 .\CortexM3\ARM_GCC_541\Debug\DCBRUSHLESSMOTOR.a(QuadDec_1.o)
 .debug_aranges
                0x000006e8       0x98 .\CortexM3\ARM_GCC_541\Debug\DCBRUSHLESSMOTOR.a(QuadDec_1_Cnt16.o)
 .debug_aranges
                0x00000780       0x38 .\CortexM3\ARM_GCC_541\Debug\DCBRUSHLESSMOTOR.a(Pin_0_0.o)
 .debug_aranges
                0x000007b8       0x38 .\CortexM3\ARM_GCC_541\Debug\DCBRUSHLESSMOTOR.a(Pin_3_0.o)
 .debug_aranges
                0x000007f0       0xa8 .\CortexM3\ARM_GCC_541\Debug\DCBRUSHLESSMOTOR.a(ADC_SAR_2.o)
 .debug_aranges
                0x00000898       0x20 .\CortexM3\ARM_GCC_541\Debug\DCBRUSHLESSMOTOR.a(ADC_SAR_2_INT.o)
 .debug_aranges
                0x000008b8       0x70 .\CortexM3\ARM_GCC_541\Debug\DCBRUSHLESSMOTOR.a(ADC_SAR_2_theACLK.o)
 .debug_aranges
                0x00000928       0x20 .\CortexM3\ARM_GCC_541\Debug\DCBRUSHLESSMOTOR.a(CyBootAsmGnu.o)
 .debug_aranges
                0x00000948       0x80 .\CortexM3\ARM_GCC_541\Debug\DCBRUSHLESSMOTOR.a(CyFlash.o)
 .debug_aranges
                0x000009c8       0x78 .\CortexM3\ARM_GCC_541\Debug\DCBRUSHLESSMOTOR.a(CySpc.o)

.debug_pubnames
 *(.debug_pubnames)

.debug_info     0x00000000     0x5e07
 *(.debug_info .gnu.linkonce.wi.*)
 .debug_info    0x00000000      0x5cf .\CortexM3\ARM_GCC_541\Debug\main.o
 .debug_info    0x000005cf      0x62a .\CortexM3\ARM_GCC_541\Debug\cyfitter_cfg.o
 .debug_info    0x00000bf9      0x135 .\CortexM3\ARM_GCC_541\Debug\cymetadata.o
 .debug_info    0x00000d2e      0x3bb .\CortexM3\ARM_GCC_541\Debug\Cm3Start.o
 .debug_info    0x000010e9      0x715 .\CortexM3\ARM_GCC_541\Debug\DCBRUSHLESSMOTOR.a(LCD_Char_1.o)
 .debug_info    0x000017fe     0x1374 .\CortexM3\ARM_GCC_541\Debug\DCBRUSHLESSMOTOR.a(CyLib.o)
 .debug_info    0x00002b72      0xa2a .\CortexM3\ARM_GCC_541\Debug\DCBRUSHLESSMOTOR.a(cyPm.o)
 .debug_info    0x0000359c      0x5c0 .\CortexM3\ARM_GCC_541\Debug\DCBRUSHLESSMOTOR.a(ADC_SAR_1.o)
 .debug_info    0x00003b5c       0x92 .\CortexM3\ARM_GCC_541\Debug\DCBRUSHLESSMOTOR.a(ADC_SAR_1_INT.o)
 .debug_info    0x00003bee      0x283 .\CortexM3\ARM_GCC_541\Debug\DCBRUSHLESSMOTOR.a(ADC_SAR_1_theACLK.o)
 .debug_info    0x00003e71      0x327 .\CortexM3\ARM_GCC_541\Debug\DCBRUSHLESSMOTOR.a(Counter_1.o)
 .debug_info    0x00004198      0x2d4 .\CortexM3\ARM_GCC_541\Debug\DCBRUSHLESSMOTOR.a(QuadDec_1.o)
 .debug_info    0x0000446c      0x348 .\CortexM3\ARM_GCC_541\Debug\DCBRUSHLESSMOTOR.a(QuadDec_1_Cnt16.o)
 .debug_info    0x000047b4      0x11f .\CortexM3\ARM_GCC_541\Debug\DCBRUSHLESSMOTOR.a(Pin_0_0.o)
 .debug_info    0x000048d3      0x11f .\CortexM3\ARM_GCC_541\Debug\DCBRUSHLESSMOTOR.a(Pin_3_0.o)
 .debug_info    0x000049f2      0x5c0 .\CortexM3\ARM_GCC_541\Debug\DCBRUSHLESSMOTOR.a(ADC_SAR_2.o)
 .debug_info    0x00004fb2       0x92 .\CortexM3\ARM_GCC_541\Debug\DCBRUSHLESSMOTOR.a(ADC_SAR_2_INT.o)
 .debug_info    0x00005044      0x283 .\CortexM3\ARM_GCC_541\Debug\DCBRUSHLESSMOTOR.a(ADC_SAR_2_theACLK.o)
 .debug_info    0x000052c7       0x9f .\CortexM3\ARM_GCC_541\Debug\DCBRUSHLESSMOTOR.a(CyBootAsmGnu.o)
 .debug_info    0x00005366      0x5b8 .\CortexM3\ARM_GCC_541\Debug\DCBRUSHLESSMOTOR.a(CyFlash.o)
 .debug_info    0x0000591e      0x4e9 .\CortexM3\ARM_GCC_541\Debug\DCBRUSHLESSMOTOR.a(CySpc.o)

.debug_abbrev   0x00000000     0x1918
 *(.debug_abbrev)
 .debug_abbrev  0x00000000      0x13a .\CortexM3\ARM_GCC_541\Debug\main.o
 .debug_abbrev  0x0000013a      0x20d .\CortexM3\ARM_GCC_541\Debug\cyfitter_cfg.o
 .debug_abbrev  0x00000347       0x66 .\CortexM3\ARM_GCC_541\Debug\cymetadata.o
 .debug_abbrev  0x000003ad      0x1e8 .\CortexM3\ARM_GCC_541\Debug\Cm3Start.o
 .debug_abbrev  0x00000595      0x157 .\CortexM3\ARM_GCC_541\Debug\DCBRUSHLESSMOTOR.a(LCD_Char_1.o)
 .debug_abbrev  0x000006ec      0x254 .\CortexM3\ARM_GCC_541\Debug\DCBRUSHLESSMOTOR.a(CyLib.o)
 .debug_abbrev  0x00000940      0x1ab .\CortexM3\ARM_GCC_541\Debug\DCBRUSHLESSMOTOR.a(cyPm.o)
 .debug_abbrev  0x00000aeb      0x1ac .\CortexM3\ARM_GCC_541\Debug\DCBRUSHLESSMOTOR.a(ADC_SAR_1.o)
 .debug_abbrev  0x00000c97       0x42 .\CortexM3\ARM_GCC_541\Debug\DCBRUSHLESSMOTOR.a(ADC_SAR_1_INT.o)
 .debug_abbrev  0x00000cd9      0x139 .\CortexM3\ARM_GCC_541\Debug\DCBRUSHLESSMOTOR.a(ADC_SAR_1_theACLK.o)
 .debug_abbrev  0x00000e12      0x117 .\CortexM3\ARM_GCC_541\Debug\DCBRUSHLESSMOTOR.a(Counter_1.o)
 .debug_abbrev  0x00000f29      0x151 .\CortexM3\ARM_GCC_541\Debug\DCBRUSHLESSMOTOR.a(QuadDec_1.o)
 .debug_abbrev  0x0000107a      0x117 .\CortexM3\ARM_GCC_541\Debug\DCBRUSHLESSMOTOR.a(QuadDec_1_Cnt16.o)
 .debug_abbrev  0x00001191       0x90 .\CortexM3\ARM_GCC_541\Debug\DCBRUSHLESSMOTOR.a(Pin_0_0.o)
 .debug_abbrev  0x00001221       0x90 .\CortexM3\ARM_GCC_541\Debug\DCBRUSHLESSMOTOR.a(Pin_3_0.o)
 .debug_abbrev  0x000012b1      0x1ac .\CortexM3\ARM_GCC_541\Debug\DCBRUSHLESSMOTOR.a(ADC_SAR_2.o)
 .debug_abbrev  0x0000145d       0x42 .\CortexM3\ARM_GCC_541\Debug\DCBRUSHLESSMOTOR.a(ADC_SAR_2_INT.o)
 .debug_abbrev  0x0000149f      0x139 .\CortexM3\ARM_GCC_541\Debug\DCBRUSHLESSMOTOR.a(ADC_SAR_2_theACLK.o)
 .debug_abbrev  0x000015d8       0x14 .\CortexM3\ARM_GCC_541\Debug\DCBRUSHLESSMOTOR.a(CyBootAsmGnu.o)
 .debug_abbrev  0x000015ec      0x198 .\CortexM3\ARM_GCC_541\Debug\DCBRUSHLESSMOTOR.a(CyFlash.o)
 .debug_abbrev  0x00001784      0x194 .\CortexM3\ARM_GCC_541\Debug\DCBRUSHLESSMOTOR.a(CySpc.o)

.debug_line     0x00000000     0x26ef
 *(.debug_line)
 .debug_line    0x00000000      0x236 .\CortexM3\ARM_GCC_541\Debug\main.o
 .debug_line    0x00000236      0x20f .\CortexM3\ARM_GCC_541\Debug\cyfitter_cfg.o
 .debug_line    0x00000445      0x141 .\CortexM3\ARM_GCC_541\Debug\cymetadata.o
 .debug_line    0x00000586      0x234 .\CortexM3\ARM_GCC_541\Debug\Cm3Start.o
 .debug_line    0x000007ba      0x1e3 .\CortexM3\ARM_GCC_541\Debug\DCBRUSHLESSMOTOR.a(LCD_Char_1.o)
 .debug_line    0x0000099d      0x816 .\CortexM3\ARM_GCC_541\Debug\DCBRUSHLESSMOTOR.a(CyLib.o)
 .debug_line    0x000011b3      0x367 .\CortexM3\ARM_GCC_541\Debug\DCBRUSHLESSMOTOR.a(cyPm.o)
 .debug_line    0x0000151a      0x220 .\CortexM3\ARM_GCC_541\Debug\DCBRUSHLESSMOTOR.a(ADC_SAR_1.o)
 .debug_line    0x0000173a       0x56 .\CortexM3\ARM_GCC_541\Debug\DCBRUSHLESSMOTOR.a(ADC_SAR_1_INT.o)
 .debug_line    0x00001790      0x180 .\CortexM3\ARM_GCC_541\Debug\DCBRUSHLESSMOTOR.a(ADC_SAR_1_theACLK.o)
 .debug_line    0x00001910      0x189 .\CortexM3\ARM_GCC_541\Debug\DCBRUSHLESSMOTOR.a(Counter_1.o)
 .debug_line    0x00001a99      0x11e .\CortexM3\ARM_GCC_541\Debug\DCBRUSHLESSMOTOR.a(QuadDec_1.o)
 .debug_line    0x00001bb7      0x18f .\CortexM3\ARM_GCC_541\Debug\DCBRUSHLESSMOTOR.a(QuadDec_1_Cnt16.o)
 .debug_line    0x00001d46       0x94 .\CortexM3\ARM_GCC_541\Debug\DCBRUSHLESSMOTOR.a(Pin_0_0.o)
 .debug_line    0x00001dda       0x94 .\CortexM3\ARM_GCC_541\Debug\DCBRUSHLESSMOTOR.a(Pin_3_0.o)
 .debug_line    0x00001e6e      0x220 .\CortexM3\ARM_GCC_541\Debug\DCBRUSHLESSMOTOR.a(ADC_SAR_2.o)
 .debug_line    0x0000208e       0x56 .\CortexM3\ARM_GCC_541\Debug\DCBRUSHLESSMOTOR.a(ADC_SAR_2_INT.o)
 .debug_line    0x000020e4      0x180 .\CortexM3\ARM_GCC_541\Debug\DCBRUSHLESSMOTOR.a(ADC_SAR_2_theACLK.o)
 .debug_line    0x00002264       0x66 .\CortexM3\ARM_GCC_541\Debug\DCBRUSHLESSMOTOR.a(CyBootAsmGnu.o)
 .debug_line    0x000022ca      0x1e9 .\CortexM3\ARM_GCC_541\Debug\DCBRUSHLESSMOTOR.a(CyFlash.o)
 .debug_line    0x000024b3      0x23c .\CortexM3\ARM_GCC_541\Debug\DCBRUSHLESSMOTOR.a(CySpc.o)

.debug_frame    0x00000000     0x1a9c
 *(.debug_frame)
 .debug_frame   0x00000000       0x7c .\CortexM3\ARM_GCC_541\Debug\main.o
 .debug_frame   0x0000007c       0xfc .\CortexM3\ARM_GCC_541\Debug\cyfitter_cfg.o
 .debug_frame   0x00000178       0xb8 .\CortexM3\ARM_GCC_541\Debug\Cm3Start.o
 .debug_frame   0x00000230      0x1e8 .\CortexM3\ARM_GCC_541\Debug\DCBRUSHLESSMOTOR.a(LCD_Char_1.o)
 .debug_frame   0x00000418      0x738 .\CortexM3\ARM_GCC_541\Debug\DCBRUSHLESSMOTOR.a(CyLib.o)
 .debug_frame   0x00000b50      0x1f8 .\CortexM3\ARM_GCC_541\Debug\DCBRUSHLESSMOTOR.a(cyPm.o)
 .debug_frame   0x00000d48      0x1b0 .\CortexM3\ARM_GCC_541\Debug\DCBRUSHLESSMOTOR.a(ADC_SAR_1.o)
 .debug_frame   0x00000ef8       0x20 .\CortexM3\ARM_GCC_541\Debug\DCBRUSHLESSMOTOR.a(ADC_SAR_1_INT.o)
 .debug_frame   0x00000f18       0xe0 .\CortexM3\ARM_GCC_541\Debug\DCBRUSHLESSMOTOR.a(ADC_SAR_1_theACLK.o)
 .debug_frame   0x00000ff8      0x134 .\CortexM3\ARM_GCC_541\Debug\DCBRUSHLESSMOTOR.a(Counter_1.o)
 .debug_frame   0x0000112c       0xdc .\CortexM3\ARM_GCC_541\Debug\DCBRUSHLESSMOTOR.a(QuadDec_1.o)
 .debug_frame   0x00001208      0x134 .\CortexM3\ARM_GCC_541\Debug\DCBRUSHLESSMOTOR.a(QuadDec_1_Cnt16.o)
 .debug_frame   0x0000133c       0x50 .\CortexM3\ARM_GCC_541\Debug\DCBRUSHLESSMOTOR.a(Pin_0_0.o)
 .debug_frame   0x0000138c       0x50 .\CortexM3\ARM_GCC_541\Debug\DCBRUSHLESSMOTOR.a(Pin_3_0.o)
 .debug_frame   0x000013dc      0x1b4 .\CortexM3\ARM_GCC_541\Debug\DCBRUSHLESSMOTOR.a(ADC_SAR_2.o)
 .debug_frame   0x00001590       0x20 .\CortexM3\ARM_GCC_541\Debug\DCBRUSHLESSMOTOR.a(ADC_SAR_2_INT.o)
 .debug_frame   0x000015b0       0xe0 .\CortexM3\ARM_GCC_541\Debug\DCBRUSHLESSMOTOR.a(ADC_SAR_2_theACLK.o)
 .debug_frame   0x00001690      0x174 .\CortexM3\ARM_GCC_541\Debug\DCBRUSHLESSMOTOR.a(CyFlash.o)
 .debug_frame   0x00001804      0x160 .\CortexM3\ARM_GCC_541\Debug\DCBRUSHLESSMOTOR.a(CySpc.o)
 .debug_frame   0x00001964       0x44 c:/program files (x86)/cypress/psoc creator/4.1/psoc creator/import/gnu/arm/5.4.1/bin/../lib/gcc/arm-none-eabi/5.4.1/armv7-m\libgcc.a(_aeabi_ldivmod.o)
 .debug_frame   0x000019a8       0x38 c:/program files (x86)/cypress/psoc creator/4.1/psoc creator/import/gnu/arm/5.4.1/bin/../lib/gcc/arm-none-eabi/5.4.1/armv7-m\libgcc.a(_udivmoddi4.o)
 .debug_frame   0x000019e0       0x20 c:/program files (x86)/cypress/psoc creator/4.1/psoc creator/import/gnu/arm/5.4.1/bin/../lib/gcc/arm-none-eabi/5.4.1/../../../../arm-none-eabi/lib/armv7-m\libg_nano.a(lib_a-errno.o)
 .debug_frame   0x00001a00       0x28 c:/program files (x86)/cypress/psoc creator/4.1/psoc creator/import/gnu/arm/5.4.1/bin/../lib/gcc/arm-none-eabi/5.4.1/../../../../arm-none-eabi/lib/armv7-m\libg_nano.a(lib_a-exit.o)
 .debug_frame   0x00001a28       0x2c c:/program files (x86)/cypress/psoc creator/4.1/psoc creator/import/gnu/arm/5.4.1/bin/../lib/gcc/arm-none-eabi/5.4.1/../../../../arm-none-eabi/lib/armv7-m\libg_nano.a(lib_a-init.o)
 .debug_frame   0x00001a54       0x28 c:/program files (x86)/cypress/psoc creator/4.1/psoc creator/import/gnu/arm/5.4.1/bin/../lib/gcc/arm-none-eabi/5.4.1/../../../../arm-none-eabi/lib/armv7-m\libg_nano.a(lib_a-memcpy-stub.o)
 .debug_frame   0x00001a7c       0x20 c:/program files (x86)/cypress/psoc creator/4.1/psoc creator/import/gnu/arm/5.4.1/bin/../lib/gcc/arm-none-eabi/5.4.1/../../../../arm-none-eabi/lib/armv7-m\libg_nano.a(lib_a-memset.o)

.debug_str      0x00000000     0x2391
 *(.debug_str)
 .debug_str     0x00000000      0x3d3 .\CortexM3\ARM_GCC_541\Debug\main.o
                                0x42d (size before relaxing)
 .debug_str     0x000003d3      0x1a2 .\CortexM3\ARM_GCC_541\Debug\cyfitter_cfg.o
                                0x363 (size before relaxing)
 .debug_str     0x00000575       0x7f .\CortexM3\ARM_GCC_541\Debug\cymetadata.o
                                0x1f3 (size before relaxing)
 .debug_str     0x000005f4      0x13e .\CortexM3\ARM_GCC_541\Debug\Cm3Start.o
                                0x319 (size before relaxing)
 .debug_str     0x00000732      0x18f .\CortexM3\ARM_GCC_541\Debug\DCBRUSHLESSMOTOR.a(LCD_Char_1.o)
                                0x3c6 (size before relaxing)
 .debug_str     0x000008c1      0x824 .\CortexM3\ARM_GCC_541\Debug\DCBRUSHLESSMOTOR.a(CyLib.o)
                                0xa56 (size before relaxing)
 .debug_str     0x000010e5      0x365 .\CortexM3\ARM_GCC_541\Debug\DCBRUSHLESSMOTOR.a(cyPm.o)
                                0x742 (size before relaxing)
 .debug_str     0x0000144a      0x246 .\CortexM3\ARM_GCC_541\Debug\DCBRUSHLESSMOTOR.a(ADC_SAR_1.o)
                                0x4cc (size before relaxing)
 .debug_str     0x00001690       0x35 .\CortexM3\ARM_GCC_541\Debug\DCBRUSHLESSMOTOR.a(ADC_SAR_1_INT.o)
                                0x1aa (size before relaxing)
 .debug_str     0x000016c5      0x1b8 .\CortexM3\ARM_GCC_541\Debug\DCBRUSHLESSMOTOR.a(ADC_SAR_1_theACLK.o)
                                0x375 (size before relaxing)
 .debug_str     0x0000187d      0x1b6 .\CortexM3\ARM_GCC_541\Debug\DCBRUSHLESSMOTOR.a(Counter_1.o)
                                0x3a6 (size before relaxing)
 .debug_str     0x00001a33      0x12e .\CortexM3\ARM_GCC_541\Debug\DCBRUSHLESSMOTOR.a(QuadDec_1.o)
                                0x34a (size before relaxing)
 .debug_str     0x00001b61      0x1bf .\CortexM3\ARM_GCC_541\Debug\DCBRUSHLESSMOTOR.a(QuadDec_1_Cnt16.o)
                                0x425 (size before relaxing)
 .debug_str     0x00001d20       0x55 .\CortexM3\ARM_GCC_541\Debug\DCBRUSHLESSMOTOR.a(Pin_0_0.o)
                                0x1fb (size before relaxing)
 .debug_str     0x00001d75       0x4a .\CortexM3\ARM_GCC_541\Debug\DCBRUSHLESSMOTOR.a(Pin_3_0.o)
                                0x1fb (size before relaxing)
 .debug_str     0x00001dbf      0x1e8 .\CortexM3\ARM_GCC_541\Debug\DCBRUSHLESSMOTOR.a(ADC_SAR_2.o)
                                0x4cc (size before relaxing)
 .debug_str     0x00001fa7       0x35 .\CortexM3\ARM_GCC_541\Debug\DCBRUSHLESSMOTOR.a(ADC_SAR_2_INT.o)
                                0x1aa (size before relaxing)
 .debug_str     0x00001fdc      0x16d .\CortexM3\ARM_GCC_541\Debug\DCBRUSHLESSMOTOR.a(ADC_SAR_2_theACLK.o)
                                0x375 (size before relaxing)
 .debug_str     0x00002149      0x19c .\CortexM3\ARM_GCC_541\Debug\DCBRUSHLESSMOTOR.a(CyFlash.o)
                                0x3b0 (size before relaxing)
 .debug_str     0x000022e5       0xac .\CortexM3\ARM_GCC_541\Debug\DCBRUSHLESSMOTOR.a(CySpc.o)
                                0x339 (size before relaxing)

.debug_loc      0x00000000     0x27d0
 *(.debug_loc)
 .debug_loc     0x00000000      0x22e .\CortexM3\ARM_GCC_541\Debug\main.o
 .debug_loc     0x0000022e      0x280 .\CortexM3\ARM_GCC_541\Debug\cyfitter_cfg.o
 .debug_loc     0x000004ae      0x144 .\CortexM3\ARM_GCC_541\Debug\Cm3Start.o
 .debug_loc     0x000005f2      0x3c6 .\CortexM3\ARM_GCC_541\Debug\DCBRUSHLESSMOTOR.a(LCD_Char_1.o)
 .debug_loc     0x000009b8      0xa11 .\CortexM3\ARM_GCC_541\Debug\DCBRUSHLESSMOTOR.a(CyLib.o)
 .debug_loc     0x000013c9      0x1e4 .\CortexM3\ARM_GCC_541\Debug\DCBRUSHLESSMOTOR.a(cyPm.o)
 .debug_loc     0x000015ad      0x295 .\CortexM3\ARM_GCC_541\Debug\DCBRUSHLESSMOTOR.a(ADC_SAR_1.o)
 .debug_loc     0x00001842      0x128 .\CortexM3\ARM_GCC_541\Debug\DCBRUSHLESSMOTOR.a(ADC_SAR_1_theACLK.o)
 .debug_loc     0x0000196a       0x31 .\CortexM3\ARM_GCC_541\Debug\DCBRUSHLESSMOTOR.a(Counter_1.o)
 .debug_loc     0x0000199b       0x78 .\CortexM3\ARM_GCC_541\Debug\DCBRUSHLESSMOTOR.a(QuadDec_1.o)
 .debug_loc     0x00001a13       0x3d .\CortexM3\ARM_GCC_541\Debug\DCBRUSHLESSMOTOR.a(QuadDec_1_Cnt16.o)
 .debug_loc     0x00001a50       0x42 .\CortexM3\ARM_GCC_541\Debug\DCBRUSHLESSMOTOR.a(Pin_0_0.o)
 .debug_loc     0x00001a92       0x42 .\CortexM3\ARM_GCC_541\Debug\DCBRUSHLESSMOTOR.a(Pin_3_0.o)
 .debug_loc     0x00001ad4      0x295 .\CortexM3\ARM_GCC_541\Debug\DCBRUSHLESSMOTOR.a(ADC_SAR_2.o)
 .debug_loc     0x00001d69      0x128 .\CortexM3\ARM_GCC_541\Debug\DCBRUSHLESSMOTOR.a(ADC_SAR_2_theACLK.o)
 .debug_loc     0x00001e91      0x2f2 .\CortexM3\ARM_GCC_541\Debug\DCBRUSHLESSMOTOR.a(CyFlash.o)
 .debug_loc     0x00002183      0x64d .\CortexM3\ARM_GCC_541\Debug\DCBRUSHLESSMOTOR.a(CySpc.o)

.debug_macinfo
 *(.debug_macinfo)

.debug_ranges   0x00000000      0x8d8
 *(.debug_ranges)
 .debug_ranges  0x00000000       0x20 .\CortexM3\ARM_GCC_541\Debug\main.o
 .debug_ranges  0x00000020       0x48 .\CortexM3\ARM_GCC_541\Debug\cyfitter_cfg.o
 .debug_ranges  0x00000068       0x38 .\CortexM3\ARM_GCC_541\Debug\Cm3Start.o
 .debug_ranges  0x000000a0       0x88 .\CortexM3\ARM_GCC_541\Debug\DCBRUSHLESSMOTOR.a(LCD_Char_1.o)
 .debug_ranges  0x00000128      0x290 .\CortexM3\ARM_GCC_541\Debug\DCBRUSHLESSMOTOR.a(CyLib.o)
 .debug_ranges  0x000003b8       0x88 .\CortexM3\ARM_GCC_541\Debug\DCBRUSHLESSMOTOR.a(cyPm.o)
 .debug_ranges  0x00000440       0x98 .\CortexM3\ARM_GCC_541\Debug\DCBRUSHLESSMOTOR.a(ADC_SAR_1.o)
 .debug_ranges  0x000004d8       0x10 .\CortexM3\ARM_GCC_541\Debug\DCBRUSHLESSMOTOR.a(ADC_SAR_1_INT.o)
 .debug_ranges  0x000004e8       0x60 .\CortexM3\ARM_GCC_541\Debug\DCBRUSHLESSMOTOR.a(ADC_SAR_1_theACLK.o)
 .debug_ranges  0x00000548       0x88 .\CortexM3\ARM_GCC_541\Debug\DCBRUSHLESSMOTOR.a(Counter_1.o)
 .debug_ranges  0x000005d0       0x50 .\CortexM3\ARM_GCC_541\Debug\DCBRUSHLESSMOTOR.a(QuadDec_1.o)
 .debug_ranges  0x00000620       0x88 .\CortexM3\ARM_GCC_541\Debug\DCBRUSHLESSMOTOR.a(QuadDec_1_Cnt16.o)
 .debug_ranges  0x000006a8       0x28 .\CortexM3\ARM_GCC_541\Debug\DCBRUSHLESSMOTOR.a(Pin_0_0.o)
 .debug_ranges  0x000006d0       0x28 .\CortexM3\ARM_GCC_541\Debug\DCBRUSHLESSMOTOR.a(Pin_3_0.o)
 .debug_ranges  0x000006f8       0x98 .\CortexM3\ARM_GCC_541\Debug\DCBRUSHLESSMOTOR.a(ADC_SAR_2.o)
 .debug_ranges  0x00000790       0x10 .\CortexM3\ARM_GCC_541\Debug\DCBRUSHLESSMOTOR.a(ADC_SAR_2_INT.o)
 .debug_ranges  0x000007a0       0x60 .\CortexM3\ARM_GCC_541\Debug\DCBRUSHLESSMOTOR.a(ADC_SAR_2_theACLK.o)
 .debug_ranges  0x00000800       0x70 .\CortexM3\ARM_GCC_541\Debug\DCBRUSHLESSMOTOR.a(CyFlash.o)
 .debug_ranges  0x00000870       0x68 .\CortexM3\ARM_GCC_541\Debug\DCBRUSHLESSMOTOR.a(CySpc.o)

.comment        0x00000000       0x6e
 .comment       0x00000000       0x6e .\CortexM3\ARM_GCC_541\Debug\main.o
                                 0x6f (size before relaxing)
 .comment       0x0000006e       0x6f .\CortexM3\ARM_GCC_541\Debug\cyfitter_cfg.o
 .comment       0x0000006e       0x6f .\CortexM3\ARM_GCC_541\Debug\cymetadata.o
 .comment       0x0000006e       0x6f .\CortexM3\ARM_GCC_541\Debug\Cm3Start.o
 .comment       0x0000006e       0x6f .\CortexM3\ARM_GCC_541\Debug\DCBRUSHLESSMOTOR.a(LCD_Char_1.o)
 .comment       0x0000006e       0x6f .\CortexM3\ARM_GCC_541\Debug\DCBRUSHLESSMOTOR.a(CyLib.o)
 .comment       0x0000006e       0x6f .\CortexM3\ARM_GCC_541\Debug\DCBRUSHLESSMOTOR.a(cyPm.o)
 .comment       0x0000006e       0x6f .\CortexM3\ARM_GCC_541\Debug\DCBRUSHLESSMOTOR.a(ADC_SAR_1.o)
 .comment       0x0000006e       0x6f .\CortexM3\ARM_GCC_541\Debug\DCBRUSHLESSMOTOR.a(ADC_SAR_1_INT.o)
 .comment       0x0000006e       0x6f .\CortexM3\ARM_GCC_541\Debug\DCBRUSHLESSMOTOR.a(ADC_SAR_1_theACLK.o)
 .comment       0x0000006e       0x6f .\CortexM3\ARM_GCC_541\Debug\DCBRUSHLESSMOTOR.a(Counter_1.o)
 .comment       0x0000006e       0x6f .\CortexM3\ARM_GCC_541\Debug\DCBRUSHLESSMOTOR.a(QuadDec_1.o)
 .comment       0x0000006e       0x6f .\CortexM3\ARM_GCC_541\Debug\DCBRUSHLESSMOTOR.a(QuadDec_1_Cnt16.o)
 .comment       0x0000006e       0x6f .\CortexM3\ARM_GCC_541\Debug\DCBRUSHLESSMOTOR.a(Pin_0_0.o)
 .comment       0x0000006e       0x6f .\CortexM3\ARM_GCC_541\Debug\DCBRUSHLESSMOTOR.a(Pin_3_0.o)
 .comment       0x0000006e       0x6f .\CortexM3\ARM_GCC_541\Debug\DCBRUSHLESSMOTOR.a(ADC_SAR_2.o)
 .comment       0x0000006e       0x6f .\CortexM3\ARM_GCC_541\Debug\DCBRUSHLESSMOTOR.a(ADC_SAR_2_INT.o)
 .comment       0x0000006e       0x6f .\CortexM3\ARM_GCC_541\Debug\DCBRUSHLESSMOTOR.a(ADC_SAR_2_theACLK.o)
 .comment       0x0000006e       0x6f .\CortexM3\ARM_GCC_541\Debug\DCBRUSHLESSMOTOR.a(CyFlash.o)
 .comment       0x0000006e       0x6f .\CortexM3\ARM_GCC_541\Debug\DCBRUSHLESSMOTOR.a(CySpc.o)

.debug_weaknames
 *(.debug_weaknames)

.debug_funcnames
 *(.debug_funcnames)

.debug_typenames
 *(.debug_typenames)

.debug_varnames
 *(.debug_varnames)

.note.gnu.arm.ident
 *(.note.gnu.arm.ident)

.ARM.attributes
                0x00000000       0x29
 *(.ARM.attributes)
 .ARM.attributes
                0x00000000       0x1d c:/program files (x86)/cypress/psoc creator/4.1/psoc creator/import/gnu/arm/5.4.1/bin/../lib/gcc/arm-none-eabi/5.4.1/armv7-m/crti.o
 .ARM.attributes
                0x0000001d       0x2d c:/program files (x86)/cypress/psoc creator/4.1/psoc creator/import/gnu/arm/5.4.1/bin/../lib/gcc/arm-none-eabi/5.4.1/armv7-m/crtbegin.o
 .ARM.attributes
                0x0000004a       0x1b c:/program files (x86)/cypress/psoc creator/4.1/psoc creator/import/gnu/arm/5.4.1/bin/../lib/gcc/arm-none-eabi/5.4.1/../../../../arm-none-eabi/lib/armv7-m/crt0.o
 .ARM.attributes
                0x00000065       0x33 .\CortexM3\ARM_GCC_541\Debug\main.o
 .ARM.attributes
                0x00000098       0x33 .\CortexM3\ARM_GCC_541\Debug\cyfitter_cfg.o
 .ARM.attributes
                0x000000cb       0x33 .\CortexM3\ARM_GCC_541\Debug\cymetadata.o
 .ARM.attributes
                0x000000fe       0x33 .\CortexM3\ARM_GCC_541\Debug\Cm3Start.o
 .ARM.attributes
                0x00000131       0x33 .\CortexM3\ARM_GCC_541\Debug\DCBRUSHLESSMOTOR.a(LCD_Char_1.o)
 .ARM.attributes
                0x00000164       0x33 .\CortexM3\ARM_GCC_541\Debug\DCBRUSHLESSMOTOR.a(CyLib.o)
 .ARM.attributes
                0x00000197       0x33 .\CortexM3\ARM_GCC_541\Debug\DCBRUSHLESSMOTOR.a(cyPm.o)
 .ARM.attributes
                0x000001ca       0x33 .\CortexM3\ARM_GCC_541\Debug\DCBRUSHLESSMOTOR.a(ADC_SAR_1.o)
 .ARM.attributes
                0x000001fd       0x33 .\CortexM3\ARM_GCC_541\Debug\DCBRUSHLESSMOTOR.a(ADC_SAR_1_INT.o)
 .ARM.attributes
                0x00000230       0x33 .\CortexM3\ARM_GCC_541\Debug\DCBRUSHLESSMOTOR.a(ADC_SAR_1_theACLK.o)
 .ARM.attributes
                0x00000263       0x33 .\CortexM3\ARM_GCC_541\Debug\DCBRUSHLESSMOTOR.a(Counter_1.o)
 .ARM.attributes
                0x00000296       0x33 .\CortexM3\ARM_GCC_541\Debug\DCBRUSHLESSMOTOR.a(QuadDec_1.o)
 .ARM.attributes
                0x000002c9       0x33 .\CortexM3\ARM_GCC_541\Debug\DCBRUSHLESSMOTOR.a(QuadDec_1_Cnt16.o)
 .ARM.attributes
                0x000002fc       0x33 .\CortexM3\ARM_GCC_541\Debug\DCBRUSHLESSMOTOR.a(Pin_0_0.o)
 .ARM.attributes
                0x0000032f       0x33 .\CortexM3\ARM_GCC_541\Debug\DCBRUSHLESSMOTOR.a(Pin_3_0.o)
 .ARM.attributes
                0x00000362       0x33 .\CortexM3\ARM_GCC_541\Debug\DCBRUSHLESSMOTOR.a(ADC_SAR_2.o)
 .ARM.attributes
                0x00000395       0x33 .\CortexM3\ARM_GCC_541\Debug\DCBRUSHLESSMOTOR.a(ADC_SAR_2_INT.o)
 .ARM.attributes
                0x000003c8       0x33 .\CortexM3\ARM_GCC_541\Debug\DCBRUSHLESSMOTOR.a(ADC_SAR_2_theACLK.o)
 .ARM.attributes
                0x000003fb       0x21 .\CortexM3\ARM_GCC_541\Debug\DCBRUSHLESSMOTOR.a(CyBootAsmGnu.o)
 .ARM.attributes
                0x0000041c       0x33 .\CortexM3\ARM_GCC_541\Debug\DCBRUSHLESSMOTOR.a(CyFlash.o)
 .ARM.attributes
                0x0000044f       0x33 .\CortexM3\ARM_GCC_541\Debug\DCBRUSHLESSMOTOR.a(CySpc.o)
 .ARM.attributes
                0x00000482       0x1d c:/program files (x86)/cypress/psoc creator/4.1/psoc creator/import/gnu/arm/5.4.1/bin/../lib/gcc/arm-none-eabi/5.4.1/armv7-m\libgcc.a(_arm_addsubdf3.o)
 .ARM.attributes
                0x0000049f       0x1d c:/program files (x86)/cypress/psoc creator/4.1/psoc creator/import/gnu/arm/5.4.1/bin/../lib/gcc/arm-none-eabi/5.4.1/armv7-m\libgcc.a(_arm_muldivdf3.o)
 .ARM.attributes
                0x000004bc       0x1d c:/program files (x86)/cypress/psoc creator/4.1/psoc creator/import/gnu/arm/5.4.1/bin/../lib/gcc/arm-none-eabi/5.4.1/armv7-m\libgcc.a(_arm_fixdfsi.o)
 .ARM.attributes
                0x000004d9       0x1d c:/program files (x86)/cypress/psoc creator/4.1/psoc creator/import/gnu/arm/5.4.1/bin/../lib/gcc/arm-none-eabi/5.4.1/armv7-m\libgcc.a(_arm_addsubsf3.o)
 .ARM.attributes
                0x000004f6       0x1d c:/program files (x86)/cypress/psoc creator/4.1/psoc creator/import/gnu/arm/5.4.1/bin/../lib/gcc/arm-none-eabi/5.4.1/armv7-m\libgcc.a(_arm_muldivsf3.o)
 .ARM.attributes
                0x00000513       0x1d c:/program files (x86)/cypress/psoc creator/4.1/psoc creator/import/gnu/arm/5.4.1/bin/../lib/gcc/arm-none-eabi/5.4.1/armv7-m\libgcc.a(_aeabi_ldivmod.o)
 .ARM.attributes
                0x00000530       0x2d c:/program files (x86)/cypress/psoc creator/4.1/psoc creator/import/gnu/arm/5.4.1/bin/../lib/gcc/arm-none-eabi/5.4.1/armv7-m\libgcc.a(_udivmoddi4.o)
 .ARM.attributes
                0x0000055d       0x1d c:/program files (x86)/cypress/psoc creator/4.1/psoc creator/import/gnu/arm/5.4.1/bin/../lib/gcc/arm-none-eabi/5.4.1/armv7-m\libgcc.a(_dvmd_tls.o)
 .ARM.attributes
                0x0000057a       0x2d c:/program files (x86)/cypress/psoc creator/4.1/psoc creator/import/gnu/arm/5.4.1/bin/../lib/gcc/arm-none-eabi/5.4.1/../../../../arm-none-eabi/lib/armv7-m\libg_nano.a(lib_a-errno.o)
 .ARM.attributes
                0x000005a7       0x2d c:/program files (x86)/cypress/psoc creator/4.1/psoc creator/import/gnu/arm/5.4.1/bin/../lib/gcc/arm-none-eabi/5.4.1/../../../../arm-none-eabi/lib/armv7-m\libg_nano.a(lib_a-exit.o)
 .ARM.attributes
                0x000005d4       0x2d c:/program files (x86)/cypress/psoc creator/4.1/psoc creator/import/gnu/arm/5.4.1/bin/../lib/gcc/arm-none-eabi/5.4.1/../../../../arm-none-eabi/lib/armv7-m\libg_nano.a(lib_a-impure.o)
 .ARM.attributes
                0x00000601       0x2d c:/program files (x86)/cypress/psoc creator/4.1/psoc creator/import/gnu/arm/5.4.1/bin/../lib/gcc/arm-none-eabi/5.4.1/../../../../arm-none-eabi/lib/armv7-m\libg_nano.a(lib_a-init.o)
 .ARM.attributes
                0x0000062e       0x2d c:/program files (x86)/cypress/psoc creator/4.1/psoc creator/import/gnu/arm/5.4.1/bin/../lib/gcc/arm-none-eabi/5.4.1/../../../../arm-none-eabi/lib/armv7-m\libg_nano.a(lib_a-memcpy-stub.o)
 .ARM.attributes
                0x0000065b       0x2d c:/program files (x86)/cypress/psoc creator/4.1/psoc creator/import/gnu/arm/5.4.1/bin/../lib/gcc/arm-none-eabi/5.4.1/../../../../arm-none-eabi/lib/armv7-m\libg_nano.a(lib_a-memset.o)
 .ARM.attributes
                0x00000688       0x2d c:/program files (x86)/cypress/psoc creator/4.1/psoc creator/import/gnu/arm/5.4.1/bin/../lib/gcc/arm-none-eabi/5.4.1/armv7-m/crtend.o
 .ARM.attributes
                0x000006b5       0x1d c:/program files (x86)/cypress/psoc creator/4.1/psoc creator/import/gnu/arm/5.4.1/bin/../lib/gcc/arm-none-eabi/5.4.1/armv7-m/crtn.o

/DISCARD/
 *(.note.GNU-stack)
OUTPUT(C:\Users\monis\Documents\Academics\SA\Lab 4\LAB4.Bundle01\DCBRUSHLESSMOTOR.cydsn\CortexM3\ARM_GCC_541\Debug\DCBRUSHLESSMOTOR.elf elf32-littlearm)
