Archive member included to satisfy reference by file (symbol)

.\CortexM3\ARM_GCC_541\Debug\LASER.a(CyLib.o)
                              .\CortexM3\ARM_GCC_541\Debug\Cm3Start.o (CyHalt)
.\CortexM3\ARM_GCC_541\Debug\LASER.a(cyPm.o)
                              .\CortexM3\ARM_GCC_541\Debug\LASER.a(CyLib.o) (CyPmReadStatus)
.\CortexM3\ARM_GCC_541\Debug\LASER.a(p0_7.o)
                              .\CortexM3\ARM_GCC_541\Debug\main.o (p0_7_Write)
.\CortexM3\ARM_GCC_541\Debug\LASER.a(LCD_Char_1.o)
                              .\CortexM3\ARM_GCC_541\Debug\main.o (LCD_Char_1_PrintString)
.\CortexM3\ARM_GCC_541\Debug\LASER.a(ADC_SAR_1.o)
                              .\CortexM3\ARM_GCC_541\Debug\main.o (ADC_SAR_1_Start)
.\CortexM3\ARM_GCC_541\Debug\LASER.a(ADC_SAR_1_INT.o)
                              .\CortexM3\ARM_GCC_541\Debug\LASER.a(ADC_SAR_1.o) (ADC_SAR_1_ISR)
.\CortexM3\ARM_GCC_541\Debug\LASER.a(p3_2.o)
                              .\CortexM3\ARM_GCC_541\Debug\main.o (p3_2_Read)
.\CortexM3\ARM_GCC_541\Debug\LASER.a(ADC_SAR_1_theACLK.o)
                              .\CortexM3\ARM_GCC_541\Debug\LASER.a(ADC_SAR_1.o) (ADC_SAR_1_theACLK_SetModeRegister)
.\CortexM3\ARM_GCC_541\Debug\LASER.a(VDAC8_1.o)
                              .\CortexM3\ARM_GCC_541\Debug\main.o (VDAC8_1_SetValue)
.\CortexM3\ARM_GCC_541\Debug\LASER.a(p0_5.o)
                              .\CortexM3\ARM_GCC_541\Debug\main.o (p0_5_Write)
.\CortexM3\ARM_GCC_541\Debug\LASER.a(p0_6.o)
                              .\CortexM3\ARM_GCC_541\Debug\main.o (p0_6_Write)
.\CortexM3\ARM_GCC_541\Debug\LASER.a(CyBootAsmGnu.o)
                              .\CortexM3\ARM_GCC_541\Debug\cyfitter_cfg.o (CyDelayCycles)
.\CortexM3\ARM_GCC_541\Debug\LASER.a(CyFlash.o)
                              .\CortexM3\ARM_GCC_541\Debug\LASER.a(cyPm.o) (CyFlash_SetWaitCycles)
.\CortexM3\ARM_GCC_541\Debug\LASER.a(CySpc.o)
                              .\CortexM3\ARM_GCC_541\Debug\LASER.a(CyFlash.o) (CySpcStart)
c:/program files (x86)/cypress/psoc creator/4.1/psoc creator/import/gnu/arm/5.4.1/bin/../lib/gcc/arm-none-eabi/5.4.1/armv7-m\libgcc.a(_arm_addsubsf3.o)
                              .\CortexM3\ARM_GCC_541\Debug\LASER.a(ADC_SAR_1.o) (__aeabi_i2f)
c:/program files (x86)/cypress/psoc creator/4.1/psoc creator/import/gnu/arm/5.4.1/bin/../lib/gcc/arm-none-eabi/5.4.1/armv7-m\libgcc.a(_arm_muldivsf3.o)
                              .\CortexM3\ARM_GCC_541\Debug\LASER.a(ADC_SAR_1.o) (__aeabi_fmul)
c:/program files (x86)/cypress/psoc creator/4.1/psoc creator/import/gnu/arm/5.4.1/bin/../lib/gcc/arm-none-eabi/5.4.1/armv7-m\libgcc.a(_aeabi_ldivmod.o)
                              .\CortexM3\ARM_GCC_541\Debug\LASER.a(ADC_SAR_1.o) (__aeabi_ldivmod)
c:/program files (x86)/cypress/psoc creator/4.1/psoc creator/import/gnu/arm/5.4.1/bin/../lib/gcc/arm-none-eabi/5.4.1/armv7-m\libgcc.a(_udivmoddi4.o)
                              c:/program files (x86)/cypress/psoc creator/4.1/psoc creator/import/gnu/arm/5.4.1/bin/../lib/gcc/arm-none-eabi/5.4.1/armv7-m\libgcc.a(_aeabi_ldivmod.o) (__udivmoddi4)
c:/program files (x86)/cypress/psoc creator/4.1/psoc creator/import/gnu/arm/5.4.1/bin/../lib/gcc/arm-none-eabi/5.4.1/armv7-m\libgcc.a(_dvmd_tls.o)
                              c:/program files (x86)/cypress/psoc creator/4.1/psoc creator/import/gnu/arm/5.4.1/bin/../lib/gcc/arm-none-eabi/5.4.1/armv7-m\libgcc.a(_aeabi_ldivmod.o) (__aeabi_ldiv0)
c:/program files (x86)/cypress/psoc creator/4.1/psoc creator/import/gnu/arm/5.4.1/bin/../lib/gcc/arm-none-eabi/5.4.1/../../../../arm-none-eabi/lib/armv7-m\libg_nano.a(lib_a-errno.o)
                              .\CortexM3\ARM_GCC_541\Debug\Cm3Start.o (__errno)
c:/program files (x86)/cypress/psoc creator/4.1/psoc creator/import/gnu/arm/5.4.1/bin/../lib/gcc/arm-none-eabi/5.4.1/../../../../arm-none-eabi/lib/armv7-m\libg_nano.a(lib_a-exit.o)
                              c:/program files (x86)/cypress/psoc creator/4.1/psoc creator/import/gnu/arm/5.4.1/bin/../lib/gcc/arm-none-eabi/5.4.1/../../../../arm-none-eabi/lib/armv7-m/crt0.o (exit)
c:/program files (x86)/cypress/psoc creator/4.1/psoc creator/import/gnu/arm/5.4.1/bin/../lib/gcc/arm-none-eabi/5.4.1/../../../../arm-none-eabi/lib/armv7-m\libg_nano.a(lib_a-impure.o)
                              c:/program files (x86)/cypress/psoc creator/4.1/psoc creator/import/gnu/arm/5.4.1/bin/../lib/gcc/arm-none-eabi/5.4.1/../../../../arm-none-eabi/lib/armv7-m\libg_nano.a(lib_a-exit.o) (_global_impure_ptr)
c:/program files (x86)/cypress/psoc creator/4.1/psoc creator/import/gnu/arm/5.4.1/bin/../lib/gcc/arm-none-eabi/5.4.1/../../../../arm-none-eabi/lib/armv7-m\libg_nano.a(lib_a-init.o)
                              c:/program files (x86)/cypress/psoc creator/4.1/psoc creator/import/gnu/arm/5.4.1/bin/../lib/gcc/arm-none-eabi/5.4.1/../../../../arm-none-eabi/lib/armv7-m/crt0.o (__libc_init_array)
c:/program files (x86)/cypress/psoc creator/4.1/psoc creator/import/gnu/arm/5.4.1/bin/../lib/gcc/arm-none-eabi/5.4.1/../../../../arm-none-eabi/lib/armv7-m\libg_nano.a(lib_a-memcpy-stub.o)
                              .\CortexM3\ARM_GCC_541\Debug\cyfitter_cfg.o (memcpy)
c:/program files (x86)/cypress/psoc creator/4.1/psoc creator/import/gnu/arm/5.4.1/bin/../lib/gcc/arm-none-eabi/5.4.1/../../../../arm-none-eabi/lib/armv7-m\libg_nano.a(lib_a-memset.o)
                              c:/program files (x86)/cypress/psoc creator/4.1/psoc creator/import/gnu/arm/5.4.1/bin/../lib/gcc/arm-none-eabi/5.4.1/../../../../arm-none-eabi/lib/armv7-m/crt0.o (memset)

Allocating common symbols
Common symbol       size              file

ADC_SAR_1_countsPerVolt
                    0x2               .\CortexM3\ARM_GCC_541\Debug\LASER.a(ADC_SAR_1.o)
ADC_SAR_1_shift     0x2               .\CortexM3\ARM_GCC_541\Debug\LASER.a(ADC_SAR_1.o)
ADC_SAR_1_countsPer10Volt
                    0x4               .\CortexM3\ARM_GCC_541\Debug\LASER.a(ADC_SAR_1.o)
dieTemperature      0x2               .\CortexM3\ARM_GCC_541\Debug\LASER.a(CyFlash.o)
ADC_SAR_1_offset    0x2               .\CortexM3\ARM_GCC_541\Debug\LASER.a(ADC_SAR_1.o)

Discarded input sections

 .text          0x00000000        0x0 c:/program files (x86)/cypress/psoc creator/4.1/psoc creator/import/gnu/arm/5.4.1/bin/../lib/gcc/arm-none-eabi/5.4.1/armv7-m/crti.o
 .data          0x00000000        0x0 c:/program files (x86)/cypress/psoc creator/4.1/psoc creator/import/gnu/arm/5.4.1/bin/../lib/gcc/arm-none-eabi/5.4.1/armv7-m/crti.o
 .bss           0x00000000        0x0 c:/program files (x86)/cypress/psoc creator/4.1/psoc creator/import/gnu/arm/5.4.1/bin/../lib/gcc/arm-none-eabi/5.4.1/armv7-m/crti.o
 .data          0x00000000        0x4 c:/program files (x86)/cypress/psoc creator/4.1/psoc creator/import/gnu/arm/5.4.1/bin/../lib/gcc/arm-none-eabi/5.4.1/armv7-m/crtbegin.o
 .text          0x00000000       0x74 c:/program files (x86)/cypress/psoc creator/4.1/psoc creator/import/gnu/arm/5.4.1/bin/../lib/gcc/arm-none-eabi/5.4.1/../../../../arm-none-eabi/lib/armv7-m/crt0.o
 .data          0x00000000        0x0 c:/program files (x86)/cypress/psoc creator/4.1/psoc creator/import/gnu/arm/5.4.1/bin/../lib/gcc/arm-none-eabi/5.4.1/../../../../arm-none-eabi/lib/armv7-m/crt0.o
 .bss           0x00000000        0x0 c:/program files (x86)/cypress/psoc creator/4.1/psoc creator/import/gnu/arm/5.4.1/bin/../lib/gcc/arm-none-eabi/5.4.1/../../../../arm-none-eabi/lib/armv7-m/crt0.o
 .ARM.extab     0x00000000        0x0 c:/program files (x86)/cypress/psoc creator/4.1/psoc creator/import/gnu/arm/5.4.1/bin/../lib/gcc/arm-none-eabi/5.4.1/../../../../arm-none-eabi/lib/armv7-m/crt0.o
 .ARM.exidx     0x00000000        0x8 c:/program files (x86)/cypress/psoc creator/4.1/psoc creator/import/gnu/arm/5.4.1/bin/../lib/gcc/arm-none-eabi/5.4.1/../../../../arm-none-eabi/lib/armv7-m/crt0.o
 .text          0x00000000        0x0 .\CortexM3\ARM_GCC_541\Debug\main.o
 .data          0x00000000        0x0 .\CortexM3\ARM_GCC_541\Debug\main.o
 .bss           0x00000000        0x0 .\CortexM3\ARM_GCC_541\Debug\main.o
 .text.LCDvalue
                0x00000000       0x30 .\CortexM3\ARM_GCC_541\Debug\main.o
 .text          0x00000000        0x0 .\CortexM3\ARM_GCC_541\Debug\cyfitter_cfg.o
 .data          0x00000000        0x0 .\CortexM3\ARM_GCC_541\Debug\cyfitter_cfg.o
 .bss           0x00000000        0x0 .\CortexM3\ARM_GCC_541\Debug\cyfitter_cfg.o
 .text.SetAnalogRoutingPumps
                0x00000000       0x1c .\CortexM3\ARM_GCC_541\Debug\cyfitter_cfg.o
 .text          0x00000000        0x0 .\CortexM3\ARM_GCC_541\Debug\cymetadata.o
 .data          0x00000000        0x0 .\CortexM3\ARM_GCC_541\Debug\cymetadata.o
 .bss           0x00000000        0x0 .\CortexM3\ARM_GCC_541\Debug\cymetadata.o
 .text          0x00000000        0x0 .\CortexM3\ARM_GCC_541\Debug\Cm3Start.o
 .data          0x00000000        0x4 .\CortexM3\ARM_GCC_541\Debug\Cm3Start.o
 .bss           0x00000000        0x0 .\CortexM3\ARM_GCC_541\Debug\Cm3Start.o
 .text._exit    0x00000000        0xc .\CortexM3\ARM_GCC_541\Debug\Cm3Start.o
 .text._sbrk    0x00000000       0x30 .\CortexM3\ARM_GCC_541\Debug\Cm3Start.o
 .text          0x00000000        0x0 .\CortexM3\ARM_GCC_541\Debug\LASER.a(CyLib.o)
 .bss           0x00000000       0x1c .\CortexM3\ARM_GCC_541\Debug\LASER.a(CyLib.o)
 .text.CyUSB_PowerOnCheck
                0x00000000       0x48 .\CortexM3\ARM_GCC_541\Debug\LASER.a(CyLib.o)
 .text.CyBusClk_Internal_SetDivider
                0x00000000       0x48 .\CortexM3\ARM_GCC_541\Debug\LASER.a(CyLib.o)
 .text.CyPLL_OUT_Stop
                0x00000000       0x10 .\CortexM3\ARM_GCC_541\Debug\LASER.a(CyLib.o)
 .text.CyIMO_Stop
                0x00000000       0x1c .\CortexM3\ARM_GCC_541\Debug\LASER.a(CyLib.o)
 .text.CyIMO_EnableDoubler
                0x00000000       0x10 .\CortexM3\ARM_GCC_541\Debug\LASER.a(CyLib.o)
 .text.CyIMO_DisableDoubler
                0x00000000       0x10 .\CortexM3\ARM_GCC_541\Debug\LASER.a(CyLib.o)
 .text.CyMasterClk_SetSource
                0x00000000       0x18 .\CortexM3\ARM_GCC_541\Debug\LASER.a(CyLib.o)
 .text.CyMasterClk_SetDivider
                0x00000000        0xc .\CortexM3\ARM_GCC_541\Debug\LASER.a(CyLib.o)
 .text.CyBusClk_SetDivider
                0x00000000       0x70 .\CortexM3\ARM_GCC_541\Debug\LASER.a(CyLib.o)
 .text.CyUsbClk_SetSource
                0x00000000       0x18 .\CortexM3\ARM_GCC_541\Debug\LASER.a(CyLib.o)
 .text.CyILO_Start1K
                0x00000000       0x10 .\CortexM3\ARM_GCC_541\Debug\LASER.a(CyLib.o)
 .text.CyILO_Stop1K
                0x00000000       0x10 .\CortexM3\ARM_GCC_541\Debug\LASER.a(CyLib.o)
 .text.CyILO_Start100K
                0x00000000       0x10 .\CortexM3\ARM_GCC_541\Debug\LASER.a(CyLib.o)
 .text.CyILO_Stop100K
                0x00000000       0x10 .\CortexM3\ARM_GCC_541\Debug\LASER.a(CyLib.o)
 .text.CyPLL_OUT_Start
                0x00000000       0x78 .\CortexM3\ARM_GCC_541\Debug\LASER.a(CyLib.o)
 .text.CyIMO_Start
                0x00000000       0x60 .\CortexM3\ARM_GCC_541\Debug\LASER.a(CyLib.o)
 .text.CyILO_Enable33K
                0x00000000       0x10 .\CortexM3\ARM_GCC_541\Debug\LASER.a(CyLib.o)
 .text.CyILO_Disable33K
                0x00000000       0x10 .\CortexM3\ARM_GCC_541\Debug\LASER.a(CyLib.o)
 .text.CyILO_SetSource
                0x00000000       0x18 .\CortexM3\ARM_GCC_541\Debug\LASER.a(CyLib.o)
 .text.CyILO_SetPowerMode
                0x00000000       0x24 .\CortexM3\ARM_GCC_541\Debug\LASER.a(CyLib.o)
 .text.CyXTAL_32KHZ_Stop
                0x00000000       0x30 .\CortexM3\ARM_GCC_541\Debug\LASER.a(CyLib.o)
 .text.CyXTAL_32KHZ_ReadStatus
                0x00000000       0x10 .\CortexM3\ARM_GCC_541\Debug\LASER.a(CyLib.o)
 .text.CyXTAL_Start
                0x00000000       0xac .\CortexM3\ARM_GCC_541\Debug\LASER.a(CyLib.o)
 .text.CyXTAL_Stop
                0x00000000       0x10 .\CortexM3\ARM_GCC_541\Debug\LASER.a(CyLib.o)
 .text.CyXTAL_EnableErrStatus
                0x00000000       0x10 .\CortexM3\ARM_GCC_541\Debug\LASER.a(CyLib.o)
 .text.CyXTAL_DisableErrStatus
                0x00000000       0x10 .\CortexM3\ARM_GCC_541\Debug\LASER.a(CyLib.o)
 .text.CyXTAL_ReadStatus
                0x00000000       0x18 .\CortexM3\ARM_GCC_541\Debug\LASER.a(CyLib.o)
 .text.CyXTAL_EnableFaultRecovery
                0x00000000       0x10 .\CortexM3\ARM_GCC_541\Debug\LASER.a(CyLib.o)
 .text.CyXTAL_DisableFaultRecovery
                0x00000000       0x10 .\CortexM3\ARM_GCC_541\Debug\LASER.a(CyLib.o)
 .text.CyXTAL_SetStartup
                0x00000000       0x18 .\CortexM3\ARM_GCC_541\Debug\LASER.a(CyLib.o)
 .text.CyXTAL_SetFbVoltage
                0x00000000       0x18 .\CortexM3\ARM_GCC_541\Debug\LASER.a(CyLib.o)
 .text.CyXTAL_SetWdVoltage
                0x00000000       0x18 .\CortexM3\ARM_GCC_541\Debug\LASER.a(CyLib.o)
 .text.CyPLL_OUT_SetPQ
                0x00000000       0x60 .\CortexM3\ARM_GCC_541\Debug\LASER.a(CyLib.o)
 .text.CyPLL_OUT_SetSource
                0x00000000       0x34 .\CortexM3\ARM_GCC_541\Debug\LASER.a(CyLib.o)
 .text.CyIMO_SetTrimValue
                0x00000000       0xcc .\CortexM3\ARM_GCC_541\Debug\LASER.a(CyLib.o)
 .text.CyIMO_SetFreq
                0x00000000       0xf4 .\CortexM3\ARM_GCC_541\Debug\LASER.a(CyLib.o)
 .text.CyIMO_SetSource
                0x00000000       0x58 .\CortexM3\ARM_GCC_541\Debug\LASER.a(CyLib.o)
 .text.CySoftwareReset
                0x00000000       0x10 .\CortexM3\ARM_GCC_541\Debug\LASER.a(CyLib.o)
 .text.CyXTAL_32KHZ_SetPowerMode
                0x00000000       0x84 .\CortexM3\ARM_GCC_541\Debug\LASER.a(CyLib.o)
 .text.CyXTAL_32KHZ_Start
                0x00000000       0x74 .\CortexM3\ARM_GCC_541\Debug\LASER.a(CyLib.o)
 .text.CyDelayFreq
                0x00000000       0x4c .\CortexM3\ARM_GCC_541\Debug\LASER.a(CyLib.o)
 .text.CyWdtStart
                0x00000000       0x40 .\CortexM3\ARM_GCC_541\Debug\LASER.a(CyLib.o)
 .text.CyWdtClear
                0x00000000        0xc .\CortexM3\ARM_GCC_541\Debug\LASER.a(CyLib.o)
 .text.CyVdStickyStatus
                0x00000000       0x2c .\CortexM3\ARM_GCC_541\Debug\LASER.a(CyLib.o)
 .text.CyVdLvDigitEnable
                0x00000000       0x84 .\CortexM3\ARM_GCC_541\Debug\LASER.a(CyLib.o)
 .text.CyVdLvAnalogEnable
                0x00000000       0x80 .\CortexM3\ARM_GCC_541\Debug\LASER.a(CyLib.o)
 .text.CyVdLvDigitDisable
                0x00000000       0x30 .\CortexM3\ARM_GCC_541\Debug\LASER.a(CyLib.o)
 .text.CyVdLvAnalogDisable
                0x00000000       0x28 .\CortexM3\ARM_GCC_541\Debug\LASER.a(CyLib.o)
 .text.CyVdHvAnalogEnable
                0x00000000       0x54 .\CortexM3\ARM_GCC_541\Debug\LASER.a(CyLib.o)
 .text.CyVdHvAnalogDisable
                0x00000000       0x20 .\CortexM3\ARM_GCC_541\Debug\LASER.a(CyLib.o)
 .text.CyVdRealTimeStatus
                0x00000000       0x1c .\CortexM3\ARM_GCC_541\Debug\LASER.a(CyLib.o)
 .text.CyDisableInts
                0x00000000       0x1c .\CortexM3\ARM_GCC_541\Debug\LASER.a(CyLib.o)
 .text.CyEnableInts
                0x00000000       0x18 .\CortexM3\ARM_GCC_541\Debug\LASER.a(CyLib.o)
 .text.CyFlushCache
                0x00000000       0x44 .\CortexM3\ARM_GCC_541\Debug\LASER.a(CyLib.o)
 .text.CyIntSetSysVector
                0x00000000       0x28 .\CortexM3\ARM_GCC_541\Debug\LASER.a(CyLib.o)
 .text.CyIntGetSysVector
                0x00000000       0x20 .\CortexM3\ARM_GCC_541\Debug\LASER.a(CyLib.o)
 .text.CyIntGetVector
                0x00000000       0x24 .\CortexM3\ARM_GCC_541\Debug\LASER.a(CyLib.o)
 .text.CyIntGetPriority
                0x00000000       0x20 .\CortexM3\ARM_GCC_541\Debug\LASER.a(CyLib.o)
 .text.CyIntGetState
                0x00000000       0x24 .\CortexM3\ARM_GCC_541\Debug\LASER.a(CyLib.o)
 .text.CySysTickStop
                0x00000000       0x10 .\CortexM3\ARM_GCC_541\Debug\LASER.a(CyLib.o)
 .text.CySysTickEnableInterrupt
                0x00000000       0x10 .\CortexM3\ARM_GCC_541\Debug\LASER.a(CyLib.o)
 .text.CySysTickEnable
                0x00000000       0x18 .\CortexM3\ARM_GCC_541\Debug\LASER.a(CyLib.o)
 .text.CySysTickDisableInterrupt
                0x00000000       0x10 .\CortexM3\ARM_GCC_541\Debug\LASER.a(CyLib.o)
 .text.CySysTickSetReload
                0x00000000       0x10 .\CortexM3\ARM_GCC_541\Debug\LASER.a(CyLib.o)
 .text.CySysTickGetReload
                0x00000000       0x10 .\CortexM3\ARM_GCC_541\Debug\LASER.a(CyLib.o)
 .text.CySysTickGetValue
                0x00000000       0x10 .\CortexM3\ARM_GCC_541\Debug\LASER.a(CyLib.o)
 .text.CySysTickSetClockSource
                0x00000000       0x20 .\CortexM3\ARM_GCC_541\Debug\LASER.a(CyLib.o)
 .text.CySysTickGetClockSource
                0x00000000       0x10 .\CortexM3\ARM_GCC_541\Debug\LASER.a(CyLib.o)
 .text.CySysTickGetCountFlag
                0x00000000       0x10 .\CortexM3\ARM_GCC_541\Debug\LASER.a(CyLib.o)
 .text.CySysTickServiceCallbacks
                0x00000000       0x28 .\CortexM3\ARM_GCC_541\Debug\LASER.a(CyLib.o)
 .text.CySysTickClear
                0x00000000        0xc .\CortexM3\ARM_GCC_541\Debug\LASER.a(CyLib.o)
 .text.CySysTickInit
                0x00000000       0x58 .\CortexM3\ARM_GCC_541\Debug\LASER.a(CyLib.o)
 .text.CySysTickStart
                0x00000000       0x1c .\CortexM3\ARM_GCC_541\Debug\LASER.a(CyLib.o)
 .text.CySysTickSetCallback
                0x00000000       0x10 .\CortexM3\ARM_GCC_541\Debug\LASER.a(CyLib.o)
 .text.CySysTickGetCallback
                0x00000000       0x10 .\CortexM3\ARM_GCC_541\Debug\LASER.a(CyLib.o)
 .text.CyGetUniqueId
                0x00000000       0x70 .\CortexM3\ARM_GCC_541\Debug\LASER.a(CyLib.o)
 .text          0x00000000        0x0 .\CortexM3\ARM_GCC_541\Debug\LASER.a(cyPm.o)
 .data          0x00000000        0x0 .\CortexM3\ARM_GCC_541\Debug\LASER.a(cyPm.o)
 .bss           0x00000000       0x43 .\CortexM3\ARM_GCC_541\Debug\LASER.a(cyPm.o)
 .text.CyPmHibSlpSaveSet
                0x00000000      0x1dc .\CortexM3\ARM_GCC_541\Debug\LASER.a(cyPm.o)
 .text.CyPmHibSlpRestore
                0x00000000       0xd8 .\CortexM3\ARM_GCC_541\Debug\LASER.a(cyPm.o)
 .text.CyPmHviLviSaveDisable
                0x00000000       0xa0 .\CortexM3\ARM_GCC_541\Debug\LASER.a(cyPm.o)
 .text.CyPmHibSaveSet
                0x00000000       0x98 .\CortexM3\ARM_GCC_541\Debug\LASER.a(cyPm.o)
 .text.CyPmHviLviRestore
                0x00000000       0x48 .\CortexM3\ARM_GCC_541\Debug\LASER.a(cyPm.o)
 .text.CyPmHibRestore
                0x00000000       0x60 .\CortexM3\ARM_GCC_541\Debug\LASER.a(cyPm.o)
 .text.CyPmSaveClocks
                0x00000000      0x218 .\CortexM3\ARM_GCC_541\Debug\LASER.a(cyPm.o)
 .text.CyPmRestoreClocks
                0x00000000      0x24c .\CortexM3\ARM_GCC_541\Debug\LASER.a(cyPm.o)
 .text.CyPmAltAct
                0x00000000       0x6c .\CortexM3\ARM_GCC_541\Debug\LASER.a(cyPm.o)
 .text.CyPmSleep
                0x00000000       0xf4 .\CortexM3\ARM_GCC_541\Debug\LASER.a(cyPm.o)
 .text.CyPmHibernateEx
                0x00000000       0xf4 .\CortexM3\ARM_GCC_541\Debug\LASER.a(cyPm.o)
 .text.CyPmHibernate
                0x00000000        0xc .\CortexM3\ARM_GCC_541\Debug\LASER.a(cyPm.o)
 .text.CyPmReadStatus
                0x00000000       0x30 .\CortexM3\ARM_GCC_541\Debug\LASER.a(cyPm.o)
 .text.CyPmCtwSetInterval
                0x00000000       0x5c .\CortexM3\ARM_GCC_541\Debug\LASER.a(cyPm.o)
 .text.CyPmOppsSet
                0x00000000       0x2c .\CortexM3\ARM_GCC_541\Debug\LASER.a(cyPm.o)
 .text.CyPmFtwSetInterval
                0x00000000       0x5c .\CortexM3\ARM_GCC_541\Debug\LASER.a(cyPm.o)
 .rodata        0x00000000        0xf .\CortexM3\ARM_GCC_541\Debug\LASER.a(cyPm.o)
 .text          0x00000000        0x0 .\CortexM3\ARM_GCC_541\Debug\LASER.a(p0_7.o)
 .data          0x00000000        0x0 .\CortexM3\ARM_GCC_541\Debug\LASER.a(p0_7.o)
 .bss           0x00000000        0x0 .\CortexM3\ARM_GCC_541\Debug\LASER.a(p0_7.o)
 .text.p0_7_SetDriveMode
                0x00000000       0x18 .\CortexM3\ARM_GCC_541\Debug\LASER.a(p0_7.o)
 .text.p0_7_Read
                0x00000000        0xc .\CortexM3\ARM_GCC_541\Debug\LASER.a(p0_7.o)
 .text.p0_7_ReadDataReg
                0x00000000        0xc .\CortexM3\ARM_GCC_541\Debug\LASER.a(p0_7.o)
 .text          0x00000000        0x0 .\CortexM3\ARM_GCC_541\Debug\LASER.a(LCD_Char_1.o)
 .data          0x00000000        0x0 .\CortexM3\ARM_GCC_541\Debug\LASER.a(LCD_Char_1.o)
 .text.LCD_Char_1_PutChar
                0x00000000        0x8 .\CortexM3\ARM_GCC_541\Debug\LASER.a(LCD_Char_1.o)
 .text.LCD_Char_1_Stop
                0x00000000       0x14 .\CortexM3\ARM_GCC_541\Debug\LASER.a(LCD_Char_1.o)
 .text.LCD_Char_1_PrintInt8
                0x00000000       0x20 .\CortexM3\ARM_GCC_541\Debug\LASER.a(LCD_Char_1.o)
 .text.LCD_Char_1_PrintInt16
                0x00000000       0x14 .\CortexM3\ARM_GCC_541\Debug\LASER.a(LCD_Char_1.o)
 .text.LCD_Char_1_PrintInt32
                0x00000000       0x1c .\CortexM3\ARM_GCC_541\Debug\LASER.a(LCD_Char_1.o)
 .text.LCD_Char_1_PrintU32Number
                0x00000000       0x64 .\CortexM3\ARM_GCC_541\Debug\LASER.a(LCD_Char_1.o)
 .rodata        0x00000000       0x10 .\CortexM3\ARM_GCC_541\Debug\LASER.a(LCD_Char_1.o)
 .text          0x00000000        0x0 .\CortexM3\ARM_GCC_541\Debug\LASER.a(ADC_SAR_1.o)
 .data          0x00000000        0x0 .\CortexM3\ARM_GCC_541\Debug\LASER.a(ADC_SAR_1.o)
 .text.ADC_SAR_1_Stop
                0x00000000       0x48 .\CortexM3\ARM_GCC_541\Debug\LASER.a(ADC_SAR_1.o)
 .text.ADC_SAR_1_SetPower
                0x00000000       0x18 .\CortexM3\ARM_GCC_541\Debug\LASER.a(ADC_SAR_1.o)
 .text.ADC_SAR_1_StopConvert
                0x00000000       0x10 .\CortexM3\ARM_GCC_541\Debug\LASER.a(ADC_SAR_1.o)
 .text.ADC_SAR_1_IsEndConversion
                0x00000000       0x24 .\CortexM3\ARM_GCC_541\Debug\LASER.a(ADC_SAR_1.o)
 .text.ADC_SAR_1_GetResult16
                0x00000000       0x18 .\CortexM3\ARM_GCC_541\Debug\LASER.a(ADC_SAR_1.o)
 .text.ADC_SAR_1_SetOffset
                0x00000000        0xc .\CortexM3\ARM_GCC_541\Debug\LASER.a(ADC_SAR_1.o)
 .text.ADC_SAR_1_SetGain
                0x00000000       0x10 .\CortexM3\ARM_GCC_541\Debug\LASER.a(ADC_SAR_1.o)
 .text.ADC_SAR_1_SetScaledGain
                0x00000000        0xc .\CortexM3\ARM_GCC_541\Debug\LASER.a(ADC_SAR_1.o)
 .text.ADC_SAR_1_CountsTo_mVolts
                0x00000000       0x58 .\CortexM3\ARM_GCC_541\Debug\LASER.a(ADC_SAR_1.o)
 .text.ADC_SAR_1_CountsTo_uVolts
                0x00000000       0x48 .\CortexM3\ARM_GCC_541\Debug\LASER.a(ADC_SAR_1.o)
 .text.ADC_SAR_1_CountsTo_Volts
                0x00000000       0x50 .\CortexM3\ARM_GCC_541\Debug\LASER.a(ADC_SAR_1.o)
 .text          0x00000000        0x0 .\CortexM3\ARM_GCC_541\Debug\LASER.a(ADC_SAR_1_INT.o)
 .data          0x00000000        0x0 .\CortexM3\ARM_GCC_541\Debug\LASER.a(ADC_SAR_1_INT.o)
 .bss           0x00000000        0x0 .\CortexM3\ARM_GCC_541\Debug\LASER.a(ADC_SAR_1_INT.o)
 .text          0x00000000        0x0 .\CortexM3\ARM_GCC_541\Debug\LASER.a(p3_2.o)
 .data          0x00000000        0x0 .\CortexM3\ARM_GCC_541\Debug\LASER.a(p3_2.o)
 .bss           0x00000000        0x0 .\CortexM3\ARM_GCC_541\Debug\LASER.a(p3_2.o)
 .text.p3_2_Write
                0x00000000       0x18 .\CortexM3\ARM_GCC_541\Debug\LASER.a(p3_2.o)
 .text.p3_2_SetDriveMode
                0x00000000       0x18 .\CortexM3\ARM_GCC_541\Debug\LASER.a(p3_2.o)
 .text.p3_2_ReadDataReg
                0x00000000       0x10 .\CortexM3\ARM_GCC_541\Debug\LASER.a(p3_2.o)
 .text          0x00000000        0x0 .\CortexM3\ARM_GCC_541\Debug\LASER.a(ADC_SAR_1_theACLK.o)
 .data          0x00000000        0x0 .\CortexM3\ARM_GCC_541\Debug\LASER.a(ADC_SAR_1_theACLK.o)
 .bss           0x00000000        0x0 .\CortexM3\ARM_GCC_541\Debug\LASER.a(ADC_SAR_1_theACLK.o)
 .text.ADC_SAR_1_theACLK_Start
                0x00000000       0x1c .\CortexM3\ARM_GCC_541\Debug\LASER.a(ADC_SAR_1_theACLK.o)
 .text.ADC_SAR_1_theACLK_Stop
                0x00000000       0x1c .\CortexM3\ARM_GCC_541\Debug\LASER.a(ADC_SAR_1_theACLK.o)
 .text.ADC_SAR_1_theACLK_StopBlock
                0x00000000       0x6c .\CortexM3\ARM_GCC_541\Debug\LASER.a(ADC_SAR_1_theACLK.o)
 .text.ADC_SAR_1_theACLK_StandbyPower
                0x00000000       0x20 .\CortexM3\ARM_GCC_541\Debug\LASER.a(ADC_SAR_1_theACLK.o)
 .text.ADC_SAR_1_theACLK_GetDividerRegister
                0x00000000        0xc .\CortexM3\ARM_GCC_541\Debug\LASER.a(ADC_SAR_1_theACLK.o)
 .text.ADC_SAR_1_theACLK_ClearModeRegister
                0x00000000       0x18 .\CortexM3\ARM_GCC_541\Debug\LASER.a(ADC_SAR_1_theACLK.o)
 .text.ADC_SAR_1_theACLK_GetModeRegister
                0x00000000       0x10 .\CortexM3\ARM_GCC_541\Debug\LASER.a(ADC_SAR_1_theACLK.o)
 .text.ADC_SAR_1_theACLK_GetSourceRegister
                0x00000000       0x10 .\CortexM3\ARM_GCC_541\Debug\LASER.a(ADC_SAR_1_theACLK.o)
 .text.ADC_SAR_1_theACLK_SetDividerRegister
                0x00000000       0xd8 .\CortexM3\ARM_GCC_541\Debug\LASER.a(ADC_SAR_1_theACLK.o)
 .text.ADC_SAR_1_theACLK_SetSourceRegister
                0x00000000       0x5c .\CortexM3\ARM_GCC_541\Debug\LASER.a(ADC_SAR_1_theACLK.o)
 .text          0x00000000        0x0 .\CortexM3\ARM_GCC_541\Debug\LASER.a(VDAC8_1.o)
 .data          0x00000000        0x0 .\CortexM3\ARM_GCC_541\Debug\LASER.a(VDAC8_1.o)
 .text.VDAC8_1_Stop
                0x00000000       0x1c .\CortexM3\ARM_GCC_541\Debug\LASER.a(VDAC8_1.o)
 .text          0x00000000        0x0 .\CortexM3\ARM_GCC_541\Debug\LASER.a(p0_5.o)
 .data          0x00000000        0x0 .\CortexM3\ARM_GCC_541\Debug\LASER.a(p0_5.o)
 .bss           0x00000000        0x0 .\CortexM3\ARM_GCC_541\Debug\LASER.a(p0_5.o)
 .text.p0_5_SetDriveMode
                0x00000000       0x18 .\CortexM3\ARM_GCC_541\Debug\LASER.a(p0_5.o)
 .text.p0_5_Read
                0x00000000       0x10 .\CortexM3\ARM_GCC_541\Debug\LASER.a(p0_5.o)
 .text.p0_5_ReadDataReg
                0x00000000       0x10 .\CortexM3\ARM_GCC_541\Debug\LASER.a(p0_5.o)
 .text          0x00000000        0x0 .\CortexM3\ARM_GCC_541\Debug\LASER.a(p0_6.o)
 .data          0x00000000        0x0 .\CortexM3\ARM_GCC_541\Debug\LASER.a(p0_6.o)
 .bss           0x00000000        0x0 .\CortexM3\ARM_GCC_541\Debug\LASER.a(p0_6.o)
 .text.p0_6_SetDriveMode
                0x00000000       0x18 .\CortexM3\ARM_GCC_541\Debug\LASER.a(p0_6.o)
 .text.p0_6_Read
                0x00000000       0x10 .\CortexM3\ARM_GCC_541\Debug\LASER.a(p0_6.o)
 .text.p0_6_ReadDataReg
                0x00000000       0x10 .\CortexM3\ARM_GCC_541\Debug\LASER.a(p0_6.o)
 .data          0x00000000        0x0 .\CortexM3\ARM_GCC_541\Debug\LASER.a(CyBootAsmGnu.o)
 .bss           0x00000000        0x0 .\CortexM3\ARM_GCC_541\Debug\LASER.a(CyBootAsmGnu.o)
 .text          0x00000000        0x0 .\CortexM3\ARM_GCC_541\Debug\LASER.a(CyFlash.o)
 .data          0x00000000        0x0 .\CortexM3\ARM_GCC_541\Debug\LASER.a(CyFlash.o)
 .bss           0x00000000        0x0 .\CortexM3\ARM_GCC_541\Debug\LASER.a(CyFlash.o)
 .text.CyFlashGetSpcAlgorithm
                0x00000000       0x4c .\CortexM3\ARM_GCC_541\Debug\LASER.a(CyFlash.o)
 .text.CySetTempInt
                0x00000000       0x60 .\CortexM3\ARM_GCC_541\Debug\LASER.a(CyFlash.o)
 .text.CyFlash_Start
                0x00000000       0x54 .\CortexM3\ARM_GCC_541\Debug\LASER.a(CyFlash.o)
 .text.CyFlash_Stop
                0x00000000       0x24 .\CortexM3\ARM_GCC_541\Debug\LASER.a(CyFlash.o)
 .text.CySetTemp
                0x00000000       0x14 .\CortexM3\ARM_GCC_541\Debug\LASER.a(CyFlash.o)
 .text.CySetFlashEEBuffer
                0x00000000       0x20 .\CortexM3\ARM_GCC_541\Debug\LASER.a(CyFlash.o)
 .text.CyWriteRowFull
                0x00000000       0xf8 .\CortexM3\ARM_GCC_541\Debug\LASER.a(CyFlash.o)
 .text.CyWriteRowData
                0x00000000       0x14 .\CortexM3\ARM_GCC_541\Debug\LASER.a(CyFlash.o)
 .text.CyFlash_SetWaitCycles
                0x00000000       0x7c .\CortexM3\ARM_GCC_541\Debug\LASER.a(CyFlash.o)
 .text.CyEEPROM_Start
                0x00000000       0x54 .\CortexM3\ARM_GCC_541\Debug\LASER.a(CyFlash.o)
 .text.CyEEPROM_Stop
                0x00000000       0x24 .\CortexM3\ARM_GCC_541\Debug\LASER.a(CyFlash.o)
 .text.CyEEPROM_ReadReserve
                0x00000000       0x1c .\CortexM3\ARM_GCC_541\Debug\LASER.a(CyFlash.o)
 .text.CyEEPROM_ReadRelease
                0x00000000       0x10 .\CortexM3\ARM_GCC_541\Debug\LASER.a(CyFlash.o)
 COMMON         0x00000000        0x2 .\CortexM3\ARM_GCC_541\Debug\LASER.a(CyFlash.o)
 .text          0x00000000        0x0 .\CortexM3\ARM_GCC_541\Debug\LASER.a(CySpc.o)
 .data          0x00000000        0x0 .\CortexM3\ARM_GCC_541\Debug\LASER.a(CySpc.o)
 .bss           0x00000000        0x8 .\CortexM3\ARM_GCC_541\Debug\LASER.a(CySpc.o)
 .text.CySpcStart
                0x00000000       0x24 .\CortexM3\ARM_GCC_541\Debug\LASER.a(CySpc.o)
 .text.CySpcStop
                0x00000000       0x24 .\CortexM3\ARM_GCC_541\Debug\LASER.a(CySpc.o)
 .text.CySpcReadData
                0x00000000       0x34 .\CortexM3\ARM_GCC_541\Debug\LASER.a(CySpc.o)
 .text.CySpcLoadMultiByte
                0x00000000       0x78 .\CortexM3\ARM_GCC_541\Debug\LASER.a(CySpc.o)
 .text.CySpcLoadRow
                0x00000000       0x50 .\CortexM3\ARM_GCC_541\Debug\LASER.a(CySpc.o)
 .text.CySpcLoadRowFull
                0x00000000       0x80 .\CortexM3\ARM_GCC_541\Debug\LASER.a(CySpc.o)
 .text.CySpcWriteRow
                0x00000000       0x4c .\CortexM3\ARM_GCC_541\Debug\LASER.a(CySpc.o)
 .text.CySpcEraseSector
                0x00000000       0x3c .\CortexM3\ARM_GCC_541\Debug\LASER.a(CySpc.o)
 .text.CySpcGetTemp
                0x00000000       0x3c .\CortexM3\ARM_GCC_541\Debug\LASER.a(CySpc.o)
 .text.CySpcLock
                0x00000000       0x4c .\CortexM3\ARM_GCC_541\Debug\LASER.a(CySpc.o)
 .text.CySpcUnlock
                0x00000000       0x38 .\CortexM3\ARM_GCC_541\Debug\LASER.a(CySpc.o)
 .text.CySpcGetAlgorithm
                0x00000000       0x28 .\CortexM3\ARM_GCC_541\Debug\LASER.a(CySpc.o)
 .text          0x00000000      0x21c c:/program files (x86)/cypress/psoc creator/4.1/psoc creator/import/gnu/arm/5.4.1/bin/../lib/gcc/arm-none-eabi/5.4.1/armv7-m\libgcc.a(_arm_addsubsf3.o)
 .data          0x00000000        0x0 c:/program files (x86)/cypress/psoc creator/4.1/psoc creator/import/gnu/arm/5.4.1/bin/../lib/gcc/arm-none-eabi/5.4.1/armv7-m\libgcc.a(_arm_addsubsf3.o)
 .bss           0x00000000        0x0 c:/program files (x86)/cypress/psoc creator/4.1/psoc creator/import/gnu/arm/5.4.1/bin/../lib/gcc/arm-none-eabi/5.4.1/armv7-m\libgcc.a(_arm_addsubsf3.o)
 .text          0x00000000      0x2a0 c:/program files (x86)/cypress/psoc creator/4.1/psoc creator/import/gnu/arm/5.4.1/bin/../lib/gcc/arm-none-eabi/5.4.1/armv7-m\libgcc.a(_arm_muldivsf3.o)
 .data          0x00000000        0x0 c:/program files (x86)/cypress/psoc creator/4.1/psoc creator/import/gnu/arm/5.4.1/bin/../lib/gcc/arm-none-eabi/5.4.1/armv7-m\libgcc.a(_arm_muldivsf3.o)
 .bss           0x00000000        0x0 c:/program files (x86)/cypress/psoc creator/4.1/psoc creator/import/gnu/arm/5.4.1/bin/../lib/gcc/arm-none-eabi/5.4.1/armv7-m\libgcc.a(_arm_muldivsf3.o)
 .text          0x00000000       0xa0 c:/program files (x86)/cypress/psoc creator/4.1/psoc creator/import/gnu/arm/5.4.1/bin/../lib/gcc/arm-none-eabi/5.4.1/armv7-m\libgcc.a(_aeabi_ldivmod.o)
 .data          0x00000000        0x0 c:/program files (x86)/cypress/psoc creator/4.1/psoc creator/import/gnu/arm/5.4.1/bin/../lib/gcc/arm-none-eabi/5.4.1/armv7-m\libgcc.a(_aeabi_ldivmod.o)
 .bss           0x00000000        0x0 c:/program files (x86)/cypress/psoc creator/4.1/psoc creator/import/gnu/arm/5.4.1/bin/../lib/gcc/arm-none-eabi/5.4.1/armv7-m\libgcc.a(_aeabi_ldivmod.o)
 .text          0x00000000      0x2ec c:/program files (x86)/cypress/psoc creator/4.1/psoc creator/import/gnu/arm/5.4.1/bin/../lib/gcc/arm-none-eabi/5.4.1/armv7-m\libgcc.a(_udivmoddi4.o)
 .data          0x00000000        0x0 c:/program files (x86)/cypress/psoc creator/4.1/psoc creator/import/gnu/arm/5.4.1/bin/../lib/gcc/arm-none-eabi/5.4.1/armv7-m\libgcc.a(_udivmoddi4.o)
 .bss           0x00000000        0x0 c:/program files (x86)/cypress/psoc creator/4.1/psoc creator/import/gnu/arm/5.4.1/bin/../lib/gcc/arm-none-eabi/5.4.1/armv7-m\libgcc.a(_udivmoddi4.o)
 .ARM.extab     0x00000000        0x0 c:/program files (x86)/cypress/psoc creator/4.1/psoc creator/import/gnu/arm/5.4.1/bin/../lib/gcc/arm-none-eabi/5.4.1/armv7-m\libgcc.a(_udivmoddi4.o)
 .ARM.exidx     0x00000000        0x8 c:/program files (x86)/cypress/psoc creator/4.1/psoc creator/import/gnu/arm/5.4.1/bin/../lib/gcc/arm-none-eabi/5.4.1/armv7-m\libgcc.a(_udivmoddi4.o)
 .text          0x00000000        0x4 c:/program files (x86)/cypress/psoc creator/4.1/psoc creator/import/gnu/arm/5.4.1/bin/../lib/gcc/arm-none-eabi/5.4.1/armv7-m\libgcc.a(_dvmd_tls.o)
 .data          0x00000000        0x0 c:/program files (x86)/cypress/psoc creator/4.1/psoc creator/import/gnu/arm/5.4.1/bin/../lib/gcc/arm-none-eabi/5.4.1/armv7-m\libgcc.a(_dvmd_tls.o)
 .bss           0x00000000        0x0 c:/program files (x86)/cypress/psoc creator/4.1/psoc creator/import/gnu/arm/5.4.1/bin/../lib/gcc/arm-none-eabi/5.4.1/armv7-m\libgcc.a(_dvmd_tls.o)
 .text          0x00000000        0x0 c:/program files (x86)/cypress/psoc creator/4.1/psoc creator/import/gnu/arm/5.4.1/bin/../lib/gcc/arm-none-eabi/5.4.1/../../../../arm-none-eabi/lib/armv7-m\libg_nano.a(lib_a-errno.o)
 .data          0x00000000        0x0 c:/program files (x86)/cypress/psoc creator/4.1/psoc creator/import/gnu/arm/5.4.1/bin/../lib/gcc/arm-none-eabi/5.4.1/../../../../arm-none-eabi/lib/armv7-m\libg_nano.a(lib_a-errno.o)
 .bss           0x00000000        0x0 c:/program files (x86)/cypress/psoc creator/4.1/psoc creator/import/gnu/arm/5.4.1/bin/../lib/gcc/arm-none-eabi/5.4.1/../../../../arm-none-eabi/lib/armv7-m\libg_nano.a(lib_a-errno.o)
 .text          0x00000000        0x0 c:/program files (x86)/cypress/psoc creator/4.1/psoc creator/import/gnu/arm/5.4.1/bin/../lib/gcc/arm-none-eabi/5.4.1/../../../../arm-none-eabi/lib/armv7-m\libg_nano.a(lib_a-exit.o)
 .data          0x00000000        0x0 c:/program files (x86)/cypress/psoc creator/4.1/psoc creator/import/gnu/arm/5.4.1/bin/../lib/gcc/arm-none-eabi/5.4.1/../../../../arm-none-eabi/lib/armv7-m\libg_nano.a(lib_a-exit.o)
 .bss           0x00000000        0x0 c:/program files (x86)/cypress/psoc creator/4.1/psoc creator/import/gnu/arm/5.4.1/bin/../lib/gcc/arm-none-eabi/5.4.1/../../../../arm-none-eabi/lib/armv7-m\libg_nano.a(lib_a-exit.o)
 .text.exit     0x00000000       0x28 c:/program files (x86)/cypress/psoc creator/4.1/psoc creator/import/gnu/arm/5.4.1/bin/../lib/gcc/arm-none-eabi/5.4.1/../../../../arm-none-eabi/lib/armv7-m\libg_nano.a(lib_a-exit.o)
 .text          0x00000000        0x0 c:/program files (x86)/cypress/psoc creator/4.1/psoc creator/import/gnu/arm/5.4.1/bin/../lib/gcc/arm-none-eabi/5.4.1/../../../../arm-none-eabi/lib/armv7-m\libg_nano.a(lib_a-impure.o)
 .data          0x00000000        0x0 c:/program files (x86)/cypress/psoc creator/4.1/psoc creator/import/gnu/arm/5.4.1/bin/../lib/gcc/arm-none-eabi/5.4.1/../../../../arm-none-eabi/lib/armv7-m\libg_nano.a(lib_a-impure.o)
 .bss           0x00000000        0x0 c:/program files (x86)/cypress/psoc creator/4.1/psoc creator/import/gnu/arm/5.4.1/bin/../lib/gcc/arm-none-eabi/5.4.1/../../../../arm-none-eabi/lib/armv7-m\libg_nano.a(lib_a-impure.o)
 .rodata._global_impure_ptr
                0x00000000        0x4 c:/program files (x86)/cypress/psoc creator/4.1/psoc creator/import/gnu/arm/5.4.1/bin/../lib/gcc/arm-none-eabi/5.4.1/../../../../arm-none-eabi/lib/armv7-m\libg_nano.a(lib_a-impure.o)
 .text          0x00000000        0x0 c:/program files (x86)/cypress/psoc creator/4.1/psoc creator/import/gnu/arm/5.4.1/bin/../lib/gcc/arm-none-eabi/5.4.1/../../../../arm-none-eabi/lib/armv7-m\libg_nano.a(lib_a-init.o)
 .data          0x00000000        0x0 c:/program files (x86)/cypress/psoc creator/4.1/psoc creator/import/gnu/arm/5.4.1/bin/../lib/gcc/arm-none-eabi/5.4.1/../../../../arm-none-eabi/lib/armv7-m\libg_nano.a(lib_a-init.o)
 .bss           0x00000000        0x0 c:/program files (x86)/cypress/psoc creator/4.1/psoc creator/import/gnu/arm/5.4.1/bin/../lib/gcc/arm-none-eabi/5.4.1/../../../../arm-none-eabi/lib/armv7-m\libg_nano.a(lib_a-init.o)
 .text          0x00000000        0x0 c:/program files (x86)/cypress/psoc creator/4.1/psoc creator/import/gnu/arm/5.4.1/bin/../lib/gcc/arm-none-eabi/5.4.1/../../../../arm-none-eabi/lib/armv7-m\libg_nano.a(lib_a-memcpy-stub.o)
 .data          0x00000000        0x0 c:/program files (x86)/cypress/psoc creator/4.1/psoc creator/import/gnu/arm/5.4.1/bin/../lib/gcc/arm-none-eabi/5.4.1/../../../../arm-none-eabi/lib/armv7-m\libg_nano.a(lib_a-memcpy-stub.o)
 .bss           0x00000000        0x0 c:/program files (x86)/cypress/psoc creator/4.1/psoc creator/import/gnu/arm/5.4.1/bin/../lib/gcc/arm-none-eabi/5.4.1/../../../../arm-none-eabi/lib/armv7-m\libg_nano.a(lib_a-memcpy-stub.o)
 .text          0x00000000        0x0 c:/program files (x86)/cypress/psoc creator/4.1/psoc creator/import/gnu/arm/5.4.1/bin/../lib/gcc/arm-none-eabi/5.4.1/../../../../arm-none-eabi/lib/armv7-m\libg_nano.a(lib_a-memset.o)
 .data          0x00000000        0x0 c:/program files (x86)/cypress/psoc creator/4.1/psoc creator/import/gnu/arm/5.4.1/bin/../lib/gcc/arm-none-eabi/5.4.1/../../../../arm-none-eabi/lib/armv7-m\libg_nano.a(lib_a-memset.o)
 .bss           0x00000000        0x0 c:/program files (x86)/cypress/psoc creator/4.1/psoc creator/import/gnu/arm/5.4.1/bin/../lib/gcc/arm-none-eabi/5.4.1/../../../../arm-none-eabi/lib/armv7-m\libg_nano.a(lib_a-memset.o)
 .text          0x00000000        0x0 c:/program files (x86)/cypress/psoc creator/4.1/psoc creator/import/gnu/arm/5.4.1/bin/../lib/gcc/arm-none-eabi/5.4.1/armv7-m/crtend.o
 .data          0x00000000        0x0 c:/program files (x86)/cypress/psoc creator/4.1/psoc creator/import/gnu/arm/5.4.1/bin/../lib/gcc/arm-none-eabi/5.4.1/armv7-m/crtend.o
 .bss           0x00000000        0x0 c:/program files (x86)/cypress/psoc creator/4.1/psoc creator/import/gnu/arm/5.4.1/bin/../lib/gcc/arm-none-eabi/5.4.1/armv7-m/crtend.o
 .text          0x00000000        0x0 c:/program files (x86)/cypress/psoc creator/4.1/psoc creator/import/gnu/arm/5.4.1/bin/../lib/gcc/arm-none-eabi/5.4.1/armv7-m/crtn.o
 .data          0x00000000        0x0 c:/program files (x86)/cypress/psoc creator/4.1/psoc creator/import/gnu/arm/5.4.1/bin/../lib/gcc/arm-none-eabi/5.4.1/armv7-m/crtn.o
 .bss           0x00000000        0x0 c:/program files (x86)/cypress/psoc creator/4.1/psoc creator/import/gnu/arm/5.4.1/bin/../lib/gcc/arm-none-eabi/5.4.1/armv7-m/crtn.o

Memory Configuration

Name             Origin             Length             Attributes
rom              0x00000000         0x00040000         xr
ram              0x1fff8000         0x00010000         xrw
*default*        0x00000000         0xffffffff

Linker script and memory map

LOAD c:/program files (x86)/cypress/psoc creator/4.1/psoc creator/import/gnu/arm/5.4.1/bin/../lib/gcc/arm-none-eabi/5.4.1/armv7-m/crti.o
LOAD c:/program files (x86)/cypress/psoc creator/4.1/psoc creator/import/gnu/arm/5.4.1/bin/../lib/gcc/arm-none-eabi/5.4.1/armv7-m/crtbegin.o
LOAD c:/program files (x86)/cypress/psoc creator/4.1/psoc creator/import/gnu/arm/5.4.1/bin/../lib/gcc/arm-none-eabi/5.4.1/../../../../arm-none-eabi/lib/armv7-m/crt0.o
START GROUP
LOAD .\CortexM3\ARM_GCC_541\Debug\main.o
LOAD .\CortexM3\ARM_GCC_541\Debug\cyfitter_cfg.o
LOAD .\CortexM3\ARM_GCC_541\Debug\cymetadata.o
LOAD .\CortexM3\ARM_GCC_541\Debug\Cm3Start.o
LOAD .\CortexM3\ARM_GCC_541\Debug\LASER.a
LOAD C:\Program Files (x86)\Cypress\PSoC Creator\4.1\PSoC Creator\psoc\content\cycomponentlibrary\CyComponentLibrary.cylib\CortexM3\ARM_GCC_541\Debug\CyComponentLibrary.a
END GROUP
START GROUP
LOAD c:/program files (x86)/cypress/psoc creator/4.1/psoc creator/import/gnu/arm/5.4.1/bin/../lib/gcc/arm-none-eabi/5.4.1/armv7-m\libgcc.a
LOAD c:/program files (x86)/cypress/psoc creator/4.1/psoc creator/import/gnu/arm/5.4.1/bin/../lib/gcc/arm-none-eabi/5.4.1/../../../../arm-none-eabi/lib/armv7-m\libg_nano.a
LOAD c:/program files (x86)/cypress/psoc creator/4.1/psoc creator/import/gnu/arm/5.4.1/bin/../lib/gcc/arm-none-eabi/5.4.1/../../../../arm-none-eabi/lib/armv7-m\libc_nano.a
END GROUP
START GROUP
LOAD c:/program files (x86)/cypress/psoc creator/4.1/psoc creator/import/gnu/arm/5.4.1/bin/../lib/gcc/arm-none-eabi/5.4.1/armv7-m\libgcc.a
LOAD c:/program files (x86)/cypress/psoc creator/4.1/psoc creator/import/gnu/arm/5.4.1/bin/../lib/gcc/arm-none-eabi/5.4.1/../../../../arm-none-eabi/lib/armv7-m\libc_nano.a
END GROUP
LOAD c:/program files (x86)/cypress/psoc creator/4.1/psoc creator/import/gnu/arm/5.4.1/bin/../lib/gcc/arm-none-eabi/5.4.1/armv7-m/crtend.o
LOAD c:/program files (x86)/cypress/psoc creator/4.1/psoc creator/import/gnu/arm/5.4.1/bin/../lib/gcc/arm-none-eabi/5.4.1/armv7-m/crtn.o
START GROUP
LOAD c:/program files (x86)/cypress/psoc creator/4.1/psoc creator/import/gnu/arm/5.4.1/bin/../lib/gcc/arm-none-eabi/5.4.1/armv7-m\libgcc.a
LOAD c:/program files (x86)/cypress/psoc creator/4.1/psoc creator/import/gnu/arm/5.4.1/bin/../lib/gcc/arm-none-eabi/5.4.1/../../../../arm-none-eabi/lib/armv7-m\libc.a
LOAD c:/program files (x86)/cypress/psoc creator/4.1/psoc creator/import/gnu/arm/5.4.1/bin/../lib/gcc/arm-none-eabi/5.4.1/../../../../arm-none-eabi/lib/armv7-m\libnosys.a
END GROUP
                0x00000000                CY_APPL_ORIGIN = 0x0
                0x00000100                CY_FLASH_ROW_SIZE = 0x100
                0x00000020                CY_ECC_ROW_SIZE = 0x20
                0x00000000                CY_EE_IN_BTLDR = 0x0
                0x00000000                CY_APPL_LOADABLE = 0x0
                0x00000800                CY_EE_SIZE = 0x800
                0x00000001                CY_APPL_NUM = 0x1
                0x00000001                CY_APPL_MAX = 0x1
                0x00000040                CY_METADATA_SIZE = 0x40
                0x00000000                CY_APPL_LOADABLE = 0x0
                0x00000000                CY_CHECKSUM_EXCLUDE_SIZE = ALIGN (0x0, CY_FLASH_ROW_SIZE)
                [!provide]                PROVIDE (__cy_heap_start, _end)
                0x00000001                PROVIDE (__cy_region_num, ((__cy_regions_end - __cy_regions) / 0x10))
                0x20008000                PROVIDE (__cy_stack, (ORIGIN (ram) + LENGTH (ram)))
                [!provide]                PROVIDE (__cy_heap_end, (__cy_stack - 0x800))

.cybootloader   0x00000000        0x0
 *(.cybootloader)
                0x00000000                appl1_start = CY_APPL_ORIGIN?CY_APPL_ORIGIN:ALIGN (CY_FLASH_ROW_SIZE)
                0x0001ff00                appl2_start = (appl1_start + ALIGN ((((LENGTH (rom) - appl1_start) - (0x2 * CY_FLASH_ROW_SIZE)) / 0x2), CY_FLASH_ROW_SIZE))
                0x00000000                appl_start = (CY_APPL_NUM == 0x1)?appl1_start:appl2_start
                0x00000000                ecc_offset = ((appl_start / CY_FLASH_ROW_SIZE) * CY_ECC_ROW_SIZE)
                0x00000000                ee_offset = (CY_APPL_LOADABLE && ! (CY_EE_IN_BTLDR))?((CY_EE_SIZE / CY_APPL_MAX) * (CY_APPL_NUM - 0x1)):0x0
                0x00000800                ee_size = (CY_APPL_LOADABLE && ! (CY_EE_IN_BTLDR))?(CY_EE_SIZE / CY_APPL_MAX):CY_EE_SIZE
                [!provide]                PROVIDE (CY_ECC_OFFSET, ecc_offset)

.text           0x00000000      0xb0e
 CREATE_OBJECT_SYMBOLS
                0x00000000                PROVIDE (__cy_interrupt_vector, RomVectors)
 *(.romvectors)
 .romvectors    0x00000000       0x10 .\CortexM3\ARM_GCC_541\Debug\Cm3Start.o
                0x00000000                RomVectors
                0x00000001                ASSERT ((. != __cy_interrupt_vector), No interrupt vector)
                0x00000001                ASSERT (CY_APPL_ORIGIN?(SIZEOF (.cybootloader) <= CY_APPL_ORIGIN):0x1, Wrong image location)
                0x00000010                PROVIDE (__cy_reset, Reset)
 *(.text.Reset)
 .text.Reset    0x00000010       0x18 .\CortexM3\ARM_GCC_541\Debug\Cm3Start.o
                0x00000010                Reset
                0x00000001                ASSERT ((. != __cy_reset), No reset code)
 *(.dma_init)
                0x00000001                ASSERT ((((appl_start + .) <= 0x10000) || 0x1), DMA Init must be within the first 64k of flash)
 *(.text .text.* .gnu.linkonce.t.*)
 .text          0x00000028       0x5c c:/program files (x86)/cypress/psoc creator/4.1/psoc creator/import/gnu/arm/5.4.1/bin/../lib/gcc/arm-none-eabi/5.4.1/armv7-m/crtbegin.o
 .text.LCD      0x00000084       0x4c .\CortexM3\ARM_GCC_541\Debug\main.o
                0x00000084                LCD
 .text.main     0x000000d0       0x70 .\CortexM3\ARM_GCC_541\Debug\main.o
                0x000000d0                main
 .text.CyClockStartupError
                0x00000140        0x4 .\CortexM3\ARM_GCC_541\Debug\cyfitter_cfg.o
 .text.cfg_write_bytes32
                0x00000144       0x34 .\CortexM3\ARM_GCC_541\Debug\cyfitter_cfg.o
 .text.CYMEMZERO
                0x00000178        0xc .\CortexM3\ARM_GCC_541\Debug\cyfitter_cfg.o
 .text.ClockSetup
                0x00000184       0xb8 .\CortexM3\ARM_GCC_541\Debug\cyfitter_cfg.o
 .text.AnalogSetDefault
                0x0000023c       0x80 .\CortexM3\ARM_GCC_541\Debug\cyfitter_cfg.o
 .text.CYCONFIGCPY
                0x000002bc        0x8 .\CortexM3\ARM_GCC_541\Debug\cyfitter_cfg.o
 .text.cyfitter_cfg
                0x000002c4       0xe8 .\CortexM3\ARM_GCC_541\Debug\cyfitter_cfg.o
                0x000002c4                cyfitter_cfg
 .text.IntDefaultHandler
                0x000003ac       0x10 .\CortexM3\ARM_GCC_541\Debug\Cm3Start.o
                0x000003ac                IntDefaultHandler
 .text.Start_c  0x000003bc       0x4c .\CortexM3\ARM_GCC_541\Debug\Cm3Start.o
                0x000003bc                Start_c
 .text.initialize_psoc
                0x00000408       0x68 .\CortexM3\ARM_GCC_541\Debug\Cm3Start.o
                0x00000408                initialize_psoc
 .text.CyHalt   0x00000470        0x4 .\CortexM3\ARM_GCC_541\Debug\LASER.a(CyLib.o)
                0x00000470                CyHalt
 .text.CyDelay  0x00000474       0x2c .\CortexM3\ARM_GCC_541\Debug\LASER.a(CyLib.o)
                0x00000474                CyDelay
 .text.CyDelayUs
                0x000004a0       0x14 .\CortexM3\ARM_GCC_541\Debug\LASER.a(CyLib.o)
                0x000004a0                CyDelayUs
 .text.CyIntSetVector
                0x000004b4       0x28 .\CortexM3\ARM_GCC_541\Debug\LASER.a(CyLib.o)
                0x000004b4                CyIntSetVector
 .text.CyIntSetPriority
                0x000004dc       0x30 .\CortexM3\ARM_GCC_541\Debug\LASER.a(CyLib.o)
                0x000004dc                CyIntSetPriority
 .text.p0_7_Write
                0x0000050c       0x18 .\CortexM3\ARM_GCC_541\Debug\LASER.a(p0_7.o)
                0x0000050c                p0_7_Write
 .text.LCD_Char_1_WrCntrlNib
                0x00000524       0x34 .\CortexM3\ARM_GCC_541\Debug\LASER.a(LCD_Char_1.o)
 .text.LCD_Char_1_WrDatNib
                0x00000558       0x44 .\CortexM3\ARM_GCC_541\Debug\LASER.a(LCD_Char_1.o)
 .text.LCD_Char_1_IsReady
                0x0000059c       0xe4 .\CortexM3\ARM_GCC_541\Debug\LASER.a(LCD_Char_1.o)
                0x0000059c                LCD_Char_1_IsReady
 .text.LCD_Char_1_WriteData
                0x00000680       0x18 .\CortexM3\ARM_GCC_541\Debug\LASER.a(LCD_Char_1.o)
                0x00000680                LCD_Char_1_WriteData
 .text.LCD_Char_1_PrintString
                0x00000698       0x1c .\CortexM3\ARM_GCC_541\Debug\LASER.a(LCD_Char_1.o)
                0x00000698                LCD_Char_1_PrintString
 .text.LCD_Char_1_WriteControl
                0x000006b4       0x18 .\CortexM3\ARM_GCC_541\Debug\LASER.a(LCD_Char_1.o)
                0x000006b4                LCD_Char_1_WriteControl
 .text.LCD_Char_1_Init
                0x000006cc       0x6c .\CortexM3\ARM_GCC_541\Debug\LASER.a(LCD_Char_1.o)
                0x000006cc                LCD_Char_1_Init
 .text.LCD_Char_1_Enable
                0x00000738       0x14 .\CortexM3\ARM_GCC_541\Debug\LASER.a(LCD_Char_1.o)
                0x00000738                LCD_Char_1_Enable
 .text.LCD_Char_1_Start
                0x0000074c       0x1c .\CortexM3\ARM_GCC_541\Debug\LASER.a(LCD_Char_1.o)
                0x0000074c                LCD_Char_1_Start
 .text.LCD_Char_1_Position
                0x00000768       0x3c .\CortexM3\ARM_GCC_541\Debug\LASER.a(LCD_Char_1.o)
                0x00000768                LCD_Char_1_Position
 .text.ADC_SAR_1_CalcGain
                0x000007a4       0x5c .\CortexM3\ARM_GCC_541\Debug\LASER.a(ADC_SAR_1.o)
 .text.ADC_SAR_1_Enable
                0x00000800       0x94 .\CortexM3\ARM_GCC_541\Debug\LASER.a(ADC_SAR_1.o)
                0x00000800                ADC_SAR_1_Enable
 .text.ADC_SAR_1_SetResolution
                0x00000894       0x38 .\CortexM3\ARM_GCC_541\Debug\LASER.a(ADC_SAR_1.o)
                0x00000894                ADC_SAR_1_SetResolution
 .text.ADC_SAR_1_Init
                0x000008cc       0x3c .\CortexM3\ARM_GCC_541\Debug\LASER.a(ADC_SAR_1.o)
                0x000008cc                ADC_SAR_1_Init
 .text.ADC_SAR_1_Start
                0x00000908       0x1c .\CortexM3\ARM_GCC_541\Debug\LASER.a(ADC_SAR_1.o)
                0x00000908                ADC_SAR_1_Start
 .text.ADC_SAR_1_StartConvert
                0x00000924       0x10 .\CortexM3\ARM_GCC_541\Debug\LASER.a(ADC_SAR_1.o)
                0x00000924                ADC_SAR_1_StartConvert
 .text.ADC_SAR_1_GetResult8
                0x00000934       0x18 .\CortexM3\ARM_GCC_541\Debug\LASER.a(ADC_SAR_1.o)
                0x00000934                ADC_SAR_1_GetResult8
 .text.ADC_SAR_1_ISR
                0x0000094c        0x4 .\CortexM3\ARM_GCC_541\Debug\LASER.a(ADC_SAR_1_INT.o)
                0x0000094c                ADC_SAR_1_ISR
 .text.p3_2_Read
                0x00000950       0x10 .\CortexM3\ARM_GCC_541\Debug\LASER.a(p3_2.o)
                0x00000950                p3_2_Read
 .text.ADC_SAR_1_theACLK_SetModeRegister
                0x00000960       0x14 .\CortexM3\ARM_GCC_541\Debug\LASER.a(ADC_SAR_1_theACLK.o)
                0x00000960                ADC_SAR_1_theACLK_SetModeRegister
 .text.VDAC8_1_Enable
                0x00000974       0x1c .\CortexM3\ARM_GCC_541\Debug\LASER.a(VDAC8_1.o)
                0x00000974                VDAC8_1_Enable
 .text.VDAC8_1_SetSpeed
                0x00000990       0x1c .\CortexM3\ARM_GCC_541\Debug\LASER.a(VDAC8_1.o)
                0x00000990                VDAC8_1_SetSpeed
 .text.VDAC8_1_SetValue
                0x000009ac        0xc .\CortexM3\ARM_GCC_541\Debug\LASER.a(VDAC8_1.o)
                0x000009ac                VDAC8_1_SetValue
 .text.VDAC8_1_DacTrim
                0x000009b8       0x24 .\CortexM3\ARM_GCC_541\Debug\LASER.a(VDAC8_1.o)
                0x000009b8                VDAC8_1_DacTrim
 .text.VDAC8_1_SetRange
                0x000009dc       0x20 .\CortexM3\ARM_GCC_541\Debug\LASER.a(VDAC8_1.o)
                0x000009dc                VDAC8_1_SetRange
 .text.VDAC8_1_Init
                0x000009fc       0x20 .\CortexM3\ARM_GCC_541\Debug\LASER.a(VDAC8_1.o)
                0x000009fc                VDAC8_1_Init
 .text.VDAC8_1_Start
                0x00000a1c       0x24 .\CortexM3\ARM_GCC_541\Debug\LASER.a(VDAC8_1.o)
                0x00000a1c                VDAC8_1_Start
 .text.p0_5_Write
                0x00000a40       0x18 .\CortexM3\ARM_GCC_541\Debug\LASER.a(p0_5.o)
                0x00000a40                p0_5_Write
 .text.p0_6_Write
                0x00000a58       0x18 .\CortexM3\ARM_GCC_541\Debug\LASER.a(p0_6.o)
                0x00000a58                p0_6_Write
 .text          0x00000a70       0x20 .\CortexM3\ARM_GCC_541\Debug\LASER.a(CyBootAsmGnu.o)
                0x00000a70                CyDelayCycles
                0x00000a80                CyEnterCriticalSection
                0x00000a88                CyExitCriticalSection
 .text.__errno  0x00000a90        0xc c:/program files (x86)/cypress/psoc creator/4.1/psoc creator/import/gnu/arm/5.4.1/bin/../lib/gcc/arm-none-eabi/5.4.1/../../../../arm-none-eabi/lib/armv7-m\libg_nano.a(lib_a-errno.o)
                0x00000a90                __errno
 .text.__libc_init_array
                0x00000a9c       0x4c c:/program files (x86)/cypress/psoc creator/4.1/psoc creator/import/gnu/arm/5.4.1/bin/../lib/gcc/arm-none-eabi/5.4.1/../../../../arm-none-eabi/lib/armv7-m\libg_nano.a(lib_a-init.o)
                0x00000a9c                __libc_init_array
 .text.memcpy   0x00000ae8       0x16 c:/program files (x86)/cypress/psoc creator/4.1/psoc creator/import/gnu/arm/5.4.1/bin/../lib/gcc/arm-none-eabi/5.4.1/../../../../arm-none-eabi/lib/armv7-m\libg_nano.a(lib_a-memcpy-stub.o)
                0x00000ae8                memcpy
 .text.memset   0x00000afe       0x10 c:/program files (x86)/cypress/psoc creator/4.1/psoc creator/import/gnu/arm/5.4.1/bin/../lib/gcc/arm-none-eabi/5.4.1/../../../../arm-none-eabi/lib/armv7-m\libg_nano.a(lib_a-memset.o)
                0x00000afe                memset
 *(.plt)
 *(.gnu.warning)
 *(.glue_7t)
 .glue_7t       0x00000b0e        0x0 linker stubs
 *(.glue_7)
 .glue_7        0x00000b0e        0x0 linker stubs
 *(.vfp11_veneer)
 .vfp11_veneer  0x00000b0e        0x0 linker stubs
 *(.bootloader)
 *(.ARM.extab* .gnu.linkonce.armextab.*)
 *(.gcc_except_table)

.v4_bx          0x00000b10        0x0
 .v4_bx         0x00000b10        0x0 linker stubs

.iplt           0x00000b10        0x0
 .iplt          0x00000b10        0x0 c:/program files (x86)/cypress/psoc creator/4.1/psoc creator/import/gnu/arm/5.4.1/bin/../lib/gcc/arm-none-eabi/5.4.1/armv7-m/crtbegin.o

.eh_frame_hdr
 *(.eh_frame_hdr)

.eh_frame       0x00000b10        0x4
 *(.eh_frame)
 .eh_frame      0x00000b10        0x0 c:/program files (x86)/cypress/psoc creator/4.1/psoc creator/import/gnu/arm/5.4.1/bin/../lib/gcc/arm-none-eabi/5.4.1/armv7-m/crtbegin.o
 .eh_frame      0x00000b10        0x4 c:/program files (x86)/cypress/psoc creator/4.1/psoc creator/import/gnu/arm/5.4.1/bin/../lib/gcc/arm-none-eabi/5.4.1/armv7-m/crtend.o
                [!provide]                PROVIDE (__exidx_start, .)

.ARM.exidx
 *(.ARM.exidx* .gnu.linkonce.armexidx.*)
                0x00000b14                __exidx_end = .

.rodata         0x00000b14       0xa4
 *(.rodata .rodata.* .gnu.linkonce.r.*)
 .rodata.str1.4
                0x00000b14       0x3c .\CortexM3\ARM_GCC_541\Debug\main.o
                                 0x39 (size before relaxing)
 .rodata        0x00000b50       0x30 .\CortexM3\ARM_GCC_541\Debug\cyfitter_cfg.o
 .rodata.str1.1
                0x00000b80        0x2 c:/program files (x86)/cypress/psoc creator/4.1/psoc creator/import/gnu/arm/5.4.1/bin/../lib/gcc/arm-none-eabi/5.4.1/../../../../arm-none-eabi/lib/armv7-m\libg_nano.a(lib_a-impure.o)
                0x00000b84                . = ALIGN (0x4)
 *fill*         0x00000b82        0x2 
 *(.init)
 .init          0x00000b84        0x4 c:/program files (x86)/cypress/psoc creator/4.1/psoc creator/import/gnu/arm/5.4.1/bin/../lib/gcc/arm-none-eabi/5.4.1/armv7-m/crti.o
                0x00000b84                _init
 .init          0x00000b88        0x8 c:/program files (x86)/cypress/psoc creator/4.1/psoc creator/import/gnu/arm/5.4.1/bin/../lib/gcc/arm-none-eabi/5.4.1/armv7-m/crtn.o
                0x00000b90                . = ALIGN (0x4)
                0x00000b90                __preinit_array_start = .
 *(.preinit_array)
                0x00000b90                __preinit_array_end = .
                0x00000b90                . = ALIGN (0x4)
                0x00000b90                __init_array_start = .
 *(SORT(.init_array.*))
 *(.init_array)
 .init_array    0x00000b90        0x4 c:/program files (x86)/cypress/psoc creator/4.1/psoc creator/import/gnu/arm/5.4.1/bin/../lib/gcc/arm-none-eabi/5.4.1/armv7-m/crtbegin.o
 .init_array    0x00000b94        0x4 .\CortexM3\ARM_GCC_541\Debug\Cm3Start.o
                0x00000b98                __init_array_end = .
                0x00000b98                . = ALIGN (0x4)
 *(.fini)
 .fini          0x00000b98        0x4 c:/program files (x86)/cypress/psoc creator/4.1/psoc creator/import/gnu/arm/5.4.1/bin/../lib/gcc/arm-none-eabi/5.4.1/armv7-m/crti.o
                0x00000b98                _fini
 .fini          0x00000b9c        0x8 c:/program files (x86)/cypress/psoc creator/4.1/psoc creator/import/gnu/arm/5.4.1/bin/../lib/gcc/arm-none-eabi/5.4.1/armv7-m/crtn.o
                0x00000ba4                . = ALIGN (0x4)
                0x00000ba4                __fini_array_start = .
 *(.fini_array)
 .fini_array    0x00000ba4        0x4 c:/program files (x86)/cypress/psoc creator/4.1/psoc creator/import/gnu/arm/5.4.1/bin/../lib/gcc/arm-none-eabi/5.4.1/armv7-m/crtbegin.o
 *(SORT(.fini_array.*))
                0x00000ba8                __fini_array_end = .
                0x00000ba8                . = ALIGN (0x4)
 *crtbegin.o(.ctors)
 *(EXCLUDE_FILE(*crtend.o) .ctors)
 *(SORT(.ctors.*))
 *crtend.o(.ctors)
                0x00000ba8                . = ALIGN (0x4)
 *crtbegin.o(.dtors)
 *(EXCLUDE_FILE(*crtend.o) .dtors)
 *(SORT(.dtors.*))
 *crtend.o(.dtors)
                0x00000ba8                . = ALIGN (0x4)
                0x00000ba8                __cy_regions = .
                0x00000ba8        0x4 LONG 0xbb8 __cy_region_init_ram
                0x00000bac        0x4 LONG 0x1fff80c8 __cy_region_start_data
                0x00000bb0        0x4 LONG 0x78 __cy_region_init_size_ram
                0x00000bb4        0x4 LONG 0x30 __cy_region_zero_size_ram
                0x00000bb8                __cy_regions_end = .
                0x00000bb8                . = ALIGN (0x8)
                0x00000bb8                _etext = .

.cy_checksum_exclude
                0x00000bb8        0x0
 *(.cy_checksum_exclude)

.ramvectors     0x1fff8000       0xc0
                0x1fff8000                __cy_region_start_ram = .
 *(.ramvectors)
 .ramvectors    0x1fff8000       0xc0 .\CortexM3\ARM_GCC_541\Debug\Cm3Start.o
                0x1fff8000                CyRamVectors

.noinit         0x1fff80c0        0x1
 *(.noinit)
 .noinit        0x1fff80c0        0x1 .\CortexM3\ARM_GCC_541\Debug\LASER.a(CyLib.o)
                0x1fff80c0                CyResetStatus

.data           0x1fff80c8       0x78 load address 0x00000bb8
                0x1fff80c8                __cy_region_start_data = .
 *(.jcr)
 .jcr           0x1fff80c8        0x0 c:/program files (x86)/cypress/psoc creator/4.1/psoc creator/import/gnu/arm/5.4.1/bin/../lib/gcc/arm-none-eabi/5.4.1/armv7-m/crtbegin.o
 .jcr           0x1fff80c8        0x4 c:/program files (x86)/cypress/psoc creator/4.1/psoc creator/import/gnu/arm/5.4.1/bin/../lib/gcc/arm-none-eabi/5.4.1/armv7-m/crtend.o
 *(.got.plt)
 *(.got)
 *(.shdata)
 *(.data .data.* .gnu.linkonce.d.*)
 .data          0x1fff80cc       0x10 .\CortexM3\ARM_GCC_541\Debug\LASER.a(CyLib.o)
                0x1fff80cc                cydelay_32k_ms
                0x1fff80d0                cydelay_freq_khz
                0x1fff80d4                cydelay_freq_mhz
                0x1fff80d8                cydelay_freq_hz
 .data.impure_data
                0x1fff80dc       0x60 c:/program files (x86)/cypress/psoc creator/4.1/psoc creator/import/gnu/arm/5.4.1/bin/../lib/gcc/arm-none-eabi/5.4.1/../../../../arm-none-eabi/lib/armv7-m\libg_nano.a(lib_a-impure.o)
 .data._impure_ptr
                0x1fff813c        0x4 c:/program files (x86)/cypress/psoc creator/4.1/psoc creator/import/gnu/arm/5.4.1/bin/../lib/gcc/arm-none-eabi/5.4.1/../../../../arm-none-eabi/lib/armv7-m\libg_nano.a(lib_a-impure.o)
                0x1fff813c                _impure_ptr
                0x1fff8140                . = ALIGN (0x8)
 *(.ram)
                0x1fff8140                _edata = .

.igot.plt       0x1fff8140        0x0 load address 0x00000c30
 .igot.plt      0x1fff8140        0x0 c:/program files (x86)/cypress/psoc creator/4.1/psoc creator/import/gnu/arm/5.4.1/bin/../lib/gcc/arm-none-eabi/5.4.1/armv7-m/crtbegin.o

.bss            0x1fff8140       0x30 load address 0x00000c30
                0x1fff8140                PROVIDE (__bss_start__, .)
 *(.shbss)
 *(.bss .bss.* .gnu.linkonce.b.*)
 .bss           0x1fff8140       0x1c c:/program files (x86)/cypress/psoc creator/4.1/psoc creator/import/gnu/arm/5.4.1/bin/../lib/gcc/arm-none-eabi/5.4.1/armv7-m/crtbegin.o
 .bss           0x1fff815c        0x2 .\CortexM3\ARM_GCC_541\Debug\LASER.a(LCD_Char_1.o)
                0x1fff815c                LCD_Char_1_enableState
                0x1fff815d                LCD_Char_1_initVar
 .bss           0x1fff815e        0x1 .\CortexM3\ARM_GCC_541\Debug\LASER.a(ADC_SAR_1.o)
                0x1fff815e                ADC_SAR_1_initVar
 .bss           0x1fff815f        0x1 .\CortexM3\ARM_GCC_541\Debug\LASER.a(VDAC8_1.o)
                0x1fff815f                VDAC8_1_initVar
 *(COMMON)
 COMMON         0x1fff8160        0xa .\CortexM3\ARM_GCC_541\Debug\LASER.a(ADC_SAR_1.o)
                0x1fff8160                ADC_SAR_1_countsPerVolt
                0x1fff8162                ADC_SAR_1_shift
                0x1fff8164                ADC_SAR_1_countsPer10Volt
                0x1fff8168                ADC_SAR_1_offset
                0x1fff8170                . = ALIGN (0x8)
 *fill*         0x1fff816a        0x6 
 *(.ram.b)
                0x1fff8170                _end = .
                0x1fff8170                __end = .
                0x1fff8170                PROVIDE (end, .)
                0x1fff8170                PROVIDE (__bss_end__, .)
                0x00000bb8                __cy_region_init_ram = LOADADDR (.data)
                0x00000078                __cy_region_init_size_ram = (_edata - ADDR (.data))
                0x00000030                __cy_region_zero_size_ram = (_end - _edata)

.heap           0x1fff8170       0x80 load address 0x00000c30
                0x1fff8170                . = _end
                0x1fff81f0                . = (. + 0x80)
 *fill*         0x1fff8170       0x80 
                0x1fff81f0                __cy_heap_limit = .

.stack          0x20007800      0x800
                0x20007800                __cy_stack_limit = .
                0x20008000                . = (. + 0x800)
 *fill*         0x20007800      0x800 
                0x00000001                ASSERT ((__cy_stack_limit >= __cy_heap_limit), region RAM overflowed with stack)
                0x00000000                cy_checksum_exclude_size = (CY_APPL_LOADABLE == 0x1)?SIZEOF (.cy_checksum_exclude):0x0
                0x00000001                ASSERT ((cy_checksum_exclude_size <= CY_CHECKSUM_EXCLUDE_SIZE), CY_BOOT: Section .cy_checksum_exclude size exceedes specified limit.)

.cyloadermeta
 *(.cyloadermeta)

.cyloadablemeta
 *(.cyloadablemeta)

.cyconfigecc    0x80000000       0x80
 *(.cyconfigecc)
 .cyconfigecc   0x80000000       0x80 .\CortexM3\ARM_GCC_541\Debug\cymetadata.o
                0x80000000                cy_meta_configecc

.cycustnvl      0x90000000        0x4
 *(.cycustnvl)
 .cycustnvl     0x90000000        0x4 .\CortexM3\ARM_GCC_541\Debug\cymetadata.o
                0x90000000                cy_meta_custnvl

.cywolatch      0x90100000        0x4
 *(.cywolatch)
 .cywolatch     0x90100000        0x4 .\CortexM3\ARM_GCC_541\Debug\cymetadata.o
                0x90100000                cy_meta_wonvl

.cyeeprom       0x90200000        0x0
 *(.cyeeprom)
                0x00000001                ASSERT ((. <= ((0x90200000 + ee_offset) + ee_size)), .cyeeprom data will not fit in EEPROM)

.cyflashprotect
                0x90400000      0x100
 *(.cyflashprotect)
 .cyflashprotect
                0x90400000      0x100 .\CortexM3\ARM_GCC_541\Debug\cymetadata.o
                0x90400000                cy_meta_flashprotect

.cymeta         0x90500000        0xc
 *(.cymeta)
 .cymeta        0x90500000        0xc .\CortexM3\ARM_GCC_541\Debug\cymetadata.o
                0x90500000                cy_metadata

.rel.dyn        0x00000c30        0x0 load address 0x9050000c
 .rel.iplt      0x00000c30        0x0 c:/program files (x86)/cypress/psoc creator/4.1/psoc creator/import/gnu/arm/5.4.1/bin/../lib/gcc/arm-none-eabi/5.4.1/armv7-m/crtbegin.o

.stab
 *(.stab)

.stabstr
 *(.stabstr)

.debug
 *(.debug)

.line
 *(.line)

.debug_srcinfo
 *(.debug_srcinfo)

.debug_sfnames
 *(.debug_sfnames)

.debug_aranges  0x00000000      0x840
 *(.debug_aranges)
 .debug_aranges
                0x00000000       0x30 .\CortexM3\ARM_GCC_541\Debug\main.o
 .debug_aranges
                0x00000030       0x58 .\CortexM3\ARM_GCC_541\Debug\cyfitter_cfg.o
 .debug_aranges
                0x00000088       0x18 .\CortexM3\ARM_GCC_541\Debug\cymetadata.o
 .debug_aranges
                0x000000a0       0x48 .\CortexM3\ARM_GCC_541\Debug\Cm3Start.o
 .debug_aranges
                0x000000e8      0x2a0 .\CortexM3\ARM_GCC_541\Debug\LASER.a(CyLib.o)
 .debug_aranges
                0x00000388       0x98 .\CortexM3\ARM_GCC_541\Debug\LASER.a(cyPm.o)
 .debug_aranges
                0x00000420       0x38 .\CortexM3\ARM_GCC_541\Debug\LASER.a(p0_7.o)
 .debug_aranges
                0x00000458       0x98 .\CortexM3\ARM_GCC_541\Debug\LASER.a(LCD_Char_1.o)
 .debug_aranges
                0x000004f0       0xa8 .\CortexM3\ARM_GCC_541\Debug\LASER.a(ADC_SAR_1.o)
 .debug_aranges
                0x00000598       0x20 .\CortexM3\ARM_GCC_541\Debug\LASER.a(ADC_SAR_1_INT.o)
 .debug_aranges
                0x000005b8       0x38 .\CortexM3\ARM_GCC_541\Debug\LASER.a(p3_2.o)
 .debug_aranges
                0x000005f0       0x70 .\CortexM3\ARM_GCC_541\Debug\LASER.a(ADC_SAR_1_theACLK.o)
 .debug_aranges
                0x00000660       0x58 .\CortexM3\ARM_GCC_541\Debug\LASER.a(VDAC8_1.o)
 .debug_aranges
                0x000006b8       0x38 .\CortexM3\ARM_GCC_541\Debug\LASER.a(p0_5.o)
 .debug_aranges
                0x000006f0       0x38 .\CortexM3\ARM_GCC_541\Debug\LASER.a(p0_6.o)
 .debug_aranges
                0x00000728       0x20 .\CortexM3\ARM_GCC_541\Debug\LASER.a(CyBootAsmGnu.o)
 .debug_aranges
                0x00000748       0x80 .\CortexM3\ARM_GCC_541\Debug\LASER.a(CyFlash.o)
 .debug_aranges
                0x000007c8       0x78 .\CortexM3\ARM_GCC_541\Debug\LASER.a(CySpc.o)

.debug_pubnames
 *(.debug_pubnames)

.debug_info     0x00000000     0x4d2c
 *(.debug_info .gnu.linkonce.wi.*)
 .debug_info    0x00000000      0x403 .\CortexM3\ARM_GCC_541\Debug\main.o
 .debug_info    0x00000403      0x52b .\CortexM3\ARM_GCC_541\Debug\cyfitter_cfg.o
 .debug_info    0x0000092e      0x134 .\CortexM3\ARM_GCC_541\Debug\cymetadata.o
 .debug_info    0x00000a62      0x3bb .\CortexM3\ARM_GCC_541\Debug\Cm3Start.o
 .debug_info    0x00000e1d     0x1374 .\CortexM3\ARM_GCC_541\Debug\LASER.a(CyLib.o)
 .debug_info    0x00002191      0xa2a .\CortexM3\ARM_GCC_541\Debug\LASER.a(cyPm.o)
 .debug_info    0x00002bbb      0x11f .\CortexM3\ARM_GCC_541\Debug\LASER.a(p0_7.o)
 .debug_info    0x00002cda      0x715 .\CortexM3\ARM_GCC_541\Debug\LASER.a(LCD_Char_1.o)
 .debug_info    0x000033ef      0x5c0 .\CortexM3\ARM_GCC_541\Debug\LASER.a(ADC_SAR_1.o)
 .debug_info    0x000039af       0x92 .\CortexM3\ARM_GCC_541\Debug\LASER.a(ADC_SAR_1_INT.o)
 .debug_info    0x00003a41      0x11f .\CortexM3\ARM_GCC_541\Debug\LASER.a(p3_2.o)
 .debug_info    0x00003b60      0x283 .\CortexM3\ARM_GCC_541\Debug\LASER.a(ADC_SAR_1_theACLK.o)
 .debug_info    0x00003de3      0x1de .\CortexM3\ARM_GCC_541\Debug\LASER.a(VDAC8_1.o)
 .debug_info    0x00003fc1      0x11f .\CortexM3\ARM_GCC_541\Debug\LASER.a(p0_5.o)
 .debug_info    0x000040e0      0x11f .\CortexM3\ARM_GCC_541\Debug\LASER.a(p0_6.o)
 .debug_info    0x000041ff       0x8c .\CortexM3\ARM_GCC_541\Debug\LASER.a(CyBootAsmGnu.o)
 .debug_info    0x0000428b      0x5b8 .\CortexM3\ARM_GCC_541\Debug\LASER.a(CyFlash.o)
 .debug_info    0x00004843      0x4e9 .\CortexM3\ARM_GCC_541\Debug\LASER.a(CySpc.o)

.debug_abbrev   0x00000000     0x1444
 *(.debug_abbrev)
 .debug_abbrev  0x00000000      0x10d .\CortexM3\ARM_GCC_541\Debug\main.o
 .debug_abbrev  0x0000010d      0x1fe .\CortexM3\ARM_GCC_541\Debug\cyfitter_cfg.o
 .debug_abbrev  0x0000030b       0x5d .\CortexM3\ARM_GCC_541\Debug\cymetadata.o
 .debug_abbrev  0x00000368      0x1e8 .\CortexM3\ARM_GCC_541\Debug\Cm3Start.o
 .debug_abbrev  0x00000550      0x254 .\CortexM3\ARM_GCC_541\Debug\LASER.a(CyLib.o)
 .debug_abbrev  0x000007a4      0x1ab .\CortexM3\ARM_GCC_541\Debug\LASER.a(cyPm.o)
 .debug_abbrev  0x0000094f       0x90 .\CortexM3\ARM_GCC_541\Debug\LASER.a(p0_7.o)
 .debug_abbrev  0x000009df      0x157 .\CortexM3\ARM_GCC_541\Debug\LASER.a(LCD_Char_1.o)
 .debug_abbrev  0x00000b36      0x1ac .\CortexM3\ARM_GCC_541\Debug\LASER.a(ADC_SAR_1.o)
 .debug_abbrev  0x00000ce2       0x42 .\CortexM3\ARM_GCC_541\Debug\LASER.a(ADC_SAR_1_INT.o)
 .debug_abbrev  0x00000d24       0x90 .\CortexM3\ARM_GCC_541\Debug\LASER.a(p3_2.o)
 .debug_abbrev  0x00000db4      0x139 .\CortexM3\ARM_GCC_541\Debug\LASER.a(ADC_SAR_1_theACLK.o)
 .debug_abbrev  0x00000eed       0xf7 .\CortexM3\ARM_GCC_541\Debug\LASER.a(VDAC8_1.o)
 .debug_abbrev  0x00000fe4       0x90 .\CortexM3\ARM_GCC_541\Debug\LASER.a(p0_5.o)
 .debug_abbrev  0x00001074       0x90 .\CortexM3\ARM_GCC_541\Debug\LASER.a(p0_6.o)
 .debug_abbrev  0x00001104       0x14 .\CortexM3\ARM_GCC_541\Debug\LASER.a(CyBootAsmGnu.o)
 .debug_abbrev  0x00001118      0x198 .\CortexM3\ARM_GCC_541\Debug\LASER.a(CyFlash.o)
 .debug_abbrev  0x000012b0      0x194 .\CortexM3\ARM_GCC_541\Debug\LASER.a(CySpc.o)

.debug_line     0x00000000     0x2052
 *(.debug_line)
 .debug_line    0x00000000      0x1f3 .\CortexM3\ARM_GCC_541\Debug\main.o
 .debug_line    0x000001f3      0x1e3 .\CortexM3\ARM_GCC_541\Debug\cyfitter_cfg.o
 .debug_line    0x000003d6      0x141 .\CortexM3\ARM_GCC_541\Debug\cymetadata.o
 .debug_line    0x00000517      0x234 .\CortexM3\ARM_GCC_541\Debug\Cm3Start.o
 .debug_line    0x0000074b      0x816 .\CortexM3\ARM_GCC_541\Debug\LASER.a(CyLib.o)
 .debug_line    0x00000f61      0x367 .\CortexM3\ARM_GCC_541\Debug\LASER.a(cyPm.o)
 .debug_line    0x000012c8       0x91 .\CortexM3\ARM_GCC_541\Debug\LASER.a(p0_7.o)
 .debug_line    0x00001359      0x1e3 .\CortexM3\ARM_GCC_541\Debug\LASER.a(LCD_Char_1.o)
 .debug_line    0x0000153c      0x21e .\CortexM3\ARM_GCC_541\Debug\LASER.a(ADC_SAR_1.o)
 .debug_line    0x0000175a       0x56 .\CortexM3\ARM_GCC_541\Debug\LASER.a(ADC_SAR_1_INT.o)
 .debug_line    0x000017b0       0x91 .\CortexM3\ARM_GCC_541\Debug\LASER.a(p3_2.o)
 .debug_line    0x00001841      0x180 .\CortexM3\ARM_GCC_541\Debug\LASER.a(ADC_SAR_1_theACLK.o)
 .debug_line    0x000019c1       0xe4 .\CortexM3\ARM_GCC_541\Debug\LASER.a(VDAC8_1.o)
 .debug_line    0x00001aa5       0x91 .\CortexM3\ARM_GCC_541\Debug\LASER.a(p0_5.o)
 .debug_line    0x00001b36       0x91 .\CortexM3\ARM_GCC_541\Debug\LASER.a(p0_6.o)
 .debug_line    0x00001bc7       0x66 .\CortexM3\ARM_GCC_541\Debug\LASER.a(CyBootAsmGnu.o)
 .debug_line    0x00001c2d      0x1e9 .\CortexM3\ARM_GCC_541\Debug\LASER.a(CyFlash.o)
 .debug_line    0x00001e16      0x23c .\CortexM3\ARM_GCC_541\Debug\LASER.a(CySpc.o)

.debug_frame    0x00000000     0x15e4
 *(.debug_frame)
 .debug_frame   0x00000000       0x68 .\CortexM3\ARM_GCC_541\Debug\main.o
 .debug_frame   0x00000068       0xfc .\CortexM3\ARM_GCC_541\Debug\cyfitter_cfg.o
 .debug_frame   0x00000164       0xb8 .\CortexM3\ARM_GCC_541\Debug\Cm3Start.o
 .debug_frame   0x0000021c      0x738 .\CortexM3\ARM_GCC_541\Debug\LASER.a(CyLib.o)
 .debug_frame   0x00000954      0x1f8 .\CortexM3\ARM_GCC_541\Debug\LASER.a(cyPm.o)
 .debug_frame   0x00000b4c       0x50 .\CortexM3\ARM_GCC_541\Debug\LASER.a(p0_7.o)
 .debug_frame   0x00000b9c      0x1e8 .\CortexM3\ARM_GCC_541\Debug\LASER.a(LCD_Char_1.o)
 .debug_frame   0x00000d84      0x1b0 .\CortexM3\ARM_GCC_541\Debug\LASER.a(ADC_SAR_1.o)
 .debug_frame   0x00000f34       0x20 .\CortexM3\ARM_GCC_541\Debug\LASER.a(ADC_SAR_1_INT.o)
 .debug_frame   0x00000f54       0x50 .\CortexM3\ARM_GCC_541\Debug\LASER.a(p3_2.o)
 .debug_frame   0x00000fa4       0xe0 .\CortexM3\ARM_GCC_541\Debug\LASER.a(ADC_SAR_1_theACLK.o)
 .debug_frame   0x00001084       0xb4 .\CortexM3\ARM_GCC_541\Debug\LASER.a(VDAC8_1.o)
 .debug_frame   0x00001138       0x50 .\CortexM3\ARM_GCC_541\Debug\LASER.a(p0_5.o)
 .debug_frame   0x00001188       0x50 .\CortexM3\ARM_GCC_541\Debug\LASER.a(p0_6.o)
 .debug_frame   0x000011d8      0x174 .\CortexM3\ARM_GCC_541\Debug\LASER.a(CyFlash.o)
 .debug_frame   0x0000134c      0x160 .\CortexM3\ARM_GCC_541\Debug\LASER.a(CySpc.o)
 .debug_frame   0x000014ac       0x44 c:/program files (x86)/cypress/psoc creator/4.1/psoc creator/import/gnu/arm/5.4.1/bin/../lib/gcc/arm-none-eabi/5.4.1/armv7-m\libgcc.a(_aeabi_ldivmod.o)
 .debug_frame   0x000014f0       0x38 c:/program files (x86)/cypress/psoc creator/4.1/psoc creator/import/gnu/arm/5.4.1/bin/../lib/gcc/arm-none-eabi/5.4.1/armv7-m\libgcc.a(_udivmoddi4.o)
 .debug_frame   0x00001528       0x20 c:/program files (x86)/cypress/psoc creator/4.1/psoc creator/import/gnu/arm/5.4.1/bin/../lib/gcc/arm-none-eabi/5.4.1/../../../../arm-none-eabi/lib/armv7-m\libg_nano.a(lib_a-errno.o)
 .debug_frame   0x00001548       0x28 c:/program files (x86)/cypress/psoc creator/4.1/psoc creator/import/gnu/arm/5.4.1/bin/../lib/gcc/arm-none-eabi/5.4.1/../../../../arm-none-eabi/lib/armv7-m\libg_nano.a(lib_a-exit.o)
 .debug_frame   0x00001570       0x2c c:/program files (x86)/cypress/psoc creator/4.1/psoc creator/import/gnu/arm/5.4.1/bin/../lib/gcc/arm-none-eabi/5.4.1/../../../../arm-none-eabi/lib/armv7-m\libg_nano.a(lib_a-init.o)
 .debug_frame   0x0000159c       0x28 c:/program files (x86)/cypress/psoc creator/4.1/psoc creator/import/gnu/arm/5.4.1/bin/../lib/gcc/arm-none-eabi/5.4.1/../../../../arm-none-eabi/lib/armv7-m\libg_nano.a(lib_a-memcpy-stub.o)
 .debug_frame   0x000015c4       0x20 c:/program files (x86)/cypress/psoc creator/4.1/psoc creator/import/gnu/arm/5.4.1/bin/../lib/gcc/arm-none-eabi/5.4.1/../../../../arm-none-eabi/lib/armv7-m\libg_nano.a(lib_a-memset.o)

.debug_str      0x00000000     0x1b28
 *(.debug_str)
 .debug_str     0x00000000      0x270 .\CortexM3\ARM_GCC_541\Debug\main.o
                                0x2cd (size before relaxing)
 .debug_str     0x00000270      0x17e .\CortexM3\ARM_GCC_541\Debug\cyfitter_cfg.o
                                0x315 (size before relaxing)
 .debug_str     0x000003ee       0x75 .\CortexM3\ARM_GCC_541\Debug\cymetadata.o
                                0x1e0 (size before relaxing)
 .debug_str     0x00000463      0x144 .\CortexM3\ARM_GCC_541\Debug\Cm3Start.o
                                0x306 (size before relaxing)
 .debug_str     0x000005a7      0x84a .\CortexM3\ARM_GCC_541\Debug\LASER.a(CyLib.o)
                                0xa43 (size before relaxing)
 .debug_str     0x00000df1      0x365 .\CortexM3\ARM_GCC_541\Debug\LASER.a(cyPm.o)
                                0x72f (size before relaxing)
 .debug_str     0x00001156       0x56 .\CortexM3\ARM_GCC_541\Debug\LASER.a(p0_7.o)
                                0x1d9 (size before relaxing)
 .debug_str     0x000011ac      0x198 .\CortexM3\ARM_GCC_541\Debug\LASER.a(LCD_Char_1.o)
                                0x3b3 (size before relaxing)
 .debug_str     0x00001344      0x246 .\CortexM3\ARM_GCC_541\Debug\LASER.a(ADC_SAR_1.o)
                                0x4b9 (size before relaxing)
 .debug_str     0x0000158a       0x35 .\CortexM3\ARM_GCC_541\Debug\LASER.a(ADC_SAR_1_INT.o)
                                0x197 (size before relaxing)
 .debug_str     0x000015bf       0x4c .\CortexM3\ARM_GCC_541\Debug\LASER.a(p3_2.o)
                                0x1d9 (size before relaxing)
 .debug_str     0x0000160b      0x1b8 .\CortexM3\ARM_GCC_541\Debug\LASER.a(ADC_SAR_1_theACLK.o)
                                0x362 (size before relaxing)
 .debug_str     0x000017c3       0x87 .\CortexM3\ARM_GCC_541\Debug\LASER.a(VDAC8_1.o)
                                0x22f (size before relaxing)
 .debug_str     0x0000184a       0x4b .\CortexM3\ARM_GCC_541\Debug\LASER.a(p0_5.o)
                                0x1d9 (size before relaxing)
 .debug_str     0x00001895       0x4b .\CortexM3\ARM_GCC_541\Debug\LASER.a(p0_6.o)
                                0x1d9 (size before relaxing)
 .debug_str     0x000018e0      0x19c .\CortexM3\ARM_GCC_541\Debug\LASER.a(CyFlash.o)
                                0x39d (size before relaxing)
 .debug_str     0x00001a7c       0xac .\CortexM3\ARM_GCC_541\Debug\LASER.a(CySpc.o)
                                0x326 (size before relaxing)

.debug_loc      0x00000000     0x2246
 *(.debug_loc)
 .debug_loc     0x00000000       0xc9 .\CortexM3\ARM_GCC_541\Debug\main.o
 .debug_loc     0x000000c9      0x1fd .\CortexM3\ARM_GCC_541\Debug\cyfitter_cfg.o
 .debug_loc     0x000002c6      0x144 .\CortexM3\ARM_GCC_541\Debug\Cm3Start.o
 .debug_loc     0x0000040a      0xa11 .\CortexM3\ARM_GCC_541\Debug\LASER.a(CyLib.o)
 .debug_loc     0x00000e1b      0x1e4 .\CortexM3\ARM_GCC_541\Debug\LASER.a(cyPm.o)
 .debug_loc     0x00000fff       0x42 .\CortexM3\ARM_GCC_541\Debug\LASER.a(p0_7.o)
 .debug_loc     0x00001041      0x3c6 .\CortexM3\ARM_GCC_541\Debug\LASER.a(LCD_Char_1.o)
 .debug_loc     0x00001407      0x295 .\CortexM3\ARM_GCC_541\Debug\LASER.a(ADC_SAR_1.o)
 .debug_loc     0x0000169c       0x42 .\CortexM3\ARM_GCC_541\Debug\LASER.a(p3_2.o)
 .debug_loc     0x000016de      0x12c .\CortexM3\ARM_GCC_541\Debug\LASER.a(ADC_SAR_1_theACLK.o)
 .debug_loc     0x0000180a       0x79 .\CortexM3\ARM_GCC_541\Debug\LASER.a(VDAC8_1.o)
 .debug_loc     0x00001883       0x42 .\CortexM3\ARM_GCC_541\Debug\LASER.a(p0_5.o)
 .debug_loc     0x000018c5       0x42 .\CortexM3\ARM_GCC_541\Debug\LASER.a(p0_6.o)
 .debug_loc     0x00001907      0x2f2 .\CortexM3\ARM_GCC_541\Debug\LASER.a(CyFlash.o)
 .debug_loc     0x00001bf9      0x64d .\CortexM3\ARM_GCC_541\Debug\LASER.a(CySpc.o)

.debug_macinfo
 *(.debug_macinfo)

.debug_ranges   0x00000000      0x708
 *(.debug_ranges)
 .debug_ranges  0x00000000       0x20 .\CortexM3\ARM_GCC_541\Debug\main.o
 .debug_ranges  0x00000020       0x48 .\CortexM3\ARM_GCC_541\Debug\cyfitter_cfg.o
 .debug_ranges  0x00000068       0x38 .\CortexM3\ARM_GCC_541\Debug\Cm3Start.o
 .debug_ranges  0x000000a0      0x290 .\CortexM3\ARM_GCC_541\Debug\LASER.a(CyLib.o)
 .debug_ranges  0x00000330       0x88 .\CortexM3\ARM_GCC_541\Debug\LASER.a(cyPm.o)
 .debug_ranges  0x000003b8       0x28 .\CortexM3\ARM_GCC_541\Debug\LASER.a(p0_7.o)
 .debug_ranges  0x000003e0       0x88 .\CortexM3\ARM_GCC_541\Debug\LASER.a(LCD_Char_1.o)
 .debug_ranges  0x00000468       0x98 .\CortexM3\ARM_GCC_541\Debug\LASER.a(ADC_SAR_1.o)
 .debug_ranges  0x00000500       0x10 .\CortexM3\ARM_GCC_541\Debug\LASER.a(ADC_SAR_1_INT.o)
 .debug_ranges  0x00000510       0x28 .\CortexM3\ARM_GCC_541\Debug\LASER.a(p3_2.o)
 .debug_ranges  0x00000538       0x60 .\CortexM3\ARM_GCC_541\Debug\LASER.a(ADC_SAR_1_theACLK.o)
 .debug_ranges  0x00000598       0x48 .\CortexM3\ARM_GCC_541\Debug\LASER.a(VDAC8_1.o)
 .debug_ranges  0x000005e0       0x28 .\CortexM3\ARM_GCC_541\Debug\LASER.a(p0_5.o)
 .debug_ranges  0x00000608       0x28 .\CortexM3\ARM_GCC_541\Debug\LASER.a(p0_6.o)
 .debug_ranges  0x00000630       0x70 .\CortexM3\ARM_GCC_541\Debug\LASER.a(CyFlash.o)
 .debug_ranges  0x000006a0       0x68 .\CortexM3\ARM_GCC_541\Debug\LASER.a(CySpc.o)

.comment        0x00000000       0x6e
 .comment       0x00000000       0x6e .\CortexM3\ARM_GCC_541\Debug\main.o
                                 0x6f (size before relaxing)
 .comment       0x0000006e       0x6f .\CortexM3\ARM_GCC_541\Debug\cyfitter_cfg.o
 .comment       0x0000006e       0x6f .\CortexM3\ARM_GCC_541\Debug\cymetadata.o
 .comment       0x0000006e       0x6f .\CortexM3\ARM_GCC_541\Debug\Cm3Start.o
 .comment       0x0000006e       0x6f .\CortexM3\ARM_GCC_541\Debug\LASER.a(CyLib.o)
 .comment       0x0000006e       0x6f .\CortexM3\ARM_GCC_541\Debug\LASER.a(cyPm.o)
 .comment       0x0000006e       0x6f .\CortexM3\ARM_GCC_541\Debug\LASER.a(p0_7.o)
 .comment       0x0000006e       0x6f .\CortexM3\ARM_GCC_541\Debug\LASER.a(LCD_Char_1.o)
 .comment       0x0000006e       0x6f .\CortexM3\ARM_GCC_541\Debug\LASER.a(ADC_SAR_1.o)
 .comment       0x0000006e       0x6f .\CortexM3\ARM_GCC_541\Debug\LASER.a(ADC_SAR_1_INT.o)
 .comment       0x0000006e       0x6f .\CortexM3\ARM_GCC_541\Debug\LASER.a(p3_2.o)
 .comment       0x0000006e       0x6f .\CortexM3\ARM_GCC_541\Debug\LASER.a(ADC_SAR_1_theACLK.o)
 .comment       0x0000006e       0x6f .\CortexM3\ARM_GCC_541\Debug\LASER.a(VDAC8_1.o)
 .comment       0x0000006e       0x6f .\CortexM3\ARM_GCC_541\Debug\LASER.a(p0_5.o)
 .comment       0x0000006e       0x6f .\CortexM3\ARM_GCC_541\Debug\LASER.a(p0_6.o)
 .comment       0x0000006e       0x6f .\CortexM3\ARM_GCC_541\Debug\LASER.a(CyFlash.o)
 .comment       0x0000006e       0x6f .\CortexM3\ARM_GCC_541\Debug\LASER.a(CySpc.o)

.debug_weaknames
 *(.debug_weaknames)

.debug_funcnames
 *(.debug_funcnames)

.debug_typenames
 *(.debug_typenames)

.debug_varnames
 *(.debug_varnames)

.note.gnu.arm.ident
 *(.note.gnu.arm.ident)

.ARM.attributes
                0x00000000       0x29
 *(.ARM.attributes)
 .ARM.attributes
                0x00000000       0x1d c:/program files (x86)/cypress/psoc creator/4.1/psoc creator/import/gnu/arm/5.4.1/bin/../lib/gcc/arm-none-eabi/5.4.1/armv7-m/crti.o
 .ARM.attributes
                0x0000001d       0x2d c:/program files (x86)/cypress/psoc creator/4.1/psoc creator/import/gnu/arm/5.4.1/bin/../lib/gcc/arm-none-eabi/5.4.1/armv7-m/crtbegin.o
 .ARM.attributes
                0x0000004a       0x1b c:/program files (x86)/cypress/psoc creator/4.1/psoc creator/import/gnu/arm/5.4.1/bin/../lib/gcc/arm-none-eabi/5.4.1/../../../../arm-none-eabi/lib/armv7-m/crt0.o
 .ARM.attributes
                0x00000065       0x33 .\CortexM3\ARM_GCC_541\Debug\main.o
 .ARM.attributes
                0x00000098       0x33 .\CortexM3\ARM_GCC_541\Debug\cyfitter_cfg.o
 .ARM.attributes
                0x000000cb       0x33 .\CortexM3\ARM_GCC_541\Debug\cymetadata.o
 .ARM.attributes
                0x000000fe       0x33 .\CortexM3\ARM_GCC_541\Debug\Cm3Start.o
 .ARM.attributes
                0x00000131       0x33 .\CortexM3\ARM_GCC_541\Debug\LASER.a(CyLib.o)
 .ARM.attributes
                0x00000164       0x33 .\CortexM3\ARM_GCC_541\Debug\LASER.a(cyPm.o)
 .ARM.attributes
                0x00000197       0x33 .\CortexM3\ARM_GCC_541\Debug\LASER.a(p0_7.o)
 .ARM.attributes
                0x000001ca       0x33 .\CortexM3\ARM_GCC_541\Debug\LASER.a(LCD_Char_1.o)
 .ARM.attributes
                0x000001fd       0x33 .\CortexM3\ARM_GCC_541\Debug\LASER.a(ADC_SAR_1.o)
 .ARM.attributes
                0x00000230       0x33 .\CortexM3\ARM_GCC_541\Debug\LASER.a(ADC_SAR_1_INT.o)
 .ARM.attributes
                0x00000263       0x33 .\CortexM3\ARM_GCC_541\Debug\LASER.a(p3_2.o)
 .ARM.attributes
                0x00000296       0x33 .\CortexM3\ARM_GCC_541\Debug\LASER.a(ADC_SAR_1_theACLK.o)
 .ARM.attributes
                0x000002c9       0x33 .\CortexM3\ARM_GCC_541\Debug\LASER.a(VDAC8_1.o)
 .ARM.attributes
                0x000002fc       0x33 .\CortexM3\ARM_GCC_541\Debug\LASER.a(p0_5.o)
 .ARM.attributes
                0x0000032f       0x33 .\CortexM3\ARM_GCC_541\Debug\LASER.a(p0_6.o)
 .ARM.attributes
                0x00000362       0x21 .\CortexM3\ARM_GCC_541\Debug\LASER.a(CyBootAsmGnu.o)
 .ARM.attributes
                0x00000383       0x33 .\CortexM3\ARM_GCC_541\Debug\LASER.a(CyFlash.o)
 .ARM.attributes
                0x000003b6       0x33 .\CortexM3\ARM_GCC_541\Debug\LASER.a(CySpc.o)
 .ARM.attributes
                0x000003e9       0x1d c:/program files (x86)/cypress/psoc creator/4.1/psoc creator/import/gnu/arm/5.4.1/bin/../lib/gcc/arm-none-eabi/5.4.1/armv7-m\libgcc.a(_arm_addsubsf3.o)
 .ARM.attributes
                0x00000406       0x1d c:/program files (x86)/cypress/psoc creator/4.1/psoc creator/import/gnu/arm/5.4.1/bin/../lib/gcc/arm-none-eabi/5.4.1/armv7-m\libgcc.a(_arm_muldivsf3.o)
 .ARM.attributes
                0x00000423       0x1d c:/program files (x86)/cypress/psoc creator/4.1/psoc creator/import/gnu/arm/5.4.1/bin/../lib/gcc/arm-none-eabi/5.4.1/armv7-m\libgcc.a(_aeabi_ldivmod.o)
 .ARM.attributes
                0x00000440       0x2d c:/program files (x86)/cypress/psoc creator/4.1/psoc creator/import/gnu/arm/5.4.1/bin/../lib/gcc/arm-none-eabi/5.4.1/armv7-m\libgcc.a(_udivmoddi4.o)
 .ARM.attributes
                0x0000046d       0x1d c:/program files (x86)/cypress/psoc creator/4.1/psoc creator/import/gnu/arm/5.4.1/bin/../lib/gcc/arm-none-eabi/5.4.1/armv7-m\libgcc.a(_dvmd_tls.o)
 .ARM.attributes
                0x0000048a       0x2d c:/program files (x86)/cypress/psoc creator/4.1/psoc creator/import/gnu/arm/5.4.1/bin/../lib/gcc/arm-none-eabi/5.4.1/../../../../arm-none-eabi/lib/armv7-m\libg_nano.a(lib_a-errno.o)
 .ARM.attributes
                0x000004b7       0x2d c:/program files (x86)/cypress/psoc creator/4.1/psoc creator/import/gnu/arm/5.4.1/bin/../lib/gcc/arm-none-eabi/5.4.1/../../../../arm-none-eabi/lib/armv7-m\libg_nano.a(lib_a-exit.o)
 .ARM.attributes
                0x000004e4       0x2d c:/program files (x86)/cypress/psoc creator/4.1/psoc creator/import/gnu/arm/5.4.1/bin/../lib/gcc/arm-none-eabi/5.4.1/../../../../arm-none-eabi/lib/armv7-m\libg_nano.a(lib_a-impure.o)
 .ARM.attributes
                0x00000511       0x2d c:/program files (x86)/cypress/psoc creator/4.1/psoc creator/import/gnu/arm/5.4.1/bin/../lib/gcc/arm-none-eabi/5.4.1/../../../../arm-none-eabi/lib/armv7-m\libg_nano.a(lib_a-init.o)
 .ARM.attributes
                0x0000053e       0x2d c:/program files (x86)/cypress/psoc creator/4.1/psoc creator/import/gnu/arm/5.4.1/bin/../lib/gcc/arm-none-eabi/5.4.1/../../../../arm-none-eabi/lib/armv7-m\libg_nano.a(lib_a-memcpy-stub.o)
 .ARM.attributes
                0x0000056b       0x2d c:/program files (x86)/cypress/psoc creator/4.1/psoc creator/import/gnu/arm/5.4.1/bin/../lib/gcc/arm-none-eabi/5.4.1/../../../../arm-none-eabi/lib/armv7-m\libg_nano.a(lib_a-memset.o)
 .ARM.attributes
                0x00000598       0x2d c:/program files (x86)/cypress/psoc creator/4.1/psoc creator/import/gnu/arm/5.4.1/bin/../lib/gcc/arm-none-eabi/5.4.1/armv7-m/crtend.o
 .ARM.attributes
                0x000005c5       0x1d c:/program files (x86)/cypress/psoc creator/4.1/psoc creator/import/gnu/arm/5.4.1/bin/../lib/gcc/arm-none-eabi/5.4.1/armv7-m/crtn.o

/DISCARD/
 *(.note.GNU-stack)
OUTPUT(C:\Users\monis\Documents\Academics\SA\Lab 3\LASER\LASER.cydsn\CortexM3\ARM_GCC_541\Debug\LASER.elf elf32-littlearm)
